Archive member included to satisfy reference by file (symbol)

app/libapp.a(main.c.obj)      (--whole-archive)
zephyr/libzephyr.a(heap.c.obj)
                              (--whole-archive)
zephyr/libzephyr.a(cbprintf_packaged.c.obj)
                              (--whole-archive)
zephyr/libzephyr.a(printk.c.obj)
                              (--whole-archive)
zephyr/libzephyr.a(sem.c.obj)
                              (--whole-archive)
zephyr/libzephyr.a(thread_entry.c.obj)
                              (--whole-archive)
zephyr/libzephyr.a(cbprintf_complete.c.obj)
                              (--whole-archive)
zephyr/libzephyr.a(assert.c.obj)
                              (--whole-archive)
zephyr/libzephyr.a(dec.c.obj)
                              (--whole-archive)
zephyr/libzephyr.a(hex.c.obj)
                              (--whole-archive)
zephyr/libzephyr.a(rb.c.obj)  (--whole-archive)
zephyr/libzephyr.a(timeutil.c.obj)
                              (--whole-archive)
zephyr/libzephyr.a(bitarray.c.obj)
                              (--whole-archive)
zephyr/libzephyr.a(configs.c.obj)
                              (--whole-archive)
zephyr/libzephyr.a(soc.c.obj)
                              (--whole-archive)
zephyr/libzephyr.a(device_power.c.obj)
                              (--whole-archive)
zephyr/libzephyr.a(power.c.obj)
                              (--whole-archive)
zephyr/libzephyr.a(pm.c.obj)  (--whole-archive)
zephyr/libzephyr.a(policy.c.obj)
                              (--whole-archive)
zephyr/libzephyr.a(state.c.obj)
                              (--whole-archive)
zephyr/libzephyr.a(tracing_none.c.obj)
                              (--whole-archive)
zephyr/arch/common/libarch__common.a(sw_isr_common.c.obj)
                              (--whole-archive)
zephyr/arch/arch/arm/core/libarch__arm__core.a(fatal.c.obj)
                              (--whole-archive)
zephyr/arch/arch/arm/core/libarch__arm__core.a(nmi.c.obj)
                              (--whole-archive)
zephyr/arch/arch/arm/core/libarch__arm__core.a(nmi_on_reset.S.obj)
                              (--whole-archive)
zephyr/arch/arch/arm/core/libarch__arm__core.a(tls.c.obj)
                              (--whole-archive)
zephyr/arch/arch/arm/core/cortex_m/libarch__arm__core__cortex_m.a(exc_exit.c.obj)
                              (--whole-archive)
zephyr/arch/arch/arm/core/cortex_m/libarch__arm__core__cortex_m.a(fault.c.obj)
                              (--whole-archive)
zephyr/arch/arch/arm/core/cortex_m/libarch__arm__core__cortex_m.a(fault_s.S.obj)
                              (--whole-archive)
zephyr/arch/arch/arm/core/cortex_m/libarch__arm__core__cortex_m.a(fpu.c.obj)
                              (--whole-archive)
zephyr/arch/arch/arm/core/cortex_m/libarch__arm__core__cortex_m.a(reset.S.obj)
                              (--whole-archive)
zephyr/arch/arch/arm/core/cortex_m/libarch__arm__core__cortex_m.a(scb.c.obj)
                              (--whole-archive)
zephyr/arch/arch/arm/core/cortex_m/libarch__arm__core__cortex_m.a(thread_abort.c.obj)
                              (--whole-archive)
zephyr/arch/arch/arm/core/cortex_m/libarch__arm__core__cortex_m.a(vector_table.S.obj)
                              (--whole-archive)
zephyr/arch/arch/arm/core/cortex_m/libarch__arm__core__cortex_m.a(swap.c.obj)
                              (--whole-archive)
zephyr/arch/arch/arm/core/cortex_m/libarch__arm__core__cortex_m.a(swap_helper.S.obj)
                              (--whole-archive)
zephyr/arch/arch/arm/core/cortex_m/libarch__arm__core__cortex_m.a(irq_manage.c.obj)
                              (--whole-archive)
zephyr/arch/arch/arm/core/cortex_m/libarch__arm__core__cortex_m.a(prep_c.c.obj)
                              (--whole-archive)
zephyr/arch/arch/arm/core/cortex_m/libarch__arm__core__cortex_m.a(thread.c.obj)
                              (--whole-archive)
zephyr/arch/arch/arm/core/cortex_m/libarch__arm__core__cortex_m.a(cpu_idle.c.obj)
                              (--whole-archive)
zephyr/arch/arch/arm/core/cortex_m/libarch__arm__core__cortex_m.a(irq_init.c.obj)
                              (--whole-archive)
zephyr/arch/arch/arm/core/cortex_m/libarch__arm__core__cortex_m.a(isr_wrapper.c.obj)
                              (--whole-archive)
zephyr/arch/arch/arm/core/cortex_m/libarch__arm__core__cortex_m.a(__aeabi_read_tp.S.obj)
                              (--whole-archive)
zephyr/lib/libc/picolibc/liblib__libc__picolibc.a(libc-hooks.c.obj)
                              (--whole-archive)
zephyr/lib/libc/common/liblib__libc__common.a(abort.c.obj)
                              (--whole-archive)
zephyr/lib/libc/common/liblib__libc__common.a(malloc.c.obj)
                              (--whole-archive)
zephyr/drivers/clock_control/libdrivers__clock_control.a(clock_control_mchp_xec.c.obj)
                              (--whole-archive)
zephyr/drivers/console/libdrivers__console.a(uart_console.c.obj)
[...]
Memory Configuration

Name             Origin             Length             Attributes
FLASH            0x00000000000e0000 0x0000000000038000 xr
RAM              0x0000000000118000 0x0000000000008000 xw
IDT_LIST         0x00000000ffff7fff 0x0000000000008000 xw
*default*        0x0000000000000000 0xffffffffffffffff

Linker script and memory map

                0x00000000000e2358                vfprintf = __l_vfprintf
                0x0000000000000000                vfscanf = __l_vfscanf
LOAD zephyr/CMakeFiles/zephyr_pre0.dir/misc/empty_file.c.obj
LOAD zephyr/CMakeFiles/offsets.dir/./arch/arm/core/offsets/offsets.c.obj
LOAD app/libapp.a
LOAD zephyr/libzephyr.a
LOAD zephyr/arch/common/libarch__common.a
LOAD zephyr/arch/arch/arm/core/libarch__arm__core.a
LOAD zephyr/arch/arch/arm/core/cortex_m/libarch__arm__core__cortex_m.a
LOAD zephyr/lib/libc/picolibc/liblib__libc__picolibc.a
LOAD zephyr/lib/libc/common/liblib__libc__common.a
LOAD zephyr/drivers/clock_control/libdrivers__clock_control.a
LOAD zephyr/drivers/console/libdrivers__console.a
LOAD zephyr/drivers/gpio/libdrivers__gpio.a
LOAD zephyr/drivers/pinctrl/libdrivers__pinctrl.a
LOAD zephyr/drivers/serial/libdrivers__serial.a
LOAD zephyr/drivers/timer/libdrivers__timer.a
LOAD zephyr/kernel/libkernel.a
LOAD /home/leena/zephyr-sdk-0.16.8/arm-zephyr-eabi/bin/../lib/gcc/arm-zephyr-eabi/12.2.0/thumb/v7e-m/nofp/libgcc.a
LOAD zephyr/arch/common/libisr_tables.a
LOAD /home/leena/zephyr-sdk-0.16.8/arm-zephyr-eabi/bin/../lib/gcc/../../picolibc/arm-zephyr-eabi/lib/thumb/v7e-m/nofp/libc.a
LOAD /home/leena/zephyr-sdk-0.16.8/arm-zephyr-eabi/bin/../lib/gcc/arm-zephyr-eabi/12.2.0/thumb/v7e-m/nofp/libgcc.a
                0x0000000000000004                _region_min_align = 0x4

.rel.plt        0x00000000000e0000        0x0
 *(SORT_BY_ALIGNMENT(.rel.plt))
                [!provide]                        PROVIDE (__rel_iplt_start = .)
 *(SORT_BY_ALIGNMENT(.rel.iplt))
 .rel.iplt      0x00000000000e0000        0x0 app/libapp.a(main.c.obj)
                [!provide]                        PROVIDE (__rel_iplt_end = .)

.rela.plt       0x0000000000000000        0x0
 *(SORT_BY_ALIGNMENT(.rela.plt))
                [!provide]                        PROVIDE (__rela_iplt_start = .)
 *(SORT_BY_ALIGNMENT(.rela.iplt))
                [!provide]                        PROVIDE (__rela_iplt_end = .)

.rel.dyn
 *(SORT_BY_ALIGNMENT(.rel.*))

.rela.dyn
 *(SORT_BY_ALIGNMENT(.rela.*))

/DISCARD/
 *(SORT_BY_ALIGNMENT(.plt))

/DISCARD/
 *(SORT_BY_ALIGNMENT(.iplt))
                0x00000000000e0000                __rom_region_start = 0xe0000

rom_start       0x00000000000e0000      0x2f8
                0x00000000000e0000                __rom_start_address = .
 FILL mask 0x00
                0x00000000000e0000                . = (. + (0x0 - (. - __rom_start_address)))
                0x00000000000e0000                . = ALIGN (0x4)
                0x00000000000e0000                . = ALIGN (0x80)
                0x00000000000e0000                . = ALIGN (0x400)
                0x00000000000e0000                _vector_start = .
 *(SORT_BY_ALIGNMENT(.exc_vector_table))
 *(SORT_BY_ALIGNMENT(.exc_vector_table.*))
 .exc_vector_table._vector_table_section
                0x00000000000e0000       0x40 zephyr/arch/arch/arm/core/cortex_m/libarch__arm__core__cortex_m.a(vector_table.S.obj)
                0x00000000000e0000                _vector_table
 *(SORT_BY_ALIGNMENT(.vectors))
                0x00000000000e02f8                _vector_end = .
                0x00000000000e0040                . = ALIGN (0x4)
 *(SORT_BY_ALIGNMENT(.gnu.linkonce.irq_vector_table*))
 .gnu.linkonce.irq_vector_table
                0x00000000000e0040      0x2b8 zephyr/arch/common/libisr_tables.a(isr_tables.c.obj)
                0x00000000000e0040                _irq_vector_table
                0x00000000000e02f8                _vector_end = .

text            0x00000000000e02f8     0x2c44
                0x00000000000e02f8                __text_region_start = .
 *(SORT_BY_ALIGNMENT(.text))
 .text          0x00000000000e02f8       0x30 /home/leena/zephyr-sdk-0.16.8/arm-zephyr-eabi/bin/../lib/gcc/arm-zephyr-eabi/12.2.0/thumb/v7e-m/nofp/libgcc.a(_aeabi_uldivmod.o)
                0x00000000000e02f8                __aeabi_uldivmod
 .text          0x00000000000e0328        0x4 /home/leena/zephyr-sdk-0.16.8/arm-zephyr-eabi/bin/../lib/gcc/arm-zephyr-eabi/12.2.0/thumb/v7e-m/nofp/libgcc.a(_dvmd_tls.o)
                0x00000000000e0328                __aeabi_ldiv0
                0x00000000000e0328                __aeabi_idiv0
 .text          0x00000000000e032c      0x2a0 /home/leena/zephyr-sdk-0.16.8/arm-zephyr-eabi/bin/../lib/gcc/arm-zephyr-eabi/12.2.0/thumb/v7e-m/nofp/libgcc.a(_udivmoddi4.o)
                0x00000000000e032c                __udivmoddi4
 *(SORT_BY_ALIGNMENT(.text.*))
 .text.main     0x00000000000e05cc       0x28 app/libapp.a(main.c.obj)
                0x00000000000e05cc                main
 .text.char_out
                0x00000000000e05f4        0xc zephyr/libzephyr.a(printk.c.obj)
 .text.__printk_hook_install
                0x00000000000e0600        0xc zephyr/libzephyr.a(printk.c.obj)
                0x00000000000e0600                __printk_hook_install
 .text.vprintk  0x00000000000e060c       0x30 zephyr/libzephyr.a(printk.c.obj)
                0x00000000000e060c                vprintk
 .text.z_thread_entry
                0x00000000000e063c       0x34 zephyr/libzephyr.a(thread_entry.c.obj)
                0x00000000000e063c                z_thread_entry
 .text.soc_init
                0x00000000000e0670       0x88 zephyr/libzephyr.a(soc.c.obj)
 .text.soc_lite_sleep_enable
                0x00000000000e06f8       0x1c zephyr/libzephyr.a(device_power.c.obj)
                0x00000000000e06f8                soc_lite_sleep_enable
 .text.soc_deep_sleep_enable
                0x00000000000e0714       0x18 zephyr/libzephyr.a(device_power.c.obj)
                0x00000000000e0714                soc_deep_sleep_enable
 .text.soc_deep_sleep_disable
                0x00000000000e072c       0x1c zephyr/libzephyr.a(device_power.c.obj)
                0x00000000000e072c                soc_deep_sleep_disable
 .text.soc_deep_sleep_periph_save
                0x00000000000e0748       0x90 zephyr/libzephyr.a(device_power.c.obj)
                0x00000000000e0748                soc_deep_sleep_periph_save
 .text.soc_deep_sleep_periph_restore
                0x00000000000e07d8       0x60 zephyr/libzephyr.a(device_power.c.obj)
                0x00000000000e07d8                soc_deep_sleep_periph_restore
 .text.pm_state_set
                0x00000000000e0838       0x70 zephyr/libzephyr.a(power.c.obj)
                0x00000000000e0838                pm_state_set
 .text.pm_state_notify
                0x00000000000e08a8       0x58 zephyr/libzephyr.a(pm.c.obj)
 .text.pm_system_resume
                0x00000000000e0900       0x64 zephyr/libzephyr.a(pm.c.obj)
                0x00000000000e0900                pm_system_resume
 .text.pm_system_suspend
                0x00000000000e0964      0x104 zephyr/libzephyr.a(pm.c.obj)
                0x00000000000e0964                pm_system_suspend
 .text.pm_policy_next_event_ticks
                0x00000000000e0a68       0x24 zephyr/libzephyr.a(policy.c.obj)
                0x00000000000e0a68                pm_policy_next_event_ticks
 .text.pm_policy_state_lock_is_active
                0x00000000000e0a8c       0x58 zephyr/libzephyr.a(policy.c.obj)
                0x00000000000e0a8c                pm_policy_state_lock_is_active
 .text.pm_policy_next_state
                0x00000000000e0ae4       0xf4 zephyr/libzephyr.a(policy.c.obj)
                0x00000000000e0ae4                pm_policy_next_state
 .text.pm_state_cpu_get_all
                0x00000000000e0bd8       0x20 zephyr/libzephyr.a(state.c.obj)
                0x00000000000e0bd8                pm_state_cpu_get_all
 .text.z_SysNmiOnReset
                0x00000000000e0bf8        0x8 zephyr/arch/arch/arm/core/libarch__arm__core.a(nmi_on_reset.S.obj)
                0x00000000000e0bf8                z_SysNmiOnReset
 .text.arch_tls_stack_setup
                0x00000000000e0c00       0x40 zephyr/arch/arch/arm/core/libarch__arm__core.a(tls.c.obj)
                0x00000000000e0c00                arch_tls_stack_setup
 .text._HandlerModeExit
                0x00000000000e0c40       0x28 zephyr/arch/arch/arm/core/cortex_m/libarch__arm__core__cortex_m.a(exc_exit.c.obj)
                0x00000000000e0c40                z_arm_exc_exit
                0x00000000000e0c40                z_arm_int_exit
 .text.usage_fault.constprop.0
                0x00000000000e0c68       0x54 zephyr/arch/arch/arm/core/cortex_m/libarch__arm__core__cortex_m.a(fault.c.obj)
 .text.bus_fault.constprop.0
                0x00000000000e0cbc       0x60 zephyr/arch/arch/arm/core/cortex_m/libarch__arm__core__cortex_m.a(fault.c.obj)
 .text.mem_manage_fault.constprop.0
                0x00000000000e0d1c       0x5c zephyr/arch/arch/arm/core/cortex_m/libarch__arm__core__cortex_m.a(fault.c.obj)
 .text.z_arm_fault
                0x00000000000e0d78      0x124 zephyr/arch/arch/arm/core/cortex_m/libarch__arm__core__cortex_m.a(fault.c.obj)
                0x00000000000e0d78                z_arm_fault
 .text.z_arm_fault_init
                0x00000000000e0e9c       0x18 zephyr/arch/arch/arm/core/cortex_m/libarch__arm__core__cortex_m.a(fault.c.obj)
                0x00000000000e0e9c                z_arm_fault_init
 .text.__fault  0x00000000000e0eb4       0x14 zephyr/arch/arch/arm/core/cortex_m/libarch__arm__core__cortex_m.a(fault_s.S.obj)
                0x00000000000e0eb4                z_arm_bus_fault
                0x00000000000e0eb4                z_arm_usage_fault
                0x00000000000e0eb4                z_arm_mpu_fault
                0x00000000000e0eb4                z_arm_exc_spurious
                0x00000000000e0eb4                z_arm_debug_monitor
                0x00000000000e0eb4                z_arm_hard_fault
 .text._reset_section
                0x00000000000e0ec8       0x2c zephyr/arch/arch/arm/core/cortex_m/libarch__arm__core__cortex_m.a(reset.S.obj)
                0x00000000000e0ec8                z_arm_reset
                0x00000000000e0ec8                __start
 .text.z_impl_k_thread_abort
                0x00000000000e0ef4       0x2c zephyr/arch/arch/arm/core/cortex_m/libarch__arm__core__cortex_m.a(thread_abort.c.obj)
                0x00000000000e0ef4                z_impl_k_thread_abort
 .text.arch_swap
                0x00000000000e0f20       0x30 zephyr/arch/arch/arm/core/cortex_m/libarch__arm__core__cortex_m.a(swap.c.obj)
                0x00000000000e0f20                arch_swap
 .text.z_arm_pendsv_c
                0x00000000000e0f50       0x40 zephyr/arch/arch/arm/core/cortex_m/libarch__arm__core__cortex_m.a(swap.c.obj)
                0x00000000000e0f50                z_arm_pendsv_c
 .text.z_arm_pendsv
                0x00000000000e0f90       0x34 zephyr/arch/arch/arm/core/cortex_m/libarch__arm__core__cortex_m.a(swap_helper.S.obj)
                0x00000000000e0f90                z_arm_pendsv
 .text.z_arm_svc
                0x00000000000e0fc4       0x20 zephyr/arch/arch/arm/core/cortex_m/libarch__arm__core__cortex_m.a(swap_helper.S.obj)
                0x00000000000e0fc4                z_arm_svc
 .text.arch_irq_enable
                0x00000000000e0fe4       0x1c zephyr/arch/arch/arm/core/cortex_m/libarch__arm__core__cortex_m.a(irq_manage.c.obj)
                0x00000000000e0fe4                arch_irq_enable
 .text.z_arm_irq_priority_set
                0x00000000000e1000       0x30 zephyr/arch/arch/arm/core/cortex_m/libarch__arm__core__cortex_m.a(irq_manage.c.obj)
                0x00000000000e1000                z_arm_irq_priority_set
 .text.z_prep_c
                0x00000000000e1030       0x2c zephyr/arch/arch/arm/core/cortex_m/libarch__arm__core__cortex_m.a(prep_c.c.obj)
                0x00000000000e1030                z_prep_c
 .text.arch_new_thread
                0x00000000000e105c       0x38 zephyr/arch/arch/arm/core/cortex_m/libarch__arm__core__cortex_m.a(thread.c.obj)
                0x00000000000e105c                arch_new_thread
 .text.arch_switch_to_main_thread
                0x00000000000e1094       0x40 zephyr/arch/arch/arm/core/cortex_m/libarch__arm__core__cortex_m.a(thread.c.obj)
                0x00000000000e1094                arch_switch_to_main_thread
 .text.z_arm_cpu_idle_init
                0x00000000000e10d4        0xc zephyr/arch/arch/arm/core/cortex_m/libarch__arm__core__cortex_m.a(cpu_idle.c.obj)
                0x00000000000e10d4                z_arm_cpu_idle_init
 .text.z_arm_interrupt_init
                0x00000000000e10e0       0x18 zephyr/arch/arch/arm/core/cortex_m/libarch__arm__core__cortex_m.a(irq_init.c.obj)
                0x00000000000e10e0                z_arm_interrupt_init
 .text._isr_wrapper
                0x00000000000e10f8       0x38 zephyr/arch/arch/arm/core/cortex_m/libarch__arm__core__cortex_m.a(isr_wrapper.c.obj)
                0x00000000000e10f8                _isr_wrapper
 .text.z_impl_zephyr_fputc
                0x00000000000e1130       0x10 zephyr/lib/libc/picolibc/liblib__libc__picolibc.a(libc-hooks.c.obj)
                0x00000000000e1130                z_impl_zephyr_fputc
 .text.__stdout_hook_install
                0x00000000000e1140       0x18 zephyr/lib/libc/picolibc/liblib__libc__picolibc.a(libc-hooks.c.obj)
                0x00000000000e1140                __stdout_hook_install
 .text.malloc_prepare
                0x00000000000e1158       0x20 zephyr/lib/libc/common/liblib__libc__common.a(malloc.c.obj)
 .text.xec_clock_control_core_clock_divider_set
                0x00000000000e1178       0x24 zephyr/drivers/clock_control/libdrivers__clock_control.a(clock_control_mchp_xec.c.obj)
 .text.xec_clock_control_get_subsys_rate
                0x00000000000e119c       0x40 zephyr/drivers/clock_control/libdrivers__clock_control.a(clock_control_mchp_xec.c.obj)
 .text.xec_cc_on.constprop.0
                0x00000000000e11dc       0x7c zephyr/drivers/clock_control/libdrivers__clock_control.a(clock_control_mchp_xec.c.obj)
 .text.xec_clock_control_init
                0x00000000000e1258       0xe4 zephyr/drivers/clock_control/libdrivers__clock_control.a(clock_control_mchp_xec.c.obj)
 .text.uart_console_init
                0x00000000000e133c       0x28 zephyr/drivers/console/libdrivers__console.a(uart_console.c.obj)
 .text.console_out
                0x00000000000e1364       0x28 zephyr/drivers/console/libdrivers__console.a(uart_console.c.obj)
 .text.gpio_xec_configure
                0x00000000000e138c       0xc8 zephyr/drivers/gpio/libdrivers__gpio.a(gpio_mchp_xec.c.obj)
 .text.gpio_xec_pin_interrupt_configure
                0x00000000000e1454       0xd4 zephyr/drivers/gpio/libdrivers__gpio.a(gpio_mchp_xec.c.obj)
 .text.gpio_xec_port_set_masked_raw
                0x00000000000e1528       0x20 zephyr/drivers/gpio/libdrivers__gpio.a(gpio_mchp_xec.c.obj)
 .text.gpio_xec_port_set_bits_raw
                0x00000000000e1548       0x18 zephyr/drivers/gpio/libdrivers__gpio.a(gpio_mchp_xec.c.obj)
 .text.gpio_xec_port_clear_bits_raw
                0x00000000000e1560       0x1c zephyr/drivers/gpio/libdrivers__gpio.a(gpio_mchp_xec.c.obj)
 .text.gpio_xec_port_toggle_bits
                0x00000000000e157c       0x18 zephyr/drivers/gpio/libdrivers__gpio.a(gpio_mchp_xec.c.obj)
 .text.gpio_xec_port_get_raw
                0x00000000000e1594       0x14 zephyr/drivers/gpio/libdrivers__gpio.a(gpio_mchp_xec.c.obj)
 .text.gpio_xec_port000_036_init
                0x00000000000e15a8       0x28 zephyr/drivers/gpio/libdrivers__gpio.a(gpio_mchp_xec.c.obj)
 .text.gpio_xec_port040_076_init
                0x00000000000e15d0       0x28 zephyr/drivers/gpio/libdrivers__gpio.a(gpio_mchp_xec.c.obj)
 .text.gpio_xec_port100_136_init
                0x00000000000e15f8       0x2c zephyr/drivers/gpio/libdrivers__gpio.a(gpio_mchp_xec.c.obj)
 .text.gpio_xec_port140_176_init
                0x00000000000e1624       0x28 zephyr/drivers/gpio/libdrivers__gpio.a(gpio_mchp_xec.c.obj)
 .text.gpio_xec_port200_236_init
                0x00000000000e164c       0x28 zephyr/drivers/gpio/libdrivers__gpio.a(gpio_mchp_xec.c.obj)
 .text.gpio_xec_port240_276_init
                0x00000000000e1674       0x28 zephyr/drivers/gpio/libdrivers__gpio.a(gpio_mchp_xec.c.obj)
 .text.gpio_gpio_xec_port_isr
                0x00000000000e169c       0x40 zephyr/drivers/gpio/libdrivers__gpio.a(gpio_mchp_xec.c.obj)
 .text.uart_xec_init
                0x00000000000e16dc       0x60 zephyr/drivers/serial/libdrivers__serial.a(uart_mchp_xec.c.obj)
 .text.timer_restart
                0x00000000000e173c       0x18 zephyr/drivers/timer/libdrivers__timer.a(mchp_xec_rtos_timer.c.obj)
 .text.xec_rtos_timer_isr
                0x00000000000e1754       0x60 zephyr/drivers/timer/libdrivers__timer.a(mchp_xec_rtos_timer.c.obj)
 .text.timer_count
                0x00000000000e17b4       0x1c zephyr/drivers/timer/libdrivers__timer.a(mchp_xec_rtos_timer.c.obj)
 .text.sys_clock_driver_init
                0x00000000000e17d0       0x94 zephyr/drivers/timer/libdrivers__timer.a(mchp_xec_rtos_timer.c.obj)
 .text.sys_clock_set_timeout
                0x00000000000e1864       0x94 zephyr/drivers/timer/libdrivers__timer.a(mchp_xec_rtos_timer.c.obj)
                0x00000000000e1864                sys_clock_set_timeout
 .text.sys_clock_elapsed
                0x00000000000e18f8       0x44 zephyr/drivers/timer/libdrivers__timer.a(mchp_xec_rtos_timer.c.obj)
                0x00000000000e18f8                sys_clock_elapsed
 .text.sys_clock_cycle_get_32
                0x00000000000e193c       0x38 zephyr/drivers/timer/libdrivers__timer.a(mchp_xec_rtos_timer.c.obj)
                0x00000000000e193c                sys_clock_cycle_get_32
 .text.sys_clock_idle_exit
                0x00000000000e1974       0x18 zephyr/drivers/timer/libdrivers__timer.a(mchp_xec_rtos_timer.c.obj)
                0x00000000000e1974                sys_clock_idle_exit
 .text.z_fatal_error
                0x00000000000e198c       0x30 zephyr/kernel/libkernel.a(fatal.c.obj)
                0x00000000000e198c                z_fatal_error
 .text.z_sys_init_run_level
                0x00000000000e19bc       0x2c zephyr/kernel/libkernel.a(init.c.obj)
 .text.bg_thread_main
                0x00000000000e19e8       0xc4 zephyr/kernel/libkernel.a(init.c.obj)
 .text.z_bss_zero
                0x00000000000e1aac       0x18 zephyr/kernel/libkernel.a(init.c.obj)
                0x00000000000e1aac                z_bss_zero
 .text.z_init_cpu
                0x00000000000e1ac4       0x84 zephyr/kernel/libkernel.a(init.c.obj)
                0x00000000000e1ac4                z_init_cpu
 .text.z_cstart
                0x00000000000e1b48       0xd0 zephyr/kernel/libkernel.a(init.c.obj)
                0x00000000000e1b48                z_cstart
 .text.idle     0x00000000000e1c18       0x38 zephyr/kernel/libkernel.a(idle.c.obj)
                0x00000000000e1c18                idle
 .text.z_setup_new_thread
                0x00000000000e1c50       0x70 zephyr/kernel/libkernel.a(thread.c.obj)
                0x00000000000e1c50                z_setup_new_thread
 .text.update_cache
                0x00000000000e1cc0       0x3c zephyr/kernel/libkernel.a(sched.c.obj)
 .text.ready_thread
                0x00000000000e1cfc       0x68 zephyr/kernel/libkernel.a(sched.c.obj)
 .text.z_thread_halt
                0x00000000000e1d64       0xd8 zephyr/kernel/libkernel.a(sched.c.obj)
 .text.move_thread_to_end_of_prio_q
                0x00000000000e1e3c       0x74 zephyr/kernel/libkernel.a(sched.c.obj)
                0x00000000000e1e3c                move_thread_to_end_of_prio_q
 .text.z_reschedule
                0x00000000000e1eb0       0x24 zephyr/kernel/libkernel.a(sched.c.obj)
                0x00000000000e1eb0                z_reschedule
 .text.z_sched_start
                0x00000000000e1ed4       0x3c zephyr/kernel/libkernel.a(sched.c.obj)
                0x00000000000e1ed4                z_sched_start
 .text.z_reschedule_irqlock
                0x00000000000e1f10       0x28 zephyr/kernel/libkernel.a(sched.c.obj)
                0x00000000000e1f10                z_reschedule_irqlock
 .text.k_sched_lock
                0x00000000000e1f38       0x28 zephyr/kernel/libkernel.a(sched.c.obj)
                0x00000000000e1f38                k_sched_lock
 .text.k_sched_unlock
                0x00000000000e1f60       0x40 zephyr/kernel/libkernel.a(sched.c.obj)
                0x00000000000e1f60                k_sched_unlock
 .text.z_sched_init
                0x00000000000e1fa0       0x10 zephyr/kernel/libkernel.a(sched.c.obj)
                0x00000000000e1fa0                z_sched_init
 .text.z_impl_k_sched_current_thread_query
                0x00000000000e1fb0        0xc zephyr/kernel/libkernel.a(sched.c.obj)
                0x00000000000e1fb0                z_impl_k_sched_current_thread_query
 .text.slice_timeout
                0x00000000000e1fbc       0x20 zephyr/kernel/libkernel.a(timeslicing.c.obj)
 .text.thread_is_sliceable
                0x00000000000e1fdc       0x3c zephyr/kernel/libkernel.a(timeslicing.c.obj)
                0x00000000000e1fdc                thread_is_sliceable
 .text.z_reset_time_slice
                0x00000000000e2018       0x50 zephyr/kernel/libkernel.a(timeslicing.c.obj)
                0x00000000000e2018                z_reset_time_slice
 .text.z_time_slice
                0x00000000000e2068       0x60 zephyr/kernel/libkernel.a(timeslicing.c.obj)
                0x00000000000e2068                z_time_slice
 .text.z_data_copy
                0x00000000000e20c8       0x34 zephyr/kernel/libkernel.a(xip.c.obj)
                0x00000000000e20c8                z_data_copy
 .text.elapsed  0x00000000000e20fc       0x14 zephyr/kernel/libkernel.a(timeout.c.obj)
 .text.remove_timeout
                0x00000000000e2110       0x38 zephyr/kernel/libkernel.a(timeout.c.obj)
 .text.next_timeout
                0x00000000000e2148       0x40 zephyr/kernel/libkernel.a(timeout.c.obj)
 .text.z_add_timeout
                0x00000000000e2188       0xf4 zephyr/kernel/libkernel.a(timeout.c.obj)
                0x00000000000e2188                z_add_timeout
 .text.sys_clock_announce
                0x00000000000e227c       0xd0 zephyr/kernel/libkernel.a(timeout.c.obj)
                0x00000000000e227c                sys_clock_announce
 .text.boot_banner
                0x00000000000e234c        0xc zephyr/kernel/libkernel.a(banner.c.obj)
                0x00000000000e234c                boot_banner
 .text.__l_vfprintf
                0x00000000000e2358      0x4b8 /home/leena/zephyr-sdk-0.16.8/arm-zephyr-eabi/bin/../lib/gcc/../../picolibc/arm-zephyr-eabi/lib/thumb/v7e-m/nofp/libc.a(libc_tinystdio_vflprintf.c.o)
                0x00000000000e2358                __l_vfprintf
 .text._OffsetAbsSyms
                0x00000000000e2810        0x2 zephyr/CMakeFiles/offsets.dir/./arch/arm/core/offsets/offsets.c.obj
                0x00000000000e2810                _OffsetAbsSyms
 .text.gpio_pin_configure_dt
                0x00000000000e2812       0x2a app/libapp.a(main.c.obj)
 .text.chunk_size
                0x00000000000e283c        0xa zephyr/libzephyr.a(heap.c.obj)
 .text.free_list_add
                0x00000000000e2846       0x4e zephyr/libzephyr.a(heap.c.obj)
 .text.sys_heap_init
                0x00000000000e2894       0x7a zephyr/libzephyr.a(heap.c.obj)
                0x00000000000e2894                sys_heap_init
 .text.arch_printk_char_out
                0x00000000000e290e        0x4 zephyr/libzephyr.a(printk.c.obj)
                0x00000000000e290e                arch_printk_char_out
 .text.printk   0x00000000000e2912       0x1a zephyr/libzephyr.a(printk.c.obj)
                0x00000000000e2912                printk
 .text._ConfigAbsSyms
                0x00000000000e292c        0x2 zephyr/libzephyr.a(configs.c.obj)
                0x00000000000e292c                _ConfigAbsSyms
 .text.soc_deep_sleep_wait_clk_idle
                0x00000000000e292e        0x2 zephyr/libzephyr.a(device_power.c.obj)
                0x00000000000e292e                soc_deep_sleep_wait_clk_idle
 .text.soc_deep_sleep_non_wake_en
                0x00000000000e2930        0x2 zephyr/libzephyr.a(device_power.c.obj)
                0x00000000000e2930                soc_deep_sleep_non_wake_en
 .text.soc_deep_sleep_non_wake_dis
                0x00000000000e2932        0x2 zephyr/libzephyr.a(device_power.c.obj)
                0x00000000000e2932                soc_deep_sleep_non_wake_dis
 .text.pm_state_exit_post_ops
                0x00000000000e2934       0x1c zephyr/libzephyr.a(power.c.obj)
                0x00000000000e2934                pm_state_exit_post_ops
 .text.z_arm_fatal_error
                0x00000000000e2950        0xc zephyr/arch/arch/arm/core/libarch__arm__core.a(fatal.c.obj)
                0x00000000000e2950                z_arm_fatal_error
 .text.z_do_kernel_oops
                0x00000000000e295c        0x8 zephyr/arch/arch/arm/core/libarch__arm__core.a(fatal.c.obj)
                0x00000000000e295c                z_do_kernel_oops
 .text.z_arm_nmi
                0x00000000000e2964        0xe zephyr/arch/arch/arm/core/libarch__arm__core.a(nmi.c.obj)
                0x00000000000e2964                z_arm_nmi
 .text.z_irq_spurious
                0x00000000000e2972        0x8 zephyr/arch/arch/arm/core/cortex_m/libarch__arm__core__cortex_m.a(irq_manage.c.obj)
                0x00000000000e2972                z_irq_spurious
 .text.arch_irq_unlock_outlined
                0x00000000000e297a        0xe zephyr/arch/arch/arm/core/cortex_m/libarch__arm__core__cortex_m.a(thread.c.obj)
                0x00000000000e297a                arch_irq_unlock_outlined
 .text.arch_cpu_idle
                0x00000000000e2988       0x1a zephyr/arch/arch/arm/core/cortex_m/libarch__arm__core__cortex_m.a(cpu_idle.c.obj)
                0x00000000000e2988                arch_cpu_idle
 .text.picolibc_put
                0x00000000000e29a2        0xa zephyr/lib/libc/picolibc/liblib__libc__picolibc.a(libc-hooks.c.obj)
 .text.xec_clock_control_off
                0x00000000000e29ac        0x8 zephyr/drivers/clock_control/libdrivers__clock_control.a(clock_control_mchp_xec.c.obj)
 .text.xec_clock_control_on
                0x00000000000e29b4        0x8 zephyr/drivers/clock_control/libdrivers__clock_control.a(clock_control_mchp_xec.c.obj)
 .text.pinctrl_apply_state
                0x00000000000e29bc       0x1e zephyr/drivers/clock_control/libdrivers__clock_control.a(clock_control_mchp_xec.c.obj)
 .text.gpio_xec_manage_callback
                0x00000000000e29da       0x48 zephyr/drivers/gpio/libdrivers__gpio.a(gpio_mchp_xec.c.obj)
 .text.pinctrl_lookup_state
                0x00000000000e2a22       0x26 zephyr/drivers/pinctrl/libdrivers__pinctrl.a(common.c.obj)
                0x00000000000e2a22                pinctrl_lookup_state
 .text.pinctrl_configure_pins
                0x00000000000e2a48      0x11e zephyr/drivers/pinctrl/libdrivers__pinctrl.a(pinctrl_mchp_xec.c.obj)
                0x00000000000e2a48                pinctrl_configure_pins
 .text.uart_xec_configure
                0x00000000000e2b66       0xc6 zephyr/drivers/serial/libdrivers__serial.a(uart_mchp_xec.c.obj)
 .text.uart_xec_config_get
                0x00000000000e2c2c       0x1a zephyr/drivers/serial/libdrivers__serial.a(uart_mchp_xec.c.obj)
 .text.uart_xec_poll_in
                0x00000000000e2c46       0x2c zephyr/drivers/serial/libdrivers__serial.a(uart_mchp_xec.c.obj)
 .text.uart_xec_poll_out
                0x00000000000e2c72       0x24 zephyr/drivers/serial/libdrivers__serial.a(uart_mchp_xec.c.obj)
 .text.uart_xec_err_check
                0x00000000000e2c96       0x24 zephyr/drivers/serial/libdrivers__serial.a(uart_mchp_xec.c.obj)
 .text.z_device_state_init
                0x00000000000e2cba        0x2 zephyr/kernel/libkernel.a(device.c.obj)
                0x00000000000e2cba                z_device_state_init
 .text.z_impl_device_is_ready
                0x00000000000e2cbc       0x16 zephyr/kernel/libkernel.a(device.c.obj)
                0x00000000000e2cbc                z_impl_device_is_ready
 .text.arch_system_halt
                0x00000000000e2cd2       0x10 zephyr/kernel/libkernel.a(fatal.c.obj)
                0x00000000000e2cd2                arch_system_halt
 .text.k_sys_fatal_error_handler
                0x00000000000e2ce2        0x6 zephyr/kernel/libkernel.a(fatal.c.obj)
                0x00000000000e2ce2                k_sys_fatal_error_handler
 .text.do_device_init
                0x00000000000e2ce8       0x30 zephyr/kernel/libkernel.a(init.c.obj)
 .text.z_early_memset
                0x00000000000e2d18        0x4 zephyr/kernel/libkernel.a(init.c.obj)
                0x00000000000e2d18                z_early_memset
 .text.z_early_memcpy
                0x00000000000e2d1c        0x4 zephyr/kernel/libkernel.a(init.c.obj)
                0x00000000000e2d1c                z_early_memcpy
 .text.z_init_static
                0x00000000000e2d20        0x2 zephyr/kernel/libkernel.a(init_static.c.obj)
                0x00000000000e2d20                z_init_static
 .text.z_impl_k_thread_start
                0x00000000000e2d22        0x4 zephyr/kernel/libkernel.a(thread.c.obj)
                0x00000000000e2d22                z_impl_k_thread_start
 .text.sys_dlist_remove
                0x00000000000e2d26       0x10 zephyr/kernel/libkernel.a(sched.c.obj)
 .text.unpend_thread_no_timeout
                0x00000000000e2d36       0x14 zephyr/kernel/libkernel.a(sched.c.obj)
 .text.z_ready_thread
                0x00000000000e2d4a       0x1e zephyr/kernel/libkernel.a(sched.c.obj)
                0x00000000000e2d4a                z_ready_thread
 .text.z_sched_wake_thread
                0x00000000000e2d68       0x42 zephyr/kernel/libkernel.a(sched.c.obj)
                0x00000000000e2d68                z_sched_wake_thread
 .text.z_thread_timeout
                0x00000000000e2daa        0x8 zephyr/kernel/libkernel.a(sched.c.obj)
                0x00000000000e2daa                z_thread_timeout
 .text.z_thread_abort
                0x00000000000e2db2       0x44 zephyr/kernel/libkernel.a(sched.c.obj)
                0x00000000000e2db2                z_thread_abort
 .text.z_abort_timeout
                0x00000000000e2df6       0x2a zephyr/kernel/libkernel.a(timeout.c.obj)
                0x00000000000e2df6                z_abort_timeout
 .text.z_get_next_timeout_expiry
                0x00000000000e2e20       0x1e zephyr/kernel/libkernel.a(timeout.c.obj)
                0x00000000000e2e20                z_get_next_timeout_expiry
 .text.strnlen  0x00000000000e2e3e       0x18 /home/leena/zephyr-sdk-0.16.8/arm-zephyr-eabi/bin/../lib/gcc/../../picolibc/arm-zephyr-eabi/lib/thumb/v7e-m/nofp/libc.a(libc_string_strnlen.c.o)
                0x00000000000e2e3e                strnlen
 .text.__ultoa_invert
                0x00000000000e2e56       0xae /home/leena/zephyr-sdk-0.16.8/arm-zephyr-eabi/bin/../lib/gcc/../../picolibc/arm-zephyr-eabi/lib/thumb/v7e-m/nofp/libc.a(libc_tinystdio_vflprintf.c.o)
 .text.memcpy   0x00000000000e2f04       0x1c /home/leena/zephyr-sdk-0.16.8/arm-zephyr-eabi/bin/../lib/gcc/../../picolibc/arm-zephyr-eabi/lib/thumb/v7e-m/nofp/libc.a(memcpy.c.o)
                0x00000000000e2f04                memcpy
                0x00000000000e2f04                __aeabi_memcpy
                0x00000000000e2f04                __aeabi_memcpy4
                0x00000000000e2f04                __aeabi_memcpy8
 .text.memset   0x00000000000e2f20       0x10 /home/leena/zephyr-sdk-0.16.8/arm-zephyr-eabi/bin/../lib/gcc/../../picolibc/arm-zephyr-eabi/lib/thumb/v7e-m/nofp/libc.a(memset.c.o)
                0x00000000000e2f20                memset
 *(SORT_BY_ALIGNMENT(.TEXT.*))
 .TEXT.__aeabi_read_tp
                0x00000000000e2f30        0xc zephyr/arch/arch/arm/core/cortex_m/libarch__arm__core__cortex_m.a(__aeabi_read_tp.S.obj)
                0x00000000000e2f30                __aeabi_read_tp
 *(SORT_BY_ALIGNMENT(.gnu.linkonce.t.*))
 *(SORT_BY_ALIGNMENT(.glue_7t))
 .glue_7t       0x00000000000e2f3c        0x0 linker stubs
 *(SORT_BY_ALIGNMENT(.glue_7))
 .glue_7        0x00000000000e2f3c        0x0 linker stubs
 *(SORT_BY_ALIGNMENT(.vfp11_veneer))
 .vfp11_veneer  0x00000000000e2f3c        0x0 linker stubs
 *(SORT_BY_ALIGNMENT(.v4_bx))
 .v4_bx         0x00000000000e2f3c        0x0 linker stubs
                0x00000000000e2f3c                . = ALIGN (0x4)
                0x00000000000e2f3c                __text_region_end = .

.ARM.exidx      0x00000000000e2f3c        0x8
                0x00000000000e2f3c                __exidx_start = .
 *(SORT_BY_ALIGNMENT(.ARM.exidx*) SORT_BY_ALIGNMENT(gnu.linkonce.armexidx.*))
 .ARM.exidx     0x00000000000e2f3c        0x8 /home/leena/zephyr-sdk-0.16.8/arm-zephyr-eabi/bin/../lib/gcc/arm-zephyr-eabi/12.2.0/thumb/v7e-m/nofp/libgcc.a(_udivmoddi4.o)
                0x00000000000e2f44                __exidx_end = .
                0x00000000000e2f44                __rodata_region_start = .

initlevel       0x00000000000e2f44       0x60
                0x00000000000e2f44                __init_start = .
                0x00000000000e2f44                __init_EARLY_start = .
 *(SORT_BY_NAME(SORT_BY_ALIGNMENT(.z_init_EARLY?_*)))
 *(SORT_BY_NAME(SORT_BY_ALIGNMENT(.z_init_EARLY??_*)))
                0x00000000000e2f44                __init_PRE_KERNEL_1_start = .
 *(SORT_BY_NAME(SORT_BY_ALIGNMENT(.z_init_PRE_KERNEL_1?_*)))
 *(SORT_BY_NAME(SORT_BY_ALIGNMENT(.z_init_PRE_KERNEL_1??_*)))
 .z_init_PRE_KERNEL_130_00048_
                0x00000000000e2f44        0x8 zephyr/drivers/clock_control/libdrivers__clock_control.a(clock_control_mchp_xec.c.obj)
 .z_init_PRE_KERNEL_140_0_
                0x00000000000e2f4c        0x8 zephyr/libzephyr.a(soc.c.obj)
 .z_init_PRE_KERNEL_141_00013_
                0x00000000000e2f54        0x8 zephyr/drivers/gpio/libdrivers__gpio.a(gpio_mchp_xec.c.obj)
 .z_init_PRE_KERNEL_141_00039_
                0x00000000000e2f5c        0x8 zephyr/drivers/gpio/libdrivers__gpio.a(gpio_mchp_xec.c.obj)
 .z_init_PRE_KERNEL_141_00100_
                0x00000000000e2f64        0x8 zephyr/drivers/gpio/libdrivers__gpio.a(gpio_mchp_xec.c.obj)
 .z_init_PRE_KERNEL_141_00155_
                0x00000000000e2f6c        0x8 zephyr/drivers/gpio/libdrivers__gpio.a(gpio_mchp_xec.c.obj)
 .z_init_PRE_KERNEL_141_00156_
                0x00000000000e2f74        0x8 zephyr/drivers/gpio/libdrivers__gpio.a(gpio_mchp_xec.c.obj)
 .z_init_PRE_KERNEL_141_00157_
                0x00000000000e2f7c        0x8 zephyr/drivers/gpio/libdrivers__gpio.a(gpio_mchp_xec.c.obj)
 .z_init_PRE_KERNEL_150_00096_
                0x00000000000e2f84        0x8 zephyr/drivers/serial/libdrivers__serial.a(uart_mchp_xec.c.obj)
 .z_init_PRE_KERNEL_160_0_
                0x00000000000e2f8c        0x8 zephyr/drivers/console/libdrivers__console.a(uart_console.c.obj)
                0x00000000000e2f94                __init_PRE_KERNEL_2_start = .
 *(SORT_BY_NAME(SORT_BY_ALIGNMENT(.z_init_PRE_KERNEL_2?_*)))
 .z_init_PRE_KERNEL_20_0_
                0x00000000000e2f94        0x8 zephyr/drivers/timer/libdrivers__timer.a(mchp_xec_rtos_timer.c.obj)
 *(SORT_BY_NAME(SORT_BY_ALIGNMENT(.z_init_PRE_KERNEL_2??_*)))
                0x00000000000e2f9c                __init_POST_KERNEL_start = .
 *(SORT_BY_NAME(SORT_BY_ALIGNMENT(.z_init_POST_KERNEL?_*)))
 *(SORT_BY_NAME(SORT_BY_ALIGNMENT(.z_init_POST_KERNEL??_*)))
 .z_init_POST_KERNEL35_0_
                0x00000000000e2f9c        0x8 zephyr/lib/libc/common/liblib__libc__common.a(malloc.c.obj)
                0x00000000000e2fa4                __init_APPLICATION_start = .
 *(SORT_BY_NAME(SORT_BY_ALIGNMENT(.z_init_APPLICATION?_*)))
 *(SORT_BY_NAME(SORT_BY_ALIGNMENT(.z_init_APPLICATION??_*)))
                0x00000000000e2fa4                __init_SMP_start = .
 *(SORT_BY_NAME(SORT_BY_ALIGNMENT(.z_init_SMP?_*)))
 *(SORT_BY_NAME(SORT_BY_ALIGNMENT(.z_init_SMP??_*)))
                0x00000000000e2fa4                __init_end = .
                0x00000000000e2fa4                __deferred_init_list_start = .
 *(SORT_BY_ALIGNMENT(.z_deferred_init*))
                0x00000000000e2fa4                __deferred_init_list_end = .

device_area     0x00000000000e2fa4       0xa0
                0x00000000000e2fa4                _device_list_start = .
 *(SORT_BY_NAME(SORT_BY_ALIGNMENT(._device.static.*_?_*)))
 *(SORT_BY_NAME(SORT_BY_ALIGNMENT(._device.static.*_??_*)))
 ._device.static.1_30_
                0x00000000000e2fa4       0x14 zephyr/drivers/clock_control/libdrivers__clock_control.a(clock_control_mchp_xec.c.obj)
                0x00000000000e2fa4                __device_dts_ord_48
 ._device.static.1_41_
                0x00000000000e2fb8       0x78 zephyr/drivers/gpio/libdrivers__gpio.a(gpio_mchp_xec.c.obj)
                0x00000000000e2fb8                __device_dts_ord_157
                0x00000000000e2fcc                __device_dts_ord_156
                0x00000000000e2fe0                __device_dts_ord_13
                0x00000000000e2ff4                __device_dts_ord_100
                0x00000000000e3008                __device_dts_ord_155
                0x00000000000e301c                __device_dts_ord_39
 ._device.static.1_50_
                0x00000000000e3030       0x14 zephyr/drivers/serial/libdrivers__serial.a(uart_mchp_xec.c.obj)
                0x00000000000e3030                __device_dts_ord_96
                0x00000000000e3044                _device_list_end = .

sw_isr_table    0x00000000000e3044      0x570
                0x00000000000e3044                . = ALIGN (0x4)
 *(SORT_BY_ALIGNMENT(.gnu.linkonce.sw_isr_table*))
 .gnu.linkonce.sw_isr_table
                0x00000000000e3044      0x570 zephyr/arch/common/libisr_tables.a(isr_tables.c.obj)
                0x00000000000e3044                _sw_isr_table

initlevel_error
                0x00000000000e2f44        0x0
 *(SORT_BY_NAME(SORT_BY_ALIGNMENT(.z_init_[_A-Z0-9]*)))
                0x0000000000000001                ASSERT ((SIZEOF (initlevel_error) == 0x0), Undefined initialization levels used.)

app_shmem_regions
                0x00000000000e35b4        0x0
                0x00000000000e35b4                __app_shmem_regions_start = .
 *(SORT_BY_NAME(SORT_BY_ALIGNMENT(.app_regions.*)))
                0x00000000000e35b4                __app_shmem_regions_end = .

k_p4wq_initparam_area
                0x00000000000e35b4        0x0
                0x00000000000e35b4                _k_p4wq_initparam_list_start = .
 *(SORT_BY_NAME(SORT_BY_ALIGNMENT(._k_p4wq_initparam.static.*)))
                0x00000000000e35b4                _k_p4wq_initparam_list_end = .

_static_thread_data_area
                0x00000000000e35b4        0x0
                0x00000000000e35b4                __static_thread_data_list_start = .
 *(SORT_BY_NAME(SORT_BY_ALIGNMENT(.__static_thread_data.static.*)))
                0x00000000000e35b4                __static_thread_data_list_end = .

device_deps     0x00000000000e35b4        0x0
                0x00000000000e35b4                __device_deps_start = .
 *(SORT_BY_NAME(SORT_BY_ALIGNMENT(.__device_deps_pass2*)))
                0x00000000000e35b4                __device_deps_end = .

ztest           0x00000000000e35b4        0x0
                0x00000000000e35b4                _ztest_expected_result_entry_list_start = .
 *(SORT_BY_NAME(SORT_BY_ALIGNMENT(._ztest_expected_result_entry.static.*)))
                0x00000000000e35b4                _ztest_expected_result_entry_list_end = .
                0x00000000000e35b4                _ztest_suite_node_list_start = .
 *(SORT_BY_NAME(SORT_BY_ALIGNMENT(._ztest_suite_node.static.*)))
                0x00000000000e35b4                _ztest_suite_node_list_end = .
                0x00000000000e35b4                _ztest_unit_test_list_start = .
 *(SORT_BY_NAME(SORT_BY_ALIGNMENT(._ztest_unit_test.static.*)))
                0x00000000000e35b4                _ztest_unit_test_list_end = .
                0x00000000000e35b4                _ztest_test_rule_list_start = .
 *(SORT_BY_NAME(SORT_BY_ALIGNMENT(._ztest_test_rule.static.*)))
                0x00000000000e35b4                _ztest_test_rule_list_end = .

init_array      0x00000000000e35b4        0x0
 *(SORT_BY_NAME(SORT_BY_ALIGNMENT(.ctors*)))
 *(SORT_BY_NAME(SORT_BY_ALIGNMENT(.init_array*)))
                0x0000000000000001                ASSERT ((SIZEOF (init_array) == 0x0), GNU-style constructors required but STATIC_INIT_GNU not enabled)

bt_l2cap_fixed_chan_area
                0x00000000000e35b4        0x0
                0x00000000000e35b4                _bt_l2cap_fixed_chan_list_start = .
 *(SORT_BY_NAME(SORT_BY_ALIGNMENT(._bt_l2cap_fixed_chan.static.*)))
                0x00000000000e35b4                _bt_l2cap_fixed_chan_list_end = .

bt_gatt_service_static_area
                0x00000000000e35b4        0x0
                0x00000000000e35b4                _bt_gatt_service_static_list_start = .
 *(SORT_BY_NAME(SORT_BY_ALIGNMENT(._bt_gatt_service_static.static.*)))
                0x00000000000e35b4                _bt_gatt_service_static_list_end = .

log_strings_area
                0x00000000000e35b4        0x0
                0x00000000000e35b4                _log_strings_list_start = .
 *(SORT_BY_NAME(SORT_BY_ALIGNMENT(._log_strings.static.*)))
                0x00000000000e35b4                _log_strings_list_end = .

log_const_area  0x00000000000e35b4        0x0
                0x00000000000e35b4                _log_const_list_start = .
 *(SORT_BY_NAME(SORT_BY_ALIGNMENT(._log_const.static.*)))
                0x00000000000e35b4                _log_const_list_end = .

log_backend_area
                0x00000000000e35b4        0x0
                0x00000000000e35b4                _log_backend_list_start = .
 *(SORT_BY_NAME(SORT_BY_ALIGNMENT(._log_backend.static.*)))
                0x00000000000e35b4                _log_backend_list_end = .

log_link_area   0x00000000000e35b4        0x0
                0x00000000000e35b4                _log_link_list_start = .
 *(SORT_BY_NAME(SORT_BY_ALIGNMENT(._log_link.static.*)))
                0x00000000000e35b4                _log_link_list_end = .

tracing_backend_area
                0x00000000000e35b4        0x0
                0x00000000000e35b4                _tracing_backend_list_start = .
 *(SORT_BY_NAME(SORT_BY_ALIGNMENT(._tracing_backend.static.*)))
                0x00000000000e35b4                _tracing_backend_list_end = .

zephyr_dbg_info
 *(SORT_BY_ALIGNMENT(.dbg_thread_info))

intc_table_area
                0x00000000000e35b4        0x0
                0x00000000000e35b4                _intc_table_list_start = .
 *(SORT_BY_NAME(SORT_BY_ALIGNMENT(._intc_table.static.*)))
                0x00000000000e35b4                _intc_table_list_end = .

symbol_to_keep  0x00000000000e35b4        0x0
                0x00000000000e35b4                __symbol_to_keep_start = .
 *(SORT_BY_NAME(SORT_BY_ALIGNMENT(.symbol_to_keep*)))
                0x00000000000e35b4                __symbol_to_keep_end = .

shell_area      0x00000000000e35b4        0x0
                0x00000000000e35b4                _shell_list_start = .
 *(SORT_BY_NAME(SORT_BY_ALIGNMENT(._shell.static.*)))
                0x00000000000e35b4                _shell_list_end = .

shell_root_cmds_area
                0x00000000000e35b4        0x0
                0x00000000000e35b4                _shell_root_cmds_list_start = .
 *(SORT_BY_NAME(SORT_BY_ALIGNMENT(._shell_root_cmds.static.*)))
                0x00000000000e35b4                _shell_root_cmds_list_end = .

shell_subcmds_area
                0x00000000000e35b4        0x0
                0x00000000000e35b4                _shell_subcmds_list_start = .
 *(SORT_BY_NAME(SORT_BY_ALIGNMENT(._shell_subcmds.static.*)))
                0x00000000000e35b4                _shell_subcmds_list_end = .

shell_dynamic_subcmds_area
                0x00000000000e35b4        0x0
                0x00000000000e35b4                _shell_dynamic_subcmds_list_start = .
 *(SORT_BY_NAME(SORT_BY_ALIGNMENT(._shell_dynamic_subcmds.static.*)))
                0x00000000000e35b4                _shell_dynamic_subcmds_list_end = .

cfb_font_area   0x00000000000e35b4        0x0
                0x00000000000e35b4                _cfb_font_list_start = .
 *(SORT_BY_NAME(SORT_BY_ALIGNMENT(._cfb_font.static.*)))
                0x00000000000e35b4                _cfb_font_list_end = .

tdata           0x00000000000e35b4        0x0
 *(SORT_BY_ALIGNMENT(.tdata) SORT_BY_ALIGNMENT(.tdata.*) SORT_BY_ALIGNMENT(.gnu.linkonce.td.*))

tbss            0x00000000000e35b4        0x4
 *(SORT_BY_ALIGNMENT(.tbss) SORT_BY_ALIGNMENT(.tbss.*) SORT_BY_ALIGNMENT(.gnu.linkonce.tb.*) SORT_BY_ALIGNMENT(.tcommon))
 .tbss.z_tls_current
                0x00000000000e35b4        0x4 zephyr/libzephyr.a(thread_entry.c.obj)
                0x00000000000e35b4                z_tls_current
                0x00000000000e35b4                PROVIDE (__tdata_start = LOADADDR (tdata))
                0x0000000000000001                PROVIDE (__tdata_align = ALIGNOF (tdata))
                0x0000000000000000                PROVIDE (__tdata_size = (((SIZEOF (tdata) + __tdata_align) - 0x1) & ~ ((__tdata_align - 0x1))))
                [!provide]                        PROVIDE (__tdata_end = (__tdata_start + __tdata_size))
                0x0000000000000004                PROVIDE (__tbss_align = ALIGNOF (tbss))
                [!provide]                        PROVIDE (__tbss_start = ADDR (tbss))
                0x0000000000000004                PROVIDE (__tbss_size = (((SIZEOF (tbss) + __tbss_align) - 0x1) & ~ ((__tbss_align - 0x1))))
                [!provide]                        PROVIDE (__tbss_end = (__tbss_start + __tbss_size))
                [!provide]                        PROVIDE (__tls_start = __tdata_start)
                [!provide]                        PROVIDE (__tls_end = __tbss_end)
                [!provide]                        PROVIDE (__tls_size = (__tbss_end - __tdata_start))

rodata          0x00000000000e35b4      0x258
 *(SORT_BY_ALIGNMENT(.rodata))
 *(SORT_BY_ALIGNMENT(.rodata.*))
 .rodata.button
                0x00000000000e35b4        0x8 app/libapp.a(main.c.obj)
 .rodata.ds_timer_tbl
                0x00000000000e35bc       0x28 zephyr/libzephyr.a(device_power.c.obj)
                0x00000000000e35bc                ds_timer_tbl
 .rodata.cpus_states
                0x00000000000e35e4        0x8 zephyr/libzephyr.a(state.c.obj)
 .rodata.pmstates_DT_N_S_cpus_S_power_states
                0x00000000000e35ec        0x0 zephyr/libzephyr.a(state.c.obj)
 .rodata.pmstates_DT_N_S_cpus_S_cpu_0
                0x00000000000e35ec       0x18 zephyr/libzephyr.a(state.c.obj)
 .rodata.pcr_xec_config
                0x00000000000e3604       0x1c zephyr/drivers/clock_control/libdrivers__clock_control.a(clock_control_mchp_xec.c.obj)
                0x00000000000e3604                pcr_xec_config
 .rodata.__pinctrl_dev_config__device_dts_ord_48
                0x00000000000e3620        0x8 zephyr/drivers/clock_control/libdrivers__clock_control.a(clock_control_mchp_xec.c.obj)
 .rodata.__pinctrl_states__device_dts_ord_48
                0x00000000000e3628        0x0 zephyr/drivers/clock_control/libdrivers__clock_control.a(clock_control_mchp_xec.c.obj)
 .rodata.xec_clock_control_api
                0x00000000000e3628       0x1c zephyr/drivers/clock_control/libdrivers__clock_control.a(clock_control_mchp_xec.c.obj)
 .rodata.gpio_xec_port240_276_config
                0x00000000000e3644       0x14 zephyr/drivers/gpio/libdrivers__gpio.a(gpio_mchp_xec.c.obj)
 .rodata.gpio_xec_port200_236_config
                0x00000000000e3658       0x14 zephyr/drivers/gpio/libdrivers__gpio.a(gpio_mchp_xec.c.obj)
 .rodata.gpio_xec_port140_176_config
                0x00000000000e366c       0x14 zephyr/drivers/gpio/libdrivers__gpio.a(gpio_mchp_xec.c.obj)
 .rodata.gpio_xec_port100_136_config
                0x00000000000e3680       0x14 zephyr/drivers/gpio/libdrivers__gpio.a(gpio_mchp_xec.c.obj)
 .rodata.gpio_xec_port040_076_config
                0x00000000000e3694       0x14 zephyr/drivers/gpio/libdrivers__gpio.a(gpio_mchp_xec.c.obj)
 .rodata.gpio_xec_port000_036_config
                0x00000000000e36a8       0x14 zephyr/drivers/gpio/libdrivers__gpio.a(gpio_mchp_xec.c.obj)
 .rodata.gpio_xec_driver_api
                0x00000000000e36bc       0x24 zephyr/drivers/gpio/libdrivers__gpio.a(gpio_mchp_xec.c.obj)
 .rodata.valid_ctrl_masks
                0x00000000000e36e0       0x18 zephyr/drivers/gpio/libdrivers__gpio.a(gpio_mchp_xec.c.obj)
 .rodata.uart_xec_dev_cfg_0
                0x00000000000e36f8       0x10 zephyr/drivers/serial/libdrivers__serial.a(uart_mchp_xec.c.obj)
 .rodata.__pinctrl_dev_config__device_dts_ord_96
                0x00000000000e3708        0x8 zephyr/drivers/serial/libdrivers__serial.a(uart_mchp_xec.c.obj)
 .rodata.__pinctrl_states__device_dts_ord_96
                0x00000000000e3710        0x8 zephyr/drivers/serial/libdrivers__serial.a(uart_mchp_xec.c.obj)
 .rodata.__pinctrl_state_pins_0__device_dts_ord_96
                0x00000000000e3718        0x8 zephyr/drivers/serial/libdrivers__serial.a(uart_mchp_xec.c.obj)
 .rodata.uart_xec_driver_api
                0x00000000000e3720       0x14 zephyr/drivers/serial/libdrivers__serial.a(uart_mchp_xec.c.obj)
 .rodata.levels.0
                0x00000000000e3734       0x18 zephyr/kernel/libkernel.a(init.c.obj)
 .rodata.states_per_cpu
                0x00000000000e374c        0x2 zephyr/libzephyr.a(state.c.obj)
 .rodata.str1.1
                0x00000000000e374e        0xd zephyr/drivers/clock_control/libdrivers__clock_control.a(clock_control_mchp_xec.c.obj)
 .rodata.str1.1
                0x00000000000e375b       0x54 zephyr/drivers/gpio/libdrivers__gpio.a(gpio_mchp_xec.c.obj)
 .rodata.str1.1
                0x00000000000e37af        0xe zephyr/drivers/serial/libdrivers__serial.a(uart_mchp_xec.c.obj)
 .rodata.z_cstart.str1.1
                0x00000000000e37bd        0x5 zephyr/kernel/libkernel.a(init.c.obj)
 .rodata.boot_banner.str1.1
                0x00000000000e37c2       0x3b zephyr/kernel/libkernel.a(banner.c.obj)
 .rodata.__l_vfprintf.str1.1
                0x00000000000e37fd        0xf /home/leena/zephyr-sdk-0.16.8/arm-zephyr-eabi/bin/../lib/gcc/../../picolibc/arm-zephyr-eabi/lib/thumb/v7e-m/nofp/libc.a(libc_tinystdio_vflprintf.c.o)
 *(SORT_BY_ALIGNMENT(.gnu.linkonce.r.*))
                0x00000000000e380c                . = ALIGN (0x4)
                0x00000000000e380c                __rodata_region_end = .
                0x00000000000e380c                . = ALIGN (_region_min_align)
                0x00000000000e380c                __rom_region_end = ((__rom_region_start + .) - ADDR (rom_start))

/DISCARD/
 *(SORT_BY_ALIGNMENT(.got.plt))
 *(SORT_BY_ALIGNMENT(.igot.plt))
 *(SORT_BY_ALIGNMENT(.got))
 *(SORT_BY_ALIGNMENT(.igot))
                0x0000000000118000                . = 0x118000
                0x0000000000118000                . = ALIGN (_region_min_align)
                0x0000000000118000                _image_ram_start = .

.ramfunc        0x0000000000118000        0x0 load address 0x00000000000e380c
                0x0000000000118000                . = ALIGN (_region_min_align)
                0x0000000000118000                __ramfunc_start = .
 *(SORT_BY_ALIGNMENT(.ramfunc))
 *(SORT_BY_ALIGNMENT(.ramfunc.*))
                0x0000000000118000                . = ALIGN (_region_min_align)
                0x0000000000118000                __ramfunc_end = .
                0x0000000000000000                __ramfunc_size = (__ramfunc_end - __ramfunc_start)
                0x00000000000e380c                __ramfunc_load_start = LOADADDR (.ramfunc)

datas           0x0000000000118000       0x40 load address 0x00000000000e380c
                0x0000000000118000                __data_region_start = .
                0x0000000000118000                __data_start = .
 *(SORT_BY_ALIGNMENT(.data))
 *(SORT_BY_ALIGNMENT(.data.*))
 .data._char_out
                0x0000000000118000        0x4 zephyr/libzephyr.a(printk.c.obj)
 .data.max_latency_cyc
                0x0000000000118004        0x4 zephyr/libzephyr.a(policy.c.obj)
 .data.substate_lock_t
                0x0000000000118008       0x10 zephyr/libzephyr.a(policy.c.obj)
 .data.__stdout
                0x0000000000118018       0x10 zephyr/lib/libc/picolibc/liblib__libc__picolibc.a(libc-hooks.c.obj)
 .data.uart_xec_dev_data_0
                0x0000000000118028        0xc zephyr/drivers/serial/libdrivers__serial.a(uart_mchp_xec.c.obj)
 .data.cached_icr
                0x0000000000118034        0x4 zephyr/drivers/timer/libdrivers__timer.a(mchp_xec_rtos_timer.c.obj)
 .data.timeout_list
                0x0000000000118038        0x8 zephyr/kernel/libkernel.a(timeout.c.obj)
 *(SORT_BY_ALIGNMENT(.kernel.*))
                0x0000000000118040                __data_end = .
                0x0000000000000040                __data_size = (__data_end - __data_start)
                0x00000000000e380c                __data_load_start = LOADADDR (datas)
                0x00000000000e380c                __data_region_load_start = LOADADDR (datas)

device_states   0x0000000000118040       0x10 load address 0x00000000000e384c
                0x0000000000118040                __device_states_start = .
 *(SORT_BY_ALIGNMENT(.z_devstate))
 .z_devstate    0x0000000000118040        0x2 zephyr/drivers/clock_control/libdrivers__clock_control.a(clock_control_mchp_xec.c.obj)
 .z_devstate    0x0000000000118042        0xc zephyr/drivers/gpio/libdrivers__gpio.a(gpio_mchp_xec.c.obj)
 .z_devstate    0x000000000011804e        0x2 zephyr/drivers/serial/libdrivers__serial.a(uart_mchp_xec.c.obj)
 *(SORT_BY_ALIGNMENT(.z_devstate.*))
                0x0000000000118050                __device_states_end = .

log_mpsc_pbuf_area
                0x0000000000118050        0x0 load address 0x00000000000e385c
                0x0000000000118050                _log_mpsc_pbuf_list_start = .
 *(SORT_BY_NAME(SORT_BY_ALIGNMENT(._log_mpsc_pbuf.static.*)))
                0x0000000000118050                _log_mpsc_pbuf_list_end = .

log_msg_ptr_area
                0x0000000000118050        0x0 load address 0x00000000000e385c
                0x0000000000118050                _log_msg_ptr_list_start = .
 *(SORT_BY_NAME(SORT_BY_ALIGNMENT(._log_msg_ptr.static.*)))
                0x0000000000118050                _log_msg_ptr_list_end = .

log_dynamic_area
                0x0000000000118050        0x0 load address 0x00000000000e385c
                0x0000000000118050                _log_dynamic_list_start = .
 *(SORT_BY_NAME(SORT_BY_ALIGNMENT(._log_dynamic.static.*)))
                0x0000000000118050                _log_dynamic_list_end = .

k_timer_area    0x0000000000118050        0x0 load address 0x00000000000e385c
                0x0000000000118050                _k_timer_list_start = .
 *(SORT_BY_NAME(SORT_BY_ALIGNMENT(._k_timer.static.*)))
                0x0000000000118050                _k_timer_list_end = .

k_mem_slab_area
                0x0000000000118050        0x0 load address 0x00000000000e385c
                0x0000000000118050                _k_mem_slab_list_start = .
 *(SORT_BY_NAME(SORT_BY_ALIGNMENT(._k_mem_slab.static.*)))
                0x0000000000118050                _k_mem_slab_list_end = .

k_heap_area     0x0000000000118050        0x0 load address 0x00000000000e385c
                0x0000000000118050                _k_heap_list_start = .
 *(SORT_BY_NAME(SORT_BY_ALIGNMENT(._k_heap.static.*)))
                0x0000000000118050                _k_heap_list_end = .

k_mutex_area    0x0000000000118050        0x0 load address 0x00000000000e385c
                0x0000000000118050                _k_mutex_list_start = .
 *(SORT_BY_NAME(SORT_BY_ALIGNMENT(._k_mutex.static.*)))
                0x0000000000118050                _k_mutex_list_end = .

k_stack_area    0x0000000000118050        0x0 load address 0x00000000000e385c
                0x0000000000118050                _k_stack_list_start = .
 *(SORT_BY_NAME(SORT_BY_ALIGNMENT(._k_stack.static.*)))
                0x0000000000118050                _k_stack_list_end = .

k_msgq_area     0x0000000000118050        0x0 load address 0x00000000000e385c
                0x0000000000118050                _k_msgq_list_start = .
 *(SORT_BY_NAME(SORT_BY_ALIGNMENT(._k_msgq.static.*)))
                0x0000000000118050                _k_msgq_list_end = .

k_mbox_area     0x0000000000118050        0x0 load address 0x00000000000e385c
                0x0000000000118050                _k_mbox_list_start = .
 *(SORT_BY_NAME(SORT_BY_ALIGNMENT(._k_mbox.static.*)))
                0x0000000000118050                _k_mbox_list_end = .

k_pipe_area     0x0000000000118050        0x0 load address 0x00000000000e385c
                0x0000000000118050                _k_pipe_list_start = .
 *(SORT_BY_NAME(SORT_BY_ALIGNMENT(._k_pipe.static.*)))
                0x0000000000118050                _k_pipe_list_end = .

k_sem_area      0x0000000000118050        0x0 load address 0x00000000000e385c
                0x0000000000118050                _k_sem_list_start = .
 *(SORT_BY_NAME(SORT_BY_ALIGNMENT(._k_sem.static.*)))
                0x0000000000118050                _k_sem_list_end = .

k_event_area    0x0000000000118050        0x0 load address 0x00000000000e385c
                0x0000000000118050                _k_event_list_start = .
 *(SORT_BY_NAME(SORT_BY_ALIGNMENT(._k_event.static.*)))
                0x0000000000118050                _k_event_list_end = .

k_queue_area    0x0000000000118050        0x0 load address 0x00000000000e385c
                0x0000000000118050                _k_queue_list_start = .
 *(SORT_BY_NAME(SORT_BY_ALIGNMENT(._k_queue.static.*)))
                0x0000000000118050                _k_queue_list_end = .

k_fifo_area     0x0000000000118050        0x0 load address 0x00000000000e385c
                0x0000000000118050                _k_fifo_list_start = .
 *(SORT_BY_NAME(SORT_BY_ALIGNMENT(._k_fifo.static.*)))
                0x0000000000118050                _k_fifo_list_end = .

k_lifo_area     0x0000000000118050        0x0 load address 0x00000000000e385c
                0x0000000000118050                _k_lifo_list_start = .
 *(SORT_BY_NAME(SORT_BY_ALIGNMENT(._k_lifo.static.*)))
                0x0000000000118050                _k_lifo_list_end = .

k_condvar_area  0x0000000000118050        0x0 load address 0x00000000000e385c
                0x0000000000118050                _k_condvar_list_start = .
 *(SORT_BY_NAME(SORT_BY_ALIGNMENT(._k_condvar.static.*)))
                0x0000000000118050                _k_condvar_list_end = .

sys_mem_blocks_ptr_area
                0x0000000000118050        0x0 load address 0x00000000000e385c
                0x0000000000118050                _sys_mem_blocks_ptr_list_start = .
 *(SORT_BY_NAME(SORT_BY_ALIGNMENT(._sys_mem_blocks_ptr.static.*)))
                0x0000000000118050                _sys_mem_blocks_ptr_list_end = .

net_buf_pool_area
                0x0000000000118050        0x0 load address 0x00000000000e385c
                0x0000000000118050                _net_buf_pool_list_start = .
 *(SORT_BY_NAME(SORT_BY_ALIGNMENT(._net_buf_pool.static.*)))
                0x0000000000118050                _net_buf_pool_list_end = .
                0x0000000000118050                __data_region_end = .

bss             0x0000000000118050      0x251
                0x0000000000118050                . = ALIGN (0x4)
                0x0000000000118050                __bss_start = .
                0x0000000000118050                __kernel_ram_start = .
 *(SORT_BY_ALIGNMENT(.bss))
 *(SORT_BY_ALIGNMENT(.bss.*))
 .bss.z_idle_threads
                0x0000000000118050       0x70 zephyr/kernel/libkernel.a(init.c.obj)
                0x0000000000118050                z_idle_threads
 .bss.z_main_thread
                0x00000000001180c0       0x70 zephyr/kernel/libkernel.a(init.c.obj)
                0x00000000001180c0                z_main_thread
 .bss._thread_dummy
                0x0000000000118130       0x70 zephyr/kernel/libkernel.a(sched.c.obj)
                0x0000000000118130                _thread_dummy
 .bss.slice_timeouts
                0x00000000001181a0       0x18 zephyr/kernel/libkernel.a(timeslicing.c.obj)
 .bss.curr_tick
                0x00000000001181b8        0x8 zephyr/kernel/libkernel.a(timeout.c.obj)
 .bss.timers    0x00000000001181c0       0x14 zephyr/libzephyr.a(device_power.c.obj)
 .bss.ecs       0x00000000001181d4        0x4 zephyr/libzephyr.a(device_power.c.obj)
 .bss.z_cpus_pm_forced_state
                0x00000000001181d8        0xc zephyr/libzephyr.a(pm.c.obj)
 .bss.z_cpus_pm_state
                0x00000000001181e4        0xc zephyr/libzephyr.a(pm.c.obj)
 .bss.pm_notifiers
                0x00000000001181f0        0x8 zephyr/libzephyr.a(pm.c.obj)
 .bss.z_post_ops_required
                0x00000000001181f8        0x4 zephyr/libzephyr.a(pm.c.obj)
 .bss.next_event
                0x00000000001181fc        0x4 zephyr/libzephyr.a(policy.c.obj)
 .bss.z_arm_tls_ptr
                0x0000000000118200        0x4 zephyr/arch/arch/arm/core/libarch__arm__core.a(tls.c.obj)
                0x0000000000118200                z_arm_tls_ptr
 .bss._stdout_hook
                0x0000000000118204        0x4 zephyr/lib/libc/picolibc/liblib__libc__picolibc.a(libc-hooks.c.obj)
 .bss.z_malloc_heap
                0x0000000000118208        0xc zephyr/lib/libc/common/liblib__libc__common.a(malloc.c.obj)
 .bss.gpio_xec_port240_276_data
                0x0000000000118214        0xc zephyr/drivers/gpio/libdrivers__gpio.a(gpio_mchp_xec.c.obj)
 .bss.gpio_xec_port200_236_data
                0x0000000000118220        0xc zephyr/drivers/gpio/libdrivers__gpio.a(gpio_mchp_xec.c.obj)
 .bss.gpio_xec_port140_176_data
                0x000000000011822c        0xc zephyr/drivers/gpio/libdrivers__gpio.a(gpio_mchp_xec.c.obj)
 .bss.gpio_xec_port100_136_data
                0x0000000000118238        0xc zephyr/drivers/gpio/libdrivers__gpio.a(gpio_mchp_xec.c.obj)
 .bss.gpio_xec_port040_076_data
                0x0000000000118244        0xc zephyr/drivers/gpio/libdrivers__gpio.a(gpio_mchp_xec.c.obj)
 .bss.gpio_xec_port000_036_data
                0x0000000000118250        0xc zephyr/drivers/gpio/libdrivers__gpio.a(gpio_mchp_xec.c.obj)
 .bss.last_announcement
                0x000000000011825c        0x4 zephyr/drivers/timer/libdrivers__timer.a(mchp_xec_rtos_timer.c.obj)
 .bss.total_cycles
                0x0000000000118260        0x4 zephyr/drivers/timer/libdrivers__timer.a(mchp_xec_rtos_timer.c.obj)
 .bss._cpus_active
                0x0000000000118264        0x4 zephyr/kernel/libkernel.a(init.c.obj)
                0x0000000000118264                _cpus_active
 .bss._kernel   0x0000000000118268       0x24 zephyr/kernel/libkernel.a(init.c.obj)
                0x0000000000118268                _kernel
 .bss.pending_current
                0x000000000011828c        0x4 zephyr/kernel/libkernel.a(timeslicing.c.obj)
                0x000000000011828c                pending_current
 .bss.slice_max_prio
                0x0000000000118290        0x4 zephyr/kernel/libkernel.a(timeslicing.c.obj)
 .bss.slice_ticks
                0x0000000000118294        0x4 zephyr/kernel/libkernel.a(timeslicing.c.obj)
 .bss.announce_remaining
                0x0000000000118298        0x4 zephyr/kernel/libkernel.a(timeout.c.obj)
 .bss.uart_activate
                0x000000000011829c        0x3 zephyr/libzephyr.a(device_power.c.obj)
 .bss.z_sys_post_kernel
                0x000000000011829f        0x1 zephyr/kernel/libkernel.a(init.c.obj)
                0x000000000011829f                z_sys_post_kernel
 .bss._sched_spinlock
                0x00000000001182a0        0x0 zephyr/kernel/libkernel.a(sched.c.obj)
                0x00000000001182a0                _sched_spinlock
 .bss.slice_expired
                0x00000000001182a0        0x1 zephyr/kernel/libkernel.a(timeslicing.c.obj)
 *(SORT_BY_ALIGNMENT(COMMON))
 *(SORT_BY_ALIGNMENT(.kernel_bss.*))
                0x00000000001182a4                __bss_end = ALIGN (0x4)

noinit          0x00000000001182a8      0xd00
 *(SORT_BY_ALIGNMENT(.noinit))
 *(SORT_BY_ALIGNMENT(.noinit.*))
 .noinit."WEST_TOPDIR/zephyr/kernel/init.c".2
                0x00000000001182a8      0x800 zephyr/kernel/libkernel.a(init.c.obj)
                0x00000000001182a8                z_interrupt_stacks
 .noinit."WEST_TOPDIR/zephyr/kernel/init.c".1
                0x0000000000118aa8      0x100 zephyr/kernel/libkernel.a(init.c.obj)
 .noinit."WEST_TOPDIR/zephyr/kernel/init.c".0
                0x0000000000118ba8      0x400 zephyr/kernel/libkernel.a(init.c.obj)
                0x0000000000118ba8                z_main_stack
 *(SORT_BY_ALIGNMENT(.kernel_noinit.*))
                0x0000000000120000                __kernel_ram_end = 0x120000
                0x0000000000007fb0                __kernel_ram_size = (__kernel_ram_end - __kernel_ram_start)

.intList        0x00000000ffff8000       0x78
 *(SORT_BY_ALIGNMENT(.irq_info*))
 .irq_info      0x00000000ffff8000        0x8 zephyr/arch/common/libisr_tables.a(isr_tables.c.obj)
                0x00000000ffff8000                _iheader
 *(SORT_BY_ALIGNMENT(.intList*))
 .intList       0x00000000ffff8008       0x60 zephyr/drivers/gpio/libdrivers__gpio.a(gpio_mchp_xec.c.obj)
 .intList       0x00000000ffff8068       0x10 zephyr/drivers/timer/libdrivers__timer.a(mchp_xec_rtos_timer.c.obj)

.last_ram_section
                0x0000000000118fa8        0x0
                0x0000000000118fa8                _image_ram_end = .
                0x0000000000000fa8                _image_ram_size = (_image_ram_end - _image_ram_start)
                0x0000000000118fa8                _end = .
                0x0000000000118fa8                z_mapped_end = .

.stab
 *(SORT_BY_ALIGNMENT(.stab))

.stabstr
 *(SORT_BY_ALIGNMENT(.stabstr))

.stab.excl
 *(SORT_BY_ALIGNMENT(.stab.excl))

.stab.exclstr
 *(SORT_BY_ALIGNMENT(.stab.exclstr))

.stab.index
 *(SORT_BY_ALIGNMENT(.stab.index))

.stab.indexstr
 *(SORT_BY_ALIGNMENT(.stab.indexstr))

.gnu.build.attributes
 *(SORT_BY_ALIGNMENT(.gnu.build.attributes) SORT_BY_ALIGNMENT(.gnu.build.attributes.*))

.comment        0x0000000000000000       0x20
 *(SORT_BY_ALIGNMENT(.comment))
 .comment       0x0000000000000000       0x20 zephyr/CMakeFiles/offsets.dir/./arch/arm/core/offsets/offsets.c.obj
                                         0x21 (size before relaxing)
 .comment       0x0000000000000020       0x21 app/libapp.a(main.c.obj)
 .comment       0x0000000000000020       0x21 zephyr/libzephyr.a(heap.c.obj)
 .comment       0x0000000000000020       0x21 zephyr/libzephyr.a(printk.c.obj)
 .comment       0x0000000000000020       0x21 zephyr/libzephyr.a(thread_entry.c.obj)
 .comment       0x0000000000000020       0x21 zephyr/libzephyr.a(configs.c.obj)
 .comment       0x0000000000000020       0x21 zephyr/libzephyr.a(soc.c.obj)
 .comment       0x0000000000000020       0x21 zephyr/libzephyr.a(device_power.c.obj)
 .comment       0x0000000000000020       0x21 zephyr/libzephyr.a(power.c.obj)
 .comment       0x0000000000000020       0x21 zephyr/libzephyr.a(pm.c.obj)
 .comment       0x0000000000000020       0x21 zephyr/libzephyr.a(policy.c.obj)
 .comment       0x0000000000000020       0x21 zephyr/libzephyr.a(state.c.obj)
 .comment       0x0000000000000020       0x21 zephyr/arch/arch/arm/core/libarch__arm__core.a(fatal.c.obj)
 .comment       0x0000000000000020       0x21 zephyr/arch/arch/arm/core/libarch__arm__core.a(nmi.c.obj)
 .comment       0x0000000000000020       0x21 zephyr/arch/arch/arm/core/libarch__arm__core.a(tls.c.obj)
 .comment       0x0000000000000020       0x21 zephyr/arch/arch/arm/core/cortex_m/libarch__arm__core__cortex_m.a(exc_exit.c.obj)
 .comment       0x0000000000000020       0x21 zephyr/arch/arch/arm/core/cortex_m/libarch__arm__core__cortex_m.a(fault.c.obj)
 .comment       0x0000000000000020       0x21 zephyr/arch/arch/arm/core/cortex_m/libarch__arm__core__cortex_m.a(thread_abort.c.obj)
 .comment       0x0000000000000020       0x21 zephyr/arch/arch/arm/core/cortex_m/libarch__arm__core__cortex_m.a(swap.c.obj)
 .comment       0x0000000000000020       0x21 zephyr/arch/arch/arm/core/cortex_m/libarch__arm__core__cortex_m.a(irq_manage.c.obj)
 .comment       0x0000000000000020       0x21 zephyr/arch/arch/arm/core/cortex_m/libarch__arm__core__cortex_m.a(prep_c.c.obj)
 .comment       0x0000000000000020       0x21 zephyr/arch/arch/arm/core/cortex_m/libarch__arm__core__cortex_m.a(thread.c.obj)
 .comment       0x0000000000000020       0x21 zephyr/arch/arch/arm/core/cortex_m/libarch__arm__core__cortex_m.a(cpu_idle.c.obj)
 .comment       0x0000000000000020       0x21 zephyr/arch/arch/arm/core/cortex_m/libarch__arm__core__cortex_m.a(irq_init.c.obj)
 .comment       0x0000000000000020       0x21 zephyr/arch/arch/arm/core/cortex_m/libarch__arm__core__cortex_m.a(isr_wrapper.c.obj)
 .comment       0x0000000000000020       0x21 zephyr/lib/libc/picolibc/liblib__libc__picolibc.a(libc-hooks.c.obj)
 .comment       0x0000000000000020       0x21 zephyr/lib/libc/common/liblib__libc__common.a(malloc.c.obj)
 .comment       0x0000000000000020       0x21 zephyr/drivers/clock_control/libdrivers__clock_control.a(clock_control_mchp_xec.c.obj)
 .comment       0x0000000000000020       0x21 zephyr/drivers/console/libdrivers__console.a(uart_console.c.obj)
 .comment       0x0000000000000020       0x21 zephyr/drivers/gpio/libdrivers__gpio.a(gpio_mchp_xec.c.obj)
 .comment       0x0000000000000020       0x21 zephyr/drivers/pinctrl/libdrivers__pinctrl.a(common.c.obj)
 .comment       0x0000000000000020       0x21 zephyr/drivers/pinctrl/libdrivers__pinctrl.a(pinctrl_mchp_xec.c.obj)
 .comment       0x0000000000000020       0x21 zephyr/drivers/serial/libdrivers__serial.a(uart_mchp_xec.c.obj)
 .comment       0x0000000000000020       0x21 zephyr/drivers/timer/libdrivers__timer.a(mchp_xec_rtos_timer.c.obj)
 .comment       0x0000000000000020       0x21 zephyr/kernel/libkernel.a(device.c.obj)
 .comment       0x0000000000000020       0x21 zephyr/kernel/libkernel.a(fatal.c.obj)
 .comment       0x0000000000000020       0x21 zephyr/kernel/libkernel.a(init.c.obj)
 .comment       0x0000000000000020       0x21 zephyr/kernel/libkernel.a(init_static.c.obj)
 .comment       0x0000000000000020       0x21 zephyr/kernel/libkernel.a(idle.c.obj)
 .comment       0x0000000000000020       0x21 zephyr/kernel/libkernel.a(thread.c.obj)
 .comment       0x0000000000000020       0x21 zephyr/kernel/libkernel.a(sched.c.obj)
 .comment       0x0000000000000020       0x21 zephyr/kernel/libkernel.a(timeslicing.c.obj)
 .comment       0x0000000000000020       0x21 zephyr/kernel/libkernel.a(xip.c.obj)
 .comment       0x0000000000000020       0x21 zephyr/kernel/libkernel.a(timeout.c.obj)
 .comment       0x0000000000000020       0x21 zephyr/kernel/libkernel.a(banner.c.obj)
 .comment       0x0000000000000020       0x21 zephyr/arch/common/libisr_tables.a(isr_tables.c.obj)

.debug
 *(SORT_BY_ALIGNMENT(.debug))

.line
 *(SORT_BY_ALIGNMENT(.line))

.debug_srcinfo
 *(SORT_BY_ALIGNMENT(.debug_srcinfo))

.debug_sfnames
 *(SORT_BY_ALIGNMENT(.debug_sfnames))

.debug_aranges  0x0000000000000000      0xd98
 *(SORT_BY_ALIGNMENT(.debug_aranges))
 .debug_aranges
                0x0000000000000000       0x20 zephyr/arch/arch/arm/core/libarch__arm__core.a(nmi_on_reset.S.obj)
 .debug_aranges
                0x0000000000000020       0x20 zephyr/arch/arch/arm/core/cortex_m/libarch__arm__core__cortex_m.a(fault_s.S.obj)
 .debug_aranges
                0x0000000000000040       0x20 zephyr/arch/arch/arm/core/cortex_m/libarch__arm__core__cortex_m.a(reset.S.obj)
 .debug_aranges
                0x0000000000000060       0x28 zephyr/arch/arch/arm/core/cortex_m/libarch__arm__core__cortex_m.a(swap_helper.S.obj)
 .debug_aranges
                0x0000000000000088       0x20 zephyr/arch/arch/arm/core/cortex_m/libarch__arm__core__cortex_m.a(__aeabi_read_tp.S.obj)
 .debug_aranges
                0x00000000000000a8       0x20 zephyr/CMakeFiles/offsets.dir/./arch/arm/core/offsets/offsets.c.obj
 .debug_aranges
                0x00000000000000c8       0x30 app/libapp.a(main.c.obj)
 .debug_aranges
                0x00000000000000f8       0x88 zephyr/libzephyr.a(heap.c.obj)
 .debug_aranges
                0x0000000000000180       0x50 zephyr/libzephyr.a(printk.c.obj)
 .debug_aranges
                0x00000000000001d0       0x20 zephyr/libzephyr.a(thread_entry.c.obj)
 .debug_aranges
                0x00000000000001f0       0x20 zephyr/libzephyr.a(configs.c.obj)
 .debug_aranges
                0x0000000000000210       0x20 zephyr/libzephyr.a(soc.c.obj)
 .debug_aranges
                0x0000000000000230       0x58 zephyr/libzephyr.a(device_power.c.obj)
 .debug_aranges
                0x0000000000000288       0x28 zephyr/libzephyr.a(power.c.obj)
 .debug_aranges
                0x00000000000002b0       0x68 zephyr/libzephyr.a(pm.c.obj)
 .debug_aranges
                0x0000000000000318       0xa8 zephyr/libzephyr.a(policy.c.obj)
 .debug_aranges
                0x00000000000003c0       0x20 zephyr/libzephyr.a(state.c.obj)
 .debug_aranges
                0x00000000000003e0       0x30 zephyr/arch/arch/arm/core/libarch__arm__core.a(fatal.c.obj)
 .debug_aranges
                0x0000000000000410       0x20 zephyr/arch/arch/arm/core/libarch__arm__core.a(nmi.c.obj)
 .debug_aranges
                0x0000000000000430       0x20 zephyr/arch/arch/arm/core/libarch__arm__core.a(tls.c.obj)
 .debug_aranges
                0x0000000000000450       0x20 zephyr/arch/arch/arm/core/cortex_m/libarch__arm__core__cortex_m.a(exc_exit.c.obj)
 .debug_aranges
                0x0000000000000470       0x40 zephyr/arch/arch/arm/core/cortex_m/libarch__arm__core__cortex_m.a(fault.c.obj)
 .debug_aranges
                0x00000000000004b0       0x20 zephyr/arch/arch/arm/core/cortex_m/libarch__arm__core__cortex_m.a(thread_abort.c.obj)
 .debug_aranges
                0x00000000000004d0       0x28 zephyr/arch/arch/arm/core/cortex_m/libarch__arm__core__cortex_m.a(swap.c.obj)
 .debug_aranges
                0x00000000000004f8       0x48 zephyr/arch/arch/arm/core/cortex_m/libarch__arm__core__cortex_m.a(irq_manage.c.obj)
 .debug_aranges
                0x0000000000000540       0x20 zephyr/arch/arch/arm/core/cortex_m/libarch__arm__core__cortex_m.a(prep_c.c.obj)
 .debug_aranges
                0x0000000000000560       0x38 zephyr/arch/arch/arm/core/cortex_m/libarch__arm__core__cortex_m.a(thread.c.obj)
 .debug_aranges
                0x0000000000000598       0x30 zephyr/arch/arch/arm/core/cortex_m/libarch__arm__core__cortex_m.a(cpu_idle.c.obj)
 .debug_aranges
                0x00000000000005c8       0x20 zephyr/arch/arch/arm/core/cortex_m/libarch__arm__core__cortex_m.a(irq_init.c.obj)
 .debug_aranges
                0x00000000000005e8       0x20 zephyr/arch/arch/arm/core/cortex_m/libarch__arm__core__cortex_m.a(isr_wrapper.c.obj)
 .debug_aranges
                0x0000000000000608       0xb0 zephyr/lib/libc/picolibc/liblib__libc__picolibc.a(libc-hooks.c.obj)
 .debug_aranges
                0x00000000000006b8       0x60 zephyr/lib/libc/common/liblib__libc__common.a(malloc.c.obj)
 .debug_aranges
                0x0000000000000718       0x70 zephyr/drivers/clock_control/libdrivers__clock_control.a(clock_control_mchp_xec.c.obj)
 .debug_aranges
                0x0000000000000788       0x30 zephyr/drivers/console/libdrivers__console.a(uart_console.c.obj)
 .debug_aranges
                0x00000000000007b8       0x90 zephyr/drivers/gpio/libdrivers__gpio.a(gpio_mchp_xec.c.obj)
 .debug_aranges
                0x0000000000000848       0x20 zephyr/drivers/pinctrl/libdrivers__pinctrl.a(common.c.obj)
 .debug_aranges
                0x0000000000000868       0x20 zephyr/drivers/pinctrl/libdrivers__pinctrl.a(pinctrl_mchp_xec.c.obj)
 .debug_aranges
                0x0000000000000888       0x48 zephyr/drivers/serial/libdrivers__serial.a(uart_mchp_xec.c.obj)
 .debug_aranges
                0x00000000000008d0       0x68 zephyr/drivers/timer/libdrivers__timer.a(mchp_xec_rtos_timer.c.obj)
 .debug_aranges
                0x0000000000000938       0x38 zephyr/kernel/libkernel.a(device.c.obj)
 .debug_aranges
                0x0000000000000970       0x38 zephyr/kernel/libkernel.a(fatal.c.obj)
 .debug_aranges
                0x00000000000009a8       0x68 zephyr/kernel/libkernel.a(init.c.obj)
 .debug_aranges
                0x0000000000000a10       0x20 zephyr/kernel/libkernel.a(init_static.c.obj)
 .debug_aranges
                0x0000000000000a30       0x28 zephyr/kernel/libkernel.a(idle.c.obj)
 .debug_aranges
                0x0000000000000a58       0x90 zephyr/kernel/libkernel.a(thread.c.obj)
 .debug_aranges
                0x0000000000000ae8      0x188 zephyr/kernel/libkernel.a(sched.c.obj)
 .debug_aranges
                0x0000000000000c70       0x40 zephyr/kernel/libkernel.a(timeslicing.c.obj)
 .debug_aranges
                0x0000000000000cb0       0x20 zephyr/kernel/libkernel.a(xip.c.obj)
 .debug_aranges
                0x0000000000000cd0       0x90 zephyr/kernel/libkernel.a(timeout.c.obj)
 .debug_aranges
                0x0000000000000d60       0x20 zephyr/kernel/libkernel.a(banner.c.obj)
 .debug_aranges
                0x0000000000000d80       0x18 zephyr/arch/common/libisr_tables.a(isr_tables.c.obj)

.debug_pubnames
 *(SORT_BY_ALIGNMENT(.debug_pubnames))

.debug_info     0x0000000000000000    0x28cfe
 *(SORT_BY_ALIGNMENT(.debug_info) SORT_BY_ALIGNMENT(.gnu.linkonce.wi.*))
 .debug_info    0x0000000000000000       0xdc zephyr/CMakeFiles/offsets.dir/./arch/arm/core/offsets/offsets.c.obj
 .debug_info    0x00000000000000dc      0xe7b app/libapp.a(main.c.obj)
 .debug_info    0x0000000000000f57     0x2fe1 zephyr/libzephyr.a(heap.c.obj)
 .debug_info    0x0000000000003f38      0x591 zephyr/libzephyr.a(printk.c.obj)
 .debug_info    0x00000000000044c9      0x70d zephyr/libzephyr.a(thread_entry.c.obj)
 .debug_info    0x0000000000004bd6       0x38 zephyr/libzephyr.a(configs.c.obj)
 .debug_info    0x0000000000004c0e      0xc94 zephyr/libzephyr.a(soc.c.obj)
 .debug_info    0x00000000000058a2      0xc1b zephyr/libzephyr.a(device_power.c.obj)
 .debug_info    0x00000000000064bd      0x675 zephyr/libzephyr.a(power.c.obj)
 .debug_info    0x0000000000006b32     0x1c22 zephyr/libzephyr.a(pm.c.obj)
 .debug_info    0x0000000000008754     0x23c4 zephyr/libzephyr.a(policy.c.obj)
 .debug_info    0x000000000000ab18      0x239 zephyr/libzephyr.a(state.c.obj)
 .debug_info    0x000000000000ad51      0x6b5 zephyr/arch/arch/arm/core/libarch__arm__core.a(fatal.c.obj)
 .debug_info    0x000000000000b406       0xb6 zephyr/arch/arch/arm/core/libarch__arm__core.a(nmi.c.obj)
 .debug_info    0x000000000000b4bc       0x23 zephyr/arch/arch/arm/core/libarch__arm__core.a(nmi_on_reset.S.obj)
 .debug_info    0x000000000000b4df      0x6e7 zephyr/arch/arch/arm/core/libarch__arm__core.a(tls.c.obj)
 .debug_info    0x000000000000bbc6      0x78c zephyr/arch/arch/arm/core/cortex_m/libarch__arm__core__cortex_m.a(exc_exit.c.obj)
 .debug_info    0x000000000000c352     0x14b1 zephyr/arch/arch/arm/core/cortex_m/libarch__arm__core__cortex_m.a(fault.c.obj)
 .debug_info    0x000000000000d803       0x23 zephyr/arch/arch/arm/core/cortex_m/libarch__arm__core__cortex_m.a(fault_s.S.obj)
 .debug_info    0x000000000000d826       0x23 zephyr/arch/arch/arm/core/cortex_m/libarch__arm__core__cortex_m.a(reset.S.obj)
 .debug_info    0x000000000000d849      0x833 zephyr/arch/arch/arm/core/cortex_m/libarch__arm__core__cortex_m.a(thread_abort.c.obj)
 .debug_info    0x000000000000e07c      0x9d8 zephyr/arch/arch/arm/core/cortex_m/libarch__arm__core__cortex_m.a(swap.c.obj)
 .debug_info    0x000000000000ea54       0x22 zephyr/arch/arch/arm/core/cortex_m/libarch__arm__core__cortex_m.a(swap_helper.S.obj)
 .debug_info    0x000000000000ea76     0x100e zephyr/arch/arch/arm/core/cortex_m/libarch__arm__core__cortex_m.a(irq_manage.c.obj)
 .debug_info    0x000000000000fa84      0x3d8 zephyr/arch/arch/arm/core/cortex_m/libarch__arm__core__cortex_m.a(prep_c.c.obj)
 .debug_info    0x000000000000fe5c      0xa6e zephyr/arch/arch/arm/core/cortex_m/libarch__arm__core__cortex_m.a(thread.c.obj)
 .debug_info    0x00000000000108ca      0x48b zephyr/arch/arch/arm/core/cortex_m/libarch__arm__core__cortex_m.a(cpu_idle.c.obj)
 .debug_info    0x0000000000010d55      0x7aa zephyr/arch/arch/arm/core/cortex_m/libarch__arm__core__cortex_m.a(irq_init.c.obj)
 .debug_info    0x00000000000114ff      0x6f9 zephyr/arch/arch/arm/core/cortex_m/libarch__arm__core__cortex_m.a(isr_wrapper.c.obj)
 .debug_info    0x0000000000011bf8       0x23 zephyr/arch/arch/arm/core/cortex_m/libarch__arm__core__cortex_m.a(__aeabi_read_tp.S.obj)
 .debug_info    0x0000000000011c1b      0xf3a zephyr/lib/libc/picolibc/liblib__libc__picolibc.a(libc-hooks.c.obj)
 .debug_info    0x0000000000012b55      0xdbf zephyr/lib/libc/common/liblib__libc__common.a(malloc.c.obj)
 .debug_info    0x0000000000013914     0x19bd zephyr/drivers/clock_control/libdrivers__clock_control.a(clock_control_mchp_xec.c.obj)
 .debug_info    0x00000000000152d1      0x812 zephyr/drivers/console/libdrivers__console.a(uart_console.c.obj)
 .debug_info    0x0000000000015ae3     0x1934 zephyr/drivers/gpio/libdrivers__gpio.a(gpio_mchp_xec.c.obj)
 .debug_info    0x0000000000017417      0x18a zephyr/drivers/pinctrl/libdrivers__pinctrl.a(common.c.obj)
 .debug_info    0x00000000000175a1      0x4be zephyr/drivers/pinctrl/libdrivers__pinctrl.a(pinctrl_mchp_xec.c.obj)
 .debug_info    0x0000000000017a5f     0x16c4 zephyr/drivers/serial/libdrivers__serial.a(uart_mchp_xec.c.obj)
 .debug_info    0x0000000000019123     0x1992 zephyr/drivers/timer/libdrivers__timer.a(mchp_xec_rtos_timer.c.obj)
 .debug_info    0x000000000001aab5      0x343 zephyr/kernel/libkernel.a(device.c.obj)
 .debug_info    0x000000000001adf8      0xcb7 zephyr/kernel/libkernel.a(fatal.c.obj)
 .debug_info    0x000000000001baaf     0x2093 zephyr/kernel/libkernel.a(init.c.obj)
 .debug_info    0x000000000001db42       0x38 zephyr/kernel/libkernel.a(init_static.c.obj)
 .debug_info    0x000000000001db7a      0x868 zephyr/kernel/libkernel.a(idle.c.obj)
 .debug_info    0x000000000001e3e2     0x156e zephyr/kernel/libkernel.a(thread.c.obj)
 .debug_info    0x000000000001f950     0x64aa zephyr/kernel/libkernel.a(sched.c.obj)
 .debug_info    0x0000000000025dfa      0xf4a zephyr/kernel/libkernel.a(timeslicing.c.obj)
 .debug_info    0x0000000000026d44      0x142 zephyr/kernel/libkernel.a(xip.c.obj)
 .debug_info    0x0000000000026e86     0x1be4 zephyr/kernel/libkernel.a(timeout.c.obj)
 .debug_info    0x0000000000028a6a       0xc5 zephyr/kernel/libkernel.a(banner.c.obj)
 .debug_info    0x0000000000028b2f      0x1cf zephyr/arch/common/libisr_tables.a(isr_tables.c.obj)

.debug_abbrev   0x0000000000000000     0x8a41
 *(SORT_BY_ALIGNMENT(.debug_abbrev))
 .debug_abbrev  0x0000000000000000       0x62 zephyr/CMakeFiles/offsets.dir/./arch/arm/core/offsets/offsets.c.obj
 .debug_abbrev  0x0000000000000062      0x434 app/libapp.a(main.c.obj)
 .debug_abbrev  0x0000000000000496      0x434 zephyr/libzephyr.a(heap.c.obj)
 .debug_abbrev  0x00000000000008ca      0x2e2 zephyr/libzephyr.a(printk.c.obj)
 .debug_abbrev  0x0000000000000bac      0x2bc zephyr/libzephyr.a(thread_entry.c.obj)
 .debug_abbrev  0x0000000000000e68       0x2e zephyr/libzephyr.a(configs.c.obj)
 .debug_abbrev  0x0000000000000e96      0x33b zephyr/libzephyr.a(soc.c.obj)
 .debug_abbrev  0x00000000000011d1      0x295 zephyr/libzephyr.a(device_power.c.obj)
 .debug_abbrev  0x0000000000001466      0x1d3 zephyr/libzephyr.a(power.c.obj)
 .debug_abbrev  0x0000000000001639      0x570 zephyr/libzephyr.a(pm.c.obj)
 .debug_abbrev  0x0000000000001ba9      0x582 zephyr/libzephyr.a(policy.c.obj)
 .debug_abbrev  0x000000000000212b       0xf8 zephyr/libzephyr.a(state.c.obj)
 .debug_abbrev  0x0000000000002223      0x2a4 zephyr/arch/arch/arm/core/libarch__arm__core.a(fatal.c.obj)
 .debug_abbrev  0x00000000000024c7       0x70 zephyr/arch/arch/arm/core/libarch__arm__core.a(nmi.c.obj)
 .debug_abbrev  0x0000000000002537       0x14 zephyr/arch/arch/arm/core/libarch__arm__core.a(nmi_on_reset.S.obj)
 .debug_abbrev  0x000000000000254b      0x2a1 zephyr/arch/arch/arm/core/libarch__arm__core.a(tls.c.obj)
 .debug_abbrev  0x00000000000027ec      0x17f zephyr/arch/arch/arm/core/cortex_m/libarch__arm__core__cortex_m.a(exc_exit.c.obj)
 .debug_abbrev  0x000000000000296b      0x411 zephyr/arch/arch/arm/core/cortex_m/libarch__arm__core__cortex_m.a(fault.c.obj)
 .debug_abbrev  0x0000000000002d7c       0x14 zephyr/arch/arch/arm/core/cortex_m/libarch__arm__core__cortex_m.a(fault_s.S.obj)
 .debug_abbrev  0x0000000000002d90       0x14 zephyr/arch/arch/arm/core/cortex_m/libarch__arm__core__cortex_m.a(reset.S.obj)
 .debug_abbrev  0x0000000000002da4      0x227 zephyr/arch/arch/arm/core/cortex_m/libarch__arm__core__cortex_m.a(thread_abort.c.obj)
 .debug_abbrev  0x0000000000002fcb      0x2b0 zephyr/arch/arch/arm/core/cortex_m/libarch__arm__core__cortex_m.a(swap.c.obj)
 .debug_abbrev  0x000000000000327b       0x12 zephyr/arch/arch/arm/core/cortex_m/libarch__arm__core__cortex_m.a(swap_helper.S.obj)
 .debug_abbrev  0x000000000000328d      0x319 zephyr/arch/arch/arm/core/cortex_m/libarch__arm__core__cortex_m.a(irq_manage.c.obj)
 .debug_abbrev  0x00000000000035a6      0x17d zephyr/arch/arch/arm/core/cortex_m/libarch__arm__core__cortex_m.a(prep_c.c.obj)
 .debug_abbrev  0x0000000000003723      0x365 zephyr/arch/arch/arm/core/cortex_m/libarch__arm__core__cortex_m.a(thread.c.obj)
 .debug_abbrev  0x0000000000003a88      0x16f zephyr/arch/arch/arm/core/cortex_m/libarch__arm__core__cortex_m.a(cpu_idle.c.obj)
 .debug_abbrev  0x0000000000003bf7      0x16a zephyr/arch/arch/arm/core/cortex_m/libarch__arm__core__cortex_m.a(irq_init.c.obj)
 .debug_abbrev  0x0000000000003d61      0x240 zephyr/arch/arch/arm/core/cortex_m/libarch__arm__core__cortex_m.a(isr_wrapper.c.obj)
 .debug_abbrev  0x0000000000003fa1       0x14 zephyr/arch/arch/arm/core/cortex_m/libarch__arm__core__cortex_m.a(__aeabi_read_tp.S.obj)
 .debug_abbrev  0x0000000000003fb5      0x504 zephyr/lib/libc/picolibc/liblib__libc__picolibc.a(libc-hooks.c.obj)
 .debug_abbrev  0x00000000000044b9      0x463 zephyr/lib/libc/common/liblib__libc__common.a(malloc.c.obj)
 .debug_abbrev  0x000000000000491c      0x530 zephyr/drivers/clock_control/libdrivers__clock_control.a(clock_control_mchp_xec.c.obj)
 .debug_abbrev  0x0000000000004e4c      0x399 zephyr/drivers/console/libdrivers__console.a(uart_console.c.obj)
 .debug_abbrev  0x00000000000051e5      0x48f zephyr/drivers/gpio/libdrivers__gpio.a(gpio_mchp_xec.c.obj)
 .debug_abbrev  0x0000000000005674       0xd0 zephyr/drivers/pinctrl/libdrivers__pinctrl.a(common.c.obj)
 .debug_abbrev  0x0000000000005744      0x1b7 zephyr/drivers/pinctrl/libdrivers__pinctrl.a(pinctrl_mchp_xec.c.obj)
 .debug_abbrev  0x00000000000058fb      0x48e zephyr/drivers/serial/libdrivers__serial.a(uart_mchp_xec.c.obj)
 .debug_abbrev  0x0000000000005d89      0x60a zephyr/drivers/timer/libdrivers__timer.a(mchp_xec_rtos_timer.c.obj)
 .debug_abbrev  0x0000000000006393      0x1bc zephyr/kernel/libkernel.a(device.c.obj)
 .debug_abbrev  0x000000000000654f      0x3c3 zephyr/kernel/libkernel.a(fatal.c.obj)
 .debug_abbrev  0x0000000000006912      0x6f1 zephyr/kernel/libkernel.a(init.c.obj)
 .debug_abbrev  0x0000000000007003       0x2e zephyr/kernel/libkernel.a(init_static.c.obj)
 .debug_abbrev  0x0000000000007031      0x2fd zephyr/kernel/libkernel.a(idle.c.obj)
 .debug_abbrev  0x000000000000732e      0x4de zephyr/kernel/libkernel.a(thread.c.obj)
 .debug_abbrev  0x000000000000780c      0x67b zephyr/kernel/libkernel.a(sched.c.obj)
 .debug_abbrev  0x0000000000007e87      0x42f zephyr/kernel/libkernel.a(timeslicing.c.obj)
 .debug_abbrev  0x00000000000082b6       0xbe zephyr/kernel/libkernel.a(xip.c.obj)
 .debug_abbrev  0x0000000000008374      0x524 zephyr/kernel/libkernel.a(timeout.c.obj)
 .debug_abbrev  0x0000000000008898       0x8f zephyr/kernel/libkernel.a(banner.c.obj)
 .debug_abbrev  0x0000000000008927      0x11a zephyr/arch/common/libisr_tables.a(isr_tables.c.obj)

.debug_line     0x0000000000000000    0x13e4c
 *(SORT_BY_ALIGNMENT(.debug_line) SORT_BY_ALIGNMENT(.debug_line.*) SORT_BY_ALIGNMENT(.debug_line_end))
 .debug_line    0x0000000000000000      0x133 zephyr/CMakeFiles/offsets.dir/./arch/arm/core/offsets/offsets.c.obj
 .debug_line    0x0000000000000133      0x450 app/libapp.a(main.c.obj)
 .debug_line    0x0000000000000583     0x114c zephyr/libzephyr.a(heap.c.obj)
 .debug_line    0x00000000000016cf      0x3e4 zephyr/libzephyr.a(printk.c.obj)
 .debug_line    0x0000000000001ab3      0x3dd zephyr/libzephyr.a(thread_entry.c.obj)
 .debug_line    0x0000000000001e90      0x1c0 zephyr/libzephyr.a(configs.c.obj)
 .debug_line    0x0000000000002050      0x356 zephyr/libzephyr.a(soc.c.obj)
 .debug_line    0x00000000000023a6      0x45c zephyr/libzephyr.a(device_power.c.obj)
 .debug_line    0x0000000000002802      0x439 zephyr/libzephyr.a(power.c.obj)
 .debug_line    0x0000000000002c3b      0xce5 zephyr/libzephyr.a(pm.c.obj)
 .debug_line    0x0000000000003920     0x12d5 zephyr/libzephyr.a(policy.c.obj)
 .debug_line    0x0000000000004bf5      0x1ce zephyr/libzephyr.a(state.c.obj)
 .debug_line    0x0000000000004dc3      0x349 zephyr/arch/arch/arm/core/libarch__arm__core.a(fatal.c.obj)
 .debug_line    0x000000000000510c       0xbb zephyr/arch/arch/arm/core/libarch__arm__core.a(nmi.c.obj)
 .debug_line    0x00000000000051c7       0x6f zephyr/arch/arch/arm/core/libarch__arm__core.a(nmi_on_reset.S.obj)
 .debug_line    0x0000000000005236      0x408 zephyr/arch/arch/arm/core/libarch__arm__core.a(tls.c.obj)
 .debug_line    0x000000000000563e      0x335 zephyr/arch/arch/arm/core/cortex_m/libarch__arm__core__cortex_m.a(exc_exit.c.obj)
 .debug_line    0x0000000000005973      0x8cd zephyr/arch/arch/arm/core/cortex_m/libarch__arm__core__cortex_m.a(fault.c.obj)
 .debug_line    0x0000000000006240       0x7c zephyr/arch/arch/arm/core/cortex_m/libarch__arm__core__cortex_m.a(fault_s.S.obj)
 .debug_line    0x00000000000062bc       0x81 zephyr/arch/arch/arm/core/cortex_m/libarch__arm__core__cortex_m.a(reset.S.obj)
 .debug_line    0x000000000000633d      0x3fe zephyr/arch/arch/arm/core/cortex_m/libarch__arm__core__cortex_m.a(thread_abort.c.obj)
 .debug_line    0x000000000000673b      0x46c zephyr/arch/arch/arm/core/cortex_m/libarch__arm__core__cortex_m.a(swap.c.obj)
 .debug_line    0x0000000000006ba7       0xb4 zephyr/arch/arch/arm/core/cortex_m/libarch__arm__core__cortex_m.a(swap_helper.S.obj)
 .debug_line    0x0000000000006c5b      0x592 zephyr/arch/arch/arm/core/cortex_m/libarch__arm__core__cortex_m.a(irq_manage.c.obj)
 .debug_line    0x00000000000071ed      0x305 zephyr/arch/arch/arm/core/cortex_m/libarch__arm__core__cortex_m.a(prep_c.c.obj)
 .debug_line    0x00000000000074f2      0x574 zephyr/arch/arch/arm/core/cortex_m/libarch__arm__core__cortex_m.a(thread.c.obj)
 .debug_line    0x0000000000007a66      0x31c zephyr/arch/arch/arm/core/cortex_m/libarch__arm__core__cortex_m.a(cpu_idle.c.obj)
 .debug_line    0x0000000000007d82      0x244 zephyr/arch/arch/arm/core/cortex_m/libarch__arm__core__cortex_m.a(irq_init.c.obj)
 .debug_line    0x0000000000007fc6      0x441 zephyr/arch/arch/arm/core/cortex_m/libarch__arm__core__cortex_m.a(isr_wrapper.c.obj)
 .debug_line    0x0000000000008407       0x7d zephyr/arch/arch/arm/core/cortex_m/libarch__arm__core__cortex_m.a(__aeabi_read_tp.S.obj)
 .debug_line    0x0000000000008484      0x769 zephyr/lib/libc/picolibc/liblib__libc__picolibc.a(libc-hooks.c.obj)
 .debug_line    0x0000000000008bed      0x6c4 zephyr/lib/libc/common/liblib__libc__common.a(malloc.c.obj)
 .debug_line    0x00000000000092b1      0xafe zephyr/drivers/clock_control/libdrivers__clock_control.a(clock_control_mchp_xec.c.obj)
 .debug_line    0x0000000000009daf      0x3f9 zephyr/drivers/console/libdrivers__console.a(uart_console.c.obj)
 .debug_line    0x000000000000a1a8      0x999 zephyr/drivers/gpio/libdrivers__gpio.a(gpio_mchp_xec.c.obj)
 .debug_line    0x000000000000ab41      0x1e2 zephyr/drivers/pinctrl/libdrivers__pinctrl.a(common.c.obj)
 .debug_line    0x000000000000ad23      0x40b zephyr/drivers/pinctrl/libdrivers__pinctrl.a(pinctrl_mchp_xec.c.obj)
 .debug_line    0x000000000000b12e      0x9e2 zephyr/drivers/serial/libdrivers__serial.a(uart_mchp_xec.c.obj)
 .debug_line    0x000000000000bb10      0xa4a zephyr/drivers/timer/libdrivers__timer.a(mchp_xec_rtos_timer.c.obj)
 .debug_line    0x000000000000c55a      0x368 zephyr/kernel/libkernel.a(device.c.obj)
 .debug_line    0x000000000000c8c2      0x678 zephyr/kernel/libkernel.a(fatal.c.obj)
 .debug_line    0x000000000000cf3a      0xd06 zephyr/kernel/libkernel.a(init.c.obj)
 .debug_line    0x000000000000dc40       0x68 zephyr/kernel/libkernel.a(init_static.c.obj)
 .debug_line    0x000000000000dca8      0x50c zephyr/kernel/libkernel.a(idle.c.obj)
 .debug_line    0x000000000000e1b4      0xacc zephyr/kernel/libkernel.a(thread.c.obj)
 .debug_line    0x000000000000ec80     0x34b7 zephyr/kernel/libkernel.a(sched.c.obj)
 .debug_line    0x0000000000012137      0x704 zephyr/kernel/libkernel.a(timeslicing.c.obj)
 .debug_line    0x000000000001283b      0x211 zephyr/kernel/libkernel.a(xip.c.obj)
 .debug_line    0x0000000000012a4c     0x1201 zephyr/kernel/libkernel.a(timeout.c.obj)
 .debug_line    0x0000000000013c4d       0xa7 zephyr/kernel/libkernel.a(banner.c.obj)
 .debug_line    0x0000000000013cf4      0x158 zephyr/arch/common/libisr_tables.a(isr_tables.c.obj)

.debug_frame    0x0000000000000000     0x1d88
 *(SORT_BY_ALIGNMENT(.debug_frame))
 .debug_frame   0x0000000000000000       0x20 zephyr/CMakeFiles/offsets.dir/./arch/arm/core/offsets/offsets.c.obj
 .debug_frame   0x0000000000000020       0x64 app/libapp.a(main.c.obj)
 .debug_frame   0x0000000000000084      0x1d4 zephyr/libzephyr.a(heap.c.obj)
 .debug_frame   0x0000000000000258       0xbc zephyr/libzephyr.a(printk.c.obj)
 .debug_frame   0x0000000000000314       0x28 zephyr/libzephyr.a(thread_entry.c.obj)
 .debug_frame   0x000000000000033c       0x20 zephyr/libzephyr.a(configs.c.obj)
 .debug_frame   0x000000000000035c       0x20 zephyr/libzephyr.a(soc.c.obj)
 .debug_frame   0x000000000000037c       0xa8 zephyr/libzephyr.a(device_power.c.obj)
 .debug_frame   0x0000000000000424       0x38 zephyr/libzephyr.a(power.c.obj)
 .debug_frame   0x000000000000045c       0xf0 zephyr/libzephyr.a(pm.c.obj)