Archive member included to satisfy reference by file (symbol)

app/libapp.a(main.c.obj)      (--whole-archive)
zephyr/libzephyr.a(heap.c.obj)
                              (--whole-archive)
zephyr/libzephyr.a(cbprintf_packaged.c.obj)
                              (--whole-archive)
zephyr/libzephyr.a(printk.c.obj)
                              (--whole-archive)
zephyr/libzephyr.a(sem.c.obj)
                              (--whole-archive)
zephyr/libzephyr.a(thread_entry.c.obj)
                              (--whole-archive)
zephyr/libzephyr.a(cbprintf_complete.c.obj)
                              (--whole-archive)
zephyr/libzephyr.a(assert.c.obj)
                              (--whole-archive)
zephyr/libzephyr.a(dec.c.obj)
                              (--whole-archive)
zephyr/libzephyr.a(hex.c.obj)
                              (--whole-archive)
zephyr/libzephyr.a(rb.c.obj)  (--whole-archive)
zephyr/libzephyr.a(timeutil.c.obj)
                              (--whole-archive)
zephyr/libzephyr.a(bitarray.c.obj)
                              (--whole-archive)
zephyr/libzephyr.a(configs.c.obj)
                              (--whole-archive)
zephyr/libzephyr.a(soc.c.obj)
                              (--whole-archive)
zephyr/libzephyr.a(device_power.c.obj)
                              (--whole-archive)
zephyr/libzephyr.a(power.c.obj)
                              (--whole-archive)
zephyr/libzephyr.a(pm.c.obj)  (--whole-archive)
zephyr/libzephyr.a(policy.c.obj)
                              (--whole-archive)
zephyr/libzephyr.a(state.c.obj)
                              (--whole-archive)
zephyr/libzephyr.a(tracing_none.c.obj)
                              (--whole-archive)
zephyr/arch/common/libarch__common.a(sw_isr_common.c.obj)
                              (--whole-archive)
zephyr/arch/arch/arm/core/libarch__arm__core.a(fatal.c.obj)
                              (--whole-archive)
zephyr/arch/arch/arm/core/libarch__arm__core.a(nmi.c.obj)
                              (--whole-archive)
zephyr/arch/arch/arm/core/libarch__arm__core.a(nmi_on_reset.S.obj)
                              (--whole-archive)
zephyr/arch/arch/arm/core/libarch__arm__core.a(tls.c.obj)
                              (--whole-archive)
zephyr/arch/arch/arm/core/cortex_m/libarch__arm__core__cortex_m.a(exc_exit.c.obj)
                              (--whole-archive)
zephyr/arch/arch/arm/core/cortex_m/libarch__arm__core__cortex_m.a(fault.c.obj)
                              (--whole-archive)
zephyr/arch/arch/arm/core/cortex_m/libarch__arm__core__cortex_m.a(fault_s.S.obj)
                              (--whole-archive)
zephyr/arch/arch/arm/core/cortex_m/libarch__arm__core__cortex_m.a(fpu.c.obj)
                              (--whole-archive)
zephyr/arch/arch/arm/core/cortex_m/libarch__arm__core__cortex_m.a(reset.S.obj)
                              (--whole-archive)
zephyr/arch/arch/arm/core/cortex_m/libarch__arm__core__cortex_m.a(scb.c.obj)
                              (--whole-archive)
zephyr/arch/arch/arm/core/cortex_m/libarch__arm__core__cortex_m.a(thread_abort.c.obj)
                              (--whole-archive)
zephyr/arch/arch/arm/core/cortex_m/libarch__arm__core__cortex_m.a(vector_table.S.obj)
                              (--whole-archive)
zephyr/arch/arch/arm/core/cortex_m/libarch__arm__core__cortex_m.a(swap.c.obj)
                              (--whole-archive)
zephyr/arch/arch/arm/core/cortex_m/libarch__arm__core__cortex_m.a(swap_helper.S.obj)
                              (--whole-archive)
zephyr/arch/arch/arm/core/cortex_m/libarch__arm__core__cortex_m.a(irq_manage.c.obj)
                              (--whole-archive)
zephyr/arch/arch/arm/core/cortex_m/libarch__arm__core__cortex_m.a(prep_c.c.obj)
                              (--whole-archive)
zephyr/arch/arch/arm/core/cortex_m/libarch__arm__core__cortex_m.a(thread.c.obj)
                              (--whole-archive)
zephyr/arch/arch/arm/core/cortex_m/libarch__arm__core__cortex_m.a(cpu_idle.c.obj)
                              (--whole-archive)
zephyr/arch/arch/arm/core/cortex_m/libarch__arm__core__cortex_m.a(irq_init.c.obj)
                              (--whole-archive)
zephyr/arch/arch/arm/core/cortex_m/libarch__arm__core__cortex_m.a(isr_wrapper.c.obj)
                              (--whole-archive)
zephyr/arch/arch/arm/core/cortex_m/libarch__arm__core__cortex_m.a(__aeabi_read_tp.S.obj)
                              (--whole-archive)
zephyr/lib/libc/picolibc/liblib__libc__picolibc.a(libc-hooks.c.obj)
                              (--whole-archive)
zephyr/lib/libc/common/liblib__libc__common.a(abort.c.obj)
                              (--whole-archive)
zephyr/lib/libc/common/liblib__libc__common.a(malloc.c.obj)
                              (--whole-archive)
zephyr/drivers/clock_control/libdrivers__clock_control.a(clock_control_mchp_xec.c.obj)
                              (--whole-archive)
zephyr/drivers/console/libdrivers__console.a(uart_console.c.obj)
[...]
Memory Configuration

Name             Origin             Length             Attributes
FLASH            0x00000000000e0000 0x0000000000038000 xr
RAM              0x0000000000118000 0x0000000000008000 xw
IDT_LIST         0x00000000ffff7fff 0x0000000000008000 xw
*default*        0x0000000000000000 0xffffffffffffffff

Linker script and memory map

                0x00000000000e264c                vfprintf = __l_vfprintf
                0x0000000000000000                vfscanf = __l_vfscanf
LOAD zephyr/CMakeFiles/zephyr_final.dir/misc/empty_file.c.obj
LOAD zephyr/CMakeFiles/zephyr_final.dir/isr_tables.c.obj
LOAD zephyr/CMakeFiles/offsets.dir/./arch/arm/core/offsets/offsets.c.obj
LOAD app/libapp.a
LOAD zephyr/libzephyr.a
LOAD zephyr/arch/common/libarch__common.a
LOAD zephyr/arch/arch/arm/core/libarch__arm__core.a
LOAD zephyr/arch/arch/arm/core/cortex_m/libarch__arm__core__cortex_m.a
LOAD zephyr/lib/libc/picolibc/liblib__libc__picolibc.a
LOAD zephyr/lib/libc/common/liblib__libc__common.a
LOAD zephyr/drivers/clock_control/libdrivers__clock_control.a
LOAD zephyr/drivers/console/libdrivers__console.a
LOAD zephyr/drivers/gpio/libdrivers__gpio.a
LOAD zephyr/drivers/pinctrl/libdrivers__pinctrl.a
LOAD zephyr/drivers/serial/libdrivers__serial.a
LOAD zephyr/drivers/timer/libdrivers__timer.a
LOAD zephyr/kernel/libkernel.a
LOAD /home/leena/zephyr-sdk-0.16.8/arm-zephyr-eabi/bin/../lib/gcc/arm-zephyr-eabi/12.2.0/thumb/v7e-m/nofp/libgcc.a
LOAD zephyr/arch/common/libisr_tables.a
LOAD /home/leena/zephyr-sdk-0.16.8/arm-zephyr-eabi/bin/../lib/gcc/../../picolibc/arm-zephyr-eabi/lib/thumb/v7e-m/nofp/libc.a
LOAD /home/leena/zephyr-sdk-0.16.8/arm-zephyr-eabi/bin/../lib/gcc/arm-zephyr-eabi/12.2.0/thumb/v7e-m/nofp/libgcc.a
                0x0000000000000004                _region_min_align = 0x4

.rel.plt        0x00000000000e0000        0x0
 *(SORT_BY_ALIGNMENT(.rel.plt))
                [!provide]                        PROVIDE (__rel_iplt_start = .)
 *(SORT_BY_ALIGNMENT(.rel.iplt))
 .rel.iplt      0x00000000000e0000        0x0 zephyr/CMakeFiles/zephyr_final.dir/isr_tables.c.obj
                [!provide]                        PROVIDE (__rel_iplt_end = .)

.rela.plt       0x0000000000000000        0x0
 *(SORT_BY_ALIGNMENT(.rela.plt))
                [!provide]                        PROVIDE (__rela_iplt_start = .)
 *(SORT_BY_ALIGNMENT(.rela.iplt))
                [!provide]                        PROVIDE (__rela_iplt_end = .)

.rel.dyn
 *(SORT_BY_ALIGNMENT(.rel.*))

.rela.dyn
 *(SORT_BY_ALIGNMENT(.rela.*))

/DISCARD/
 *(SORT_BY_ALIGNMENT(.plt))

/DISCARD/
 *(SORT_BY_ALIGNMENT(.iplt))
                0x00000000000e0000                __rom_region_start = 0xe0000

rom_start       0x00000000000e0000      0x2f8
                0x00000000000e0000                __rom_start_address = .
 FILL mask 0x00
                0x00000000000e0000                . = (. + (0x0 - (. - __rom_start_address)))
                0x00000000000e0000                . = ALIGN (0x4)
                0x00000000000e0000                . = ALIGN (0x80)
                0x00000000000e0000                . = ALIGN (0x400)
                0x00000000000e0000                _vector_start = .
 *(SORT_BY_ALIGNMENT(.exc_vector_table))
 *(SORT_BY_ALIGNMENT(.exc_vector_table.*))
 .exc_vector_table._vector_table_section
                0x00000000000e0000       0x40 zephyr/arch/arch/arm/core/cortex_m/libarch__arm__core__cortex_m.a(vector_table.S.obj)
                0x00000000000e0000                _vector_table
 *(SORT_BY_ALIGNMENT(.vectors))
                0x00000000000e02f8                _vector_end = .
                0x00000000000e0040                . = ALIGN (0x4)
 *(SORT_BY_ALIGNMENT(.gnu.linkonce.irq_vector_table*))
 .gnu.linkonce.irq_vector_table
                0x00000000000e0040      0x2b8 zephyr/CMakeFiles/zephyr_final.dir/isr_tables.c.obj
                0x00000000000e0040                _irq_vector_table
                0x00000000000e02f8                _vector_end = .

text            0x00000000000e02f8     0x2f74
                0x00000000000e02f8                __text_region_start = .
 *(SORT_BY_ALIGNMENT(.text))
 .text          0x00000000000e02f8       0x30 /home/leena/zephyr-sdk-0.16.8/arm-zephyr-eabi/bin/../lib/gcc/arm-zephyr-eabi/12.2.0/thumb/v7e-m/nofp/libgcc.a(_aeabi_uldivmod.o)
                0x00000000000e02f8                __aeabi_uldivmod
 .text          0x00000000000e0328        0x4 /home/leena/zephyr-sdk-0.16.8/arm-zephyr-eabi/bin/../lib/gcc/arm-zephyr-eabi/12.2.0/thumb/v7e-m/nofp/libgcc.a(_dvmd_tls.o)
                0x00000000000e0328                __aeabi_ldiv0
                0x00000000000e0328                __aeabi_idiv0
 .text          0x00000000000e032c      0x2a0 /home/leena/zephyr-sdk-0.16.8/arm-zephyr-eabi/bin/../lib/gcc/arm-zephyr-eabi/12.2.0/thumb/v7e-m/nofp/libgcc.a(_udivmoddi4.o)
                0x00000000000e032c                __udivmoddi4
 *(SORT_BY_ALIGNMENT(.text.*))
 .text.button_pressed
                0x00000000000e05cc       0x18 app/libapp.a(main.c.obj)
                0x00000000000e05cc                button_pressed
 .text.main     0x00000000000e05e4      0x164 app/libapp.a(main.c.obj)
                0x00000000000e05e4                main
 .text.char_out
                0x00000000000e0748        0xc zephyr/libzephyr.a(printk.c.obj)
 .text.__printk_hook_install
                0x00000000000e0754        0xc zephyr/libzephyr.a(printk.c.obj)
                0x00000000000e0754                __printk_hook_install
 .text.vprintk  0x00000000000e0760       0x30 zephyr/libzephyr.a(printk.c.obj)
                0x00000000000e0760                vprintk
 .text.z_thread_entry
                0x00000000000e0790       0x34 zephyr/libzephyr.a(thread_entry.c.obj)
                0x00000000000e0790                z_thread_entry
 .text.soc_init
                0x00000000000e07c4       0x88 zephyr/libzephyr.a(soc.c.obj)
 .text.soc_lite_sleep_enable
                0x00000000000e084c       0x1c zephyr/libzephyr.a(device_power.c.obj)
                0x00000000000e084c                soc_lite_sleep_enable
 .text.soc_deep_sleep_enable
                0x00000000000e0868       0x18 zephyr/libzephyr.a(device_power.c.obj)
                0x00000000000e0868                soc_deep_sleep_enable
 .text.soc_deep_sleep_disable
                0x00000000000e0880       0x1c zephyr/libzephyr.a(device_power.c.obj)
                0x00000000000e0880                soc_deep_sleep_disable
 .text.soc_deep_sleep_periph_save
                0x00000000000e089c       0x90 zephyr/libzephyr.a(device_power.c.obj)
                0x00000000000e089c                soc_deep_sleep_periph_save
 .text.soc_deep_sleep_periph_restore
                0x00000000000e092c       0x60 zephyr/libzephyr.a(device_power.c.obj)
                0x00000000000e092c                soc_deep_sleep_periph_restore
 .text.pm_state_set
                0x00000000000e098c       0x70 zephyr/libzephyr.a(power.c.obj)
                0x00000000000e098c                pm_state_set
 .text.pm_state_notify
                0x00000000000e09fc       0x58 zephyr/libzephyr.a(pm.c.obj)
 .text.pm_system_resume
                0x00000000000e0a54       0x64 zephyr/libzephyr.a(pm.c.obj)
                0x00000000000e0a54                pm_system_resume
 .text.pm_system_suspend
                0x00000000000e0ab8      0x104 zephyr/libzephyr.a(pm.c.obj)
                0x00000000000e0ab8                pm_system_suspend
 .text.pm_policy_next_event_ticks
                0x00000000000e0bbc       0x24 zephyr/libzephyr.a(policy.c.obj)
                0x00000000000e0bbc                pm_policy_next_event_ticks
 .text.pm_policy_state_lock_is_active
                0x00000000000e0be0       0x58 zephyr/libzephyr.a(policy.c.obj)
                0x00000000000e0be0                pm_policy_state_lock_is_active
 .text.pm_policy_next_state
                0x00000000000e0c38       0xf4 zephyr/libzephyr.a(policy.c.obj)
                0x00000000000e0c38                pm_policy_next_state
 .text.pm_state_cpu_get_all
                0x00000000000e0d2c       0x20 zephyr/libzephyr.a(state.c.obj)
                0x00000000000e0d2c                pm_state_cpu_get_all
 .text.z_SysNmiOnReset
                0x00000000000e0d4c        0x8 zephyr/arch/arch/arm/core/libarch__arm__core.a(nmi_on_reset.S.obj)
                0x00000000000e0d4c                z_SysNmiOnReset
 .text.arch_tls_stack_setup
                0x00000000000e0d54       0x40 zephyr/arch/arch/arm/core/libarch__arm__core.a(tls.c.obj)
                0x00000000000e0d54                arch_tls_stack_setup
 .text._HandlerModeExit
                0x00000000000e0d94       0x28 zephyr/arch/arch/arm/core/cortex_m/libarch__arm__core__cortex_m.a(exc_exit.c.obj)
                0x00000000000e0d94                z_arm_exc_exit
                0x00000000000e0d94                z_arm_int_exit
 .text.usage_fault.constprop.0
                0x00000000000e0dbc       0x54 zephyr/arch/arch/arm/core/cortex_m/libarch__arm__core__cortex_m.a(fault.c.obj)
 .text.bus_fault.constprop.0
                0x00000000000e0e10       0x60 zephyr/arch/arch/arm/core/cortex_m/libarch__arm__core__cortex_m.a(fault.c.obj)
 .text.mem_manage_fault.constprop.0
                0x00000000000e0e70       0x5c zephyr/arch/arch/arm/core/cortex_m/libarch__arm__core__cortex_m.a(fault.c.obj)
 .text.z_arm_fault
                0x00000000000e0ecc      0x124 zephyr/arch/arch/arm/core/cortex_m/libarch__arm__core__cortex_m.a(fault.c.obj)
                0x00000000000e0ecc                z_arm_fault
 .text.z_arm_fault_init
                0x00000000000e0ff0       0x18 zephyr/arch/arch/arm/core/cortex_m/libarch__arm__core__cortex_m.a(fault.c.obj)
                0x00000000000e0ff0                z_arm_fault_init
 .text.__fault  0x00000000000e1008       0x14 zephyr/arch/arch/arm/core/cortex_m/libarch__arm__core__cortex_m.a(fault_s.S.obj)
                0x00000000000e1008                z_arm_bus_fault
                0x00000000000e1008                z_arm_usage_fault
                0x00000000000e1008                z_arm_mpu_fault
                0x00000000000e1008                z_arm_exc_spurious
                0x00000000000e1008                z_arm_debug_monitor
                0x00000000000e1008                z_arm_hard_fault
 .text._reset_section
                0x00000000000e101c       0x2c zephyr/arch/arch/arm/core/cortex_m/libarch__arm__core__cortex_m.a(reset.S.obj)
                0x00000000000e101c                z_arm_reset
                0x00000000000e101c                __start
 .text.z_impl_k_thread_abort
                0x00000000000e1048       0x2c zephyr/arch/arch/arm/core/cortex_m/libarch__arm__core__cortex_m.a(thread_abort.c.obj)
                0x00000000000e1048                z_impl_k_thread_abort
 .text.arch_swap
                0x00000000000e1074       0x30 zephyr/arch/arch/arm/core/cortex_m/libarch__arm__core__cortex_m.a(swap.c.obj)
                0x00000000000e1074                arch_swap
 .text.z_arm_pendsv_c
                0x00000000000e10a4       0x40 zephyr/arch/arch/arm/core/cortex_m/libarch__arm__core__cortex_m.a(swap.c.obj)
                0x00000000000e10a4                z_arm_pendsv_c
 .text.z_arm_pendsv
                0x00000000000e10e4       0x34 zephyr/arch/arch/arm/core/cortex_m/libarch__arm__core__cortex_m.a(swap_helper.S.obj)
                0x00000000000e10e4                z_arm_pendsv
 .text.z_arm_svc
                0x00000000000e1118       0x20 zephyr/arch/arch/arm/core/cortex_m/libarch__arm__core__cortex_m.a(swap_helper.S.obj)
                0x00000000000e1118                z_arm_svc
 .text.arch_irq_enable
                0x00000000000e1138       0x1c zephyr/arch/arch/arm/core/cortex_m/libarch__arm__core__cortex_m.a(irq_manage.c.obj)
                0x00000000000e1138                arch_irq_enable
 .text.z_arm_irq_priority_set
                0x00000000000e1154       0x30 zephyr/arch/arch/arm/core/cortex_m/libarch__arm__core__cortex_m.a(irq_manage.c.obj)
                0x00000000000e1154                z_arm_irq_priority_set
 .text.z_prep_c
                0x00000000000e1184       0x2c zephyr/arch/arch/arm/core/cortex_m/libarch__arm__core__cortex_m.a(prep_c.c.obj)
                0x00000000000e1184                z_prep_c
 .text.arch_new_thread
                0x00000000000e11b0       0x38 zephyr/arch/arch/arm/core/cortex_m/libarch__arm__core__cortex_m.a(thread.c.obj)
                0x00000000000e11b0                arch_new_thread
 .text.arch_switch_to_main_thread
                0x00000000000e11e8       0x40 zephyr/arch/arch/arm/core/cortex_m/libarch__arm__core__cortex_m.a(thread.c.obj)
                0x00000000000e11e8                arch_switch_to_main_thread
 .text.z_arm_cpu_idle_init
                0x00000000000e1228        0xc zephyr/arch/arch/arm/core/cortex_m/libarch__arm__core__cortex_m.a(cpu_idle.c.obj)
                0x00000000000e1228                z_arm_cpu_idle_init
 .text.z_arm_interrupt_init
                0x00000000000e1234       0x18 zephyr/arch/arch/arm/core/cortex_m/libarch__arm__core__cortex_m.a(irq_init.c.obj)
                0x00000000000e1234                z_arm_interrupt_init
 .text._isr_wrapper
                0x00000000000e124c       0x38 zephyr/arch/arch/arm/core/cortex_m/libarch__arm__core__cortex_m.a(isr_wrapper.c.obj)
                0x00000000000e124c                _isr_wrapper
 .text.z_impl_zephyr_fputc
                0x00000000000e1284       0x10 zephyr/lib/libc/picolibc/liblib__libc__picolibc.a(libc-hooks.c.obj)
                0x00000000000e1284                z_impl_zephyr_fputc
 .text.__stdout_hook_install
                0x00000000000e1294       0x18 zephyr/lib/libc/picolibc/liblib__libc__picolibc.a(libc-hooks.c.obj)
                0x00000000000e1294                __stdout_hook_install
 .text.malloc_prepare
                0x00000000000e12ac       0x20 zephyr/lib/libc/common/liblib__libc__common.a(malloc.c.obj)
 .text.xec_clock_control_core_clock_divider_set
                0x00000000000e12cc       0x24 zephyr/drivers/clock_control/libdrivers__clock_control.a(clock_control_mchp_xec.c.obj)
 .text.xec_clock_control_get_subsys_rate
                0x00000000000e12f0       0x40 zephyr/drivers/clock_control/libdrivers__clock_control.a(clock_control_mchp_xec.c.obj)
 .text.xec_cc_on.constprop.0
                0x00000000000e1330       0x7c zephyr/drivers/clock_control/libdrivers__clock_control.a(clock_control_mchp_xec.c.obj)
 .text.xec_clock_control_init
                0x00000000000e13ac       0xe4 zephyr/drivers/clock_control/libdrivers__clock_control.a(clock_control_mchp_xec.c.obj)
 .text.uart_console_init
                0x00000000000e1490       0x28 zephyr/drivers/console/libdrivers__console.a(uart_console.c.obj)
 .text.console_out
                0x00000000000e14b8       0x28 zephyr/drivers/console/libdrivers__console.a(uart_console.c.obj)
 .text.gpio_xec_configure
                0x00000000000e14e0       0xc8 zephyr/drivers/gpio/libdrivers__gpio.a(gpio_mchp_xec.c.obj)
 .text.gpio_xec_pin_interrupt_configure
                0x00000000000e15a8       0xd4 zephyr/drivers/gpio/libdrivers__gpio.a(gpio_mchp_xec.c.obj)
 .text.gpio_xec_port_set_masked_raw
                0x00000000000e167c       0x20 zephyr/drivers/gpio/libdrivers__gpio.a(gpio_mchp_xec.c.obj)
 .text.gpio_xec_port_set_bits_raw
                0x00000000000e169c       0x18 zephyr/drivers/gpio/libdrivers__gpio.a(gpio_mchp_xec.c.obj)
 .text.gpio_xec_port_clear_bits_raw
                0x00000000000e16b4       0x1c zephyr/drivers/gpio/libdrivers__gpio.a(gpio_mchp_xec.c.obj)
 .text.gpio_xec_port_toggle_bits
                0x00000000000e16d0       0x18 zephyr/drivers/gpio/libdrivers__gpio.a(gpio_mchp_xec.c.obj)
 .text.gpio_xec_port_get_raw
                0x00000000000e16e8       0x14 zephyr/drivers/gpio/libdrivers__gpio.a(gpio_mchp_xec.c.obj)
 .text.gpio_xec_port000_036_init
                0x00000000000e16fc       0x28 zephyr/drivers/gpio/libdrivers__gpio.a(gpio_mchp_xec.c.obj)
 .text.gpio_xec_port040_076_init
                0x00000000000e1724       0x28 zephyr/drivers/gpio/libdrivers__gpio.a(gpio_mchp_xec.c.obj)
 .text.gpio_xec_port100_136_init
                0x00000000000e174c       0x2c zephyr/drivers/gpio/libdrivers__gpio.a(gpio_mchp_xec.c.obj)
 .text.gpio_xec_port140_176_init
                0x00000000000e1778       0x28 zephyr/drivers/gpio/libdrivers__gpio.a(gpio_mchp_xec.c.obj)
 .text.gpio_xec_port200_236_init
                0x00000000000e17a0       0x28 zephyr/drivers/gpio/libdrivers__gpio.a(gpio_mchp_xec.c.obj)
 .text.gpio_xec_port240_276_init
                0x00000000000e17c8       0x28 zephyr/drivers/gpio/libdrivers__gpio.a(gpio_mchp_xec.c.obj)
 .text.gpio_gpio_xec_port_isr
                0x00000000000e17f0       0x40 zephyr/drivers/gpio/libdrivers__gpio.a(gpio_mchp_xec.c.obj)
 .text.uart_xec_init
                0x00000000000e1830       0x60 zephyr/drivers/serial/libdrivers__serial.a(uart_mchp_xec.c.obj)
 .text.timer_restart
                0x00000000000e1890       0x18 zephyr/drivers/timer/libdrivers__timer.a(mchp_xec_rtos_timer.c.obj)
 .text.xec_rtos_timer_isr
                0x00000000000e18a8       0x60 zephyr/drivers/timer/libdrivers__timer.a(mchp_xec_rtos_timer.c.obj)
 .text.timer_count
                0x00000000000e1908       0x1c zephyr/drivers/timer/libdrivers__timer.a(mchp_xec_rtos_timer.c.obj)
 .text.sys_clock_driver_init
                0x00000000000e1924       0x94 zephyr/drivers/timer/libdrivers__timer.a(mchp_xec_rtos_timer.c.obj)
 .text.sys_clock_set_timeout
                0x00000000000e19b8       0x94 zephyr/drivers/timer/libdrivers__timer.a(mchp_xec_rtos_timer.c.obj)
                0x00000000000e19b8                sys_clock_set_timeout
 .text.sys_clock_elapsed
                0x00000000000e1a4c       0x44 zephyr/drivers/timer/libdrivers__timer.a(mchp_xec_rtos_timer.c.obj)
                0x00000000000e1a4c                sys_clock_elapsed
 .text.sys_clock_cycle_get_32
                0x00000000000e1a90       0x38 zephyr/drivers/timer/libdrivers__timer.a(mchp_xec_rtos_timer.c.obj)
                0x00000000000e1a90                sys_clock_cycle_get_32
 .text.sys_clock_idle_exit
                0x00000000000e1ac8       0x18 zephyr/drivers/timer/libdrivers__timer.a(mchp_xec_rtos_timer.c.obj)
                0x00000000000e1ac8                sys_clock_idle_exit
 .text.z_fatal_error
                0x00000000000e1ae0       0x30 zephyr/kernel/libkernel.a(fatal.c.obj)
                0x00000000000e1ae0                z_fatal_error
 .text.z_sys_init_run_level
                0x00000000000e1b10       0x2c zephyr/kernel/libkernel.a(init.c.obj)
 .text.bg_thread_main
                0x00000000000e1b3c       0xc4 zephyr/kernel/libkernel.a(init.c.obj)
 .text.z_bss_zero
                0x00000000000e1c00       0x18 zephyr/kernel/libkernel.a(init.c.obj)
                0x00000000000e1c00                z_bss_zero
 .text.z_init_cpu
                0x00000000000e1c18       0x84 zephyr/kernel/libkernel.a(init.c.obj)
                0x00000000000e1c18                z_init_cpu
 .text.z_cstart
                0x00000000000e1c9c       0xd0 zephyr/kernel/libkernel.a(init.c.obj)
                0x00000000000e1c9c                z_cstart
 .text.idle     0x00000000000e1d6c       0x38 zephyr/kernel/libkernel.a(idle.c.obj)
                0x00000000000e1d6c                idle
 .text.z_setup_new_thread
                0x00000000000e1da4       0x70 zephyr/kernel/libkernel.a(thread.c.obj)
                0x00000000000e1da4                z_setup_new_thread
 .text.update_cache
                0x00000000000e1e14       0x3c zephyr/kernel/libkernel.a(sched.c.obj)
 .text.unready_thread
                0x00000000000e1e50       0x30 zephyr/kernel/libkernel.a(sched.c.obj)
 .text.ready_thread
                0x00000000000e1e80       0x68 zephyr/kernel/libkernel.a(sched.c.obj)
 .text.z_thread_halt
                0x00000000000e1ee8       0xd8 zephyr/kernel/libkernel.a(sched.c.obj)
 .text.move_thread_to_end_of_prio_q
                0x00000000000e1fc0       0x74 zephyr/kernel/libkernel.a(sched.c.obj)
                0x00000000000e1fc0                move_thread_to_end_of_prio_q
 .text.z_reschedule
                0x00000000000e2034       0x24 zephyr/kernel/libkernel.a(sched.c.obj)
                0x00000000000e2034                z_reschedule
 .text.z_sched_start
                0x00000000000e2058       0x3c zephyr/kernel/libkernel.a(sched.c.obj)
                0x00000000000e2058                z_sched_start
 .text.z_reschedule_irqlock
                0x00000000000e2094       0x28 zephyr/kernel/libkernel.a(sched.c.obj)
                0x00000000000e2094                z_reschedule_irqlock
 .text.k_sched_lock
                0x00000000000e20bc       0x28 zephyr/kernel/libkernel.a(sched.c.obj)
                0x00000000000e20bc                k_sched_lock
 .text.k_sched_unlock
                0x00000000000e20e4       0x40 zephyr/kernel/libkernel.a(sched.c.obj)
                0x00000000000e20e4                k_sched_unlock
 .text.z_sched_init
                0x00000000000e2124       0x10 zephyr/kernel/libkernel.a(sched.c.obj)
                0x00000000000e2124                z_sched_init
 .text.z_impl_k_yield
                0x00000000000e2134       0x7c zephyr/kernel/libkernel.a(sched.c.obj)
                0x00000000000e2134                z_impl_k_yield
 .text.z_tick_sleep
                0x00000000000e21b0       0x88 zephyr/kernel/libkernel.a(sched.c.obj)
 .text.z_impl_k_sleep
                0x00000000000e2238       0x3c zephyr/kernel/libkernel.a(sched.c.obj)
                0x00000000000e2238                z_impl_k_sleep
 .text.z_impl_k_sched_current_thread_query
                0x00000000000e2274        0xc zephyr/kernel/libkernel.a(sched.c.obj)
                0x00000000000e2274                z_impl_k_sched_current_thread_query
 .text.slice_timeout
                0x00000000000e2280       0x20 zephyr/kernel/libkernel.a(timeslicing.c.obj)
 .text.thread_is_sliceable
                0x00000000000e22a0       0x3c zephyr/kernel/libkernel.a(timeslicing.c.obj)
                0x00000000000e22a0                thread_is_sliceable
 .text.z_reset_time_slice
                0x00000000000e22dc       0x50 zephyr/kernel/libkernel.a(timeslicing.c.obj)
                0x00000000000e22dc                z_reset_time_slice
 .text.z_time_slice
                0x00000000000e232c       0x60 zephyr/kernel/libkernel.a(timeslicing.c.obj)
                0x00000000000e232c                z_time_slice
 .text.z_data_copy
                0x00000000000e238c       0x34 zephyr/kernel/libkernel.a(xip.c.obj)
                0x00000000000e238c                z_data_copy
 .text.elapsed  0x00000000000e23c0       0x14 zephyr/kernel/libkernel.a(timeout.c.obj)
 .text.remove_timeout
                0x00000000000e23d4       0x38 zephyr/kernel/libkernel.a(timeout.c.obj)
 .text.next_timeout
                0x00000000000e240c       0x40 zephyr/kernel/libkernel.a(timeout.c.obj)
 .text.z_add_timeout
                0x00000000000e244c       0xf4 zephyr/kernel/libkernel.a(timeout.c.obj)
                0x00000000000e244c                z_add_timeout
 .text.sys_clock_announce
                0x00000000000e2540       0xd0 zephyr/kernel/libkernel.a(timeout.c.obj)
                0x00000000000e2540                sys_clock_announce
 .text.sys_clock_tick_get
                0x00000000000e2610       0x30 zephyr/kernel/libkernel.a(timeout.c.obj)
                0x00000000000e2610                sys_clock_tick_get
 .text.boot_banner
                0x00000000000e2640        0xc zephyr/kernel/libkernel.a(banner.c.obj)
                0x00000000000e2640                boot_banner
 .text.__l_vfprintf
                0x00000000000e264c      0x4b8 /home/leena/zephyr-sdk-0.16.8/arm-zephyr-eabi/bin/../lib/gcc/../../picolibc/arm-zephyr-eabi/lib/thumb/v7e-m/nofp/libc.a(libc_tinystdio_vflprintf.c.o)
                0x00000000000e264c                __l_vfprintf
 .text._OffsetAbsSyms
                0x00000000000e2b04        0x2 zephyr/CMakeFiles/offsets.dir/./arch/arm/core/offsets/offsets.c.obj
                0x00000000000e2b04                _OffsetAbsSyms
 .text.gpio_pin_configure_dt
                0x00000000000e2b06       0x2a app/libapp.a(main.c.obj)
 .text.chunk_size
                0x00000000000e2b30        0xa zephyr/libzephyr.a(heap.c.obj)
 .text.free_list_add
                0x00000000000e2b3a       0x4e zephyr/libzephyr.a(heap.c.obj)
 .text.sys_heap_init
                0x00000000000e2b88       0x7a zephyr/libzephyr.a(heap.c.obj)
                0x00000000000e2b88                sys_heap_init
 .text.arch_printk_char_out
                0x00000000000e2c02        0x4 zephyr/libzephyr.a(printk.c.obj)
                0x00000000000e2c02                arch_printk_char_out
 .text.printk   0x00000000000e2c06       0x1a zephyr/libzephyr.a(printk.c.obj)
                0x00000000000e2c06                printk
 .text._ConfigAbsSyms
                0x00000000000e2c20        0x2 zephyr/libzephyr.a(configs.c.obj)
                0x00000000000e2c20                _ConfigAbsSyms
 .text.soc_deep_sleep_wait_clk_idle
                0x00000000000e2c22        0x2 zephyr/libzephyr.a(device_power.c.obj)
                0x00000000000e2c22                soc_deep_sleep_wait_clk_idle
 .text.soc_deep_sleep_non_wake_en
                0x00000000000e2c24        0x2 zephyr/libzephyr.a(device_power.c.obj)
                0x00000000000e2c24                soc_deep_sleep_non_wake_en
 .text.soc_deep_sleep_non_wake_dis
                0x00000000000e2c26        0x2 zephyr/libzephyr.a(device_power.c.obj)
                0x00000000000e2c26                soc_deep_sleep_non_wake_dis
 .text.pm_state_exit_post_ops
                0x00000000000e2c28       0x1c zephyr/libzephyr.a(power.c.obj)
                0x00000000000e2c28                pm_state_exit_post_ops
 .text.z_arm_fatal_error
                0x00000000000e2c44        0xc zephyr/arch/arch/arm/core/libarch__arm__core.a(fatal.c.obj)
                0x00000000000e2c44                z_arm_fatal_error
 .text.z_do_kernel_oops
                0x00000000000e2c50        0x8 zephyr/arch/arch/arm/core/libarch__arm__core.a(fatal.c.obj)
                0x00000000000e2c50                z_do_kernel_oops
 .text.z_arm_nmi
                0x00000000000e2c58        0xe zephyr/arch/arch/arm/core/libarch__arm__core.a(nmi.c.obj)
                0x00000000000e2c58                z_arm_nmi
 .text.z_irq_spurious
                0x00000000000e2c66        0x8 zephyr/arch/arch/arm/core/cortex_m/libarch__arm__core__cortex_m.a(irq_manage.c.obj)
                0x00000000000e2c66                z_irq_spurious
 .text.arch_irq_unlock_outlined
                0x00000000000e2c6e        0xe zephyr/arch/arch/arm/core/cortex_m/libarch__arm__core__cortex_m.a(thread.c.obj)
                0x00000000000e2c6e                arch_irq_unlock_outlined
 .text.arch_cpu_idle
                0x00000000000e2c7c       0x1a zephyr/arch/arch/arm/core/cortex_m/libarch__arm__core__cortex_m.a(cpu_idle.c.obj)
                0x00000000000e2c7c                arch_cpu_idle
 .text.picolibc_put
                0x00000000000e2c96        0xa zephyr/lib/libc/picolibc/liblib__libc__picolibc.a(libc-hooks.c.obj)
 .text.xec_clock_control_off
                0x00000000000e2ca0        0x8 zephyr/drivers/clock_control/libdrivers__clock_control.a(clock_control_mchp_xec.c.obj)
 .text.xec_clock_control_on
                0x00000000000e2ca8        0x8 zephyr/drivers/clock_control/libdrivers__clock_control.a(clock_control_mchp_xec.c.obj)
 .text.pinctrl_apply_state
                0x00000000000e2cb0       0x1e zephyr/drivers/clock_control/libdrivers__clock_control.a(clock_control_mchp_xec.c.obj)
 .text.gpio_xec_manage_callback
                0x00000000000e2cce       0x48 zephyr/drivers/gpio/libdrivers__gpio.a(gpio_mchp_xec.c.obj)
 .text.pinctrl_lookup_state
                0x00000000000e2d16       0x26 zephyr/drivers/pinctrl/libdrivers__pinctrl.a(common.c.obj)
                0x00000000000e2d16                pinctrl_lookup_state
 .text.pinctrl_configure_pins
                0x00000000000e2d3c      0x11e zephyr/drivers/pinctrl/libdrivers__pinctrl.a(pinctrl_mchp_xec.c.obj)
                0x00000000000e2d3c                pinctrl_configure_pins
 .text.uart_xec_configure
                0x00000000000e2e5a       0xc6 zephyr/drivers/serial/libdrivers__serial.a(uart_mchp_xec.c.obj)
 .text.uart_xec_config_get
                0x00000000000e2f20       0x1a zephyr/drivers/serial/libdrivers__serial.a(uart_mchp_xec.c.obj)
 .text.uart_xec_poll_in
                0x00000000000e2f3a       0x2c zephyr/drivers/serial/libdrivers__serial.a(uart_mchp_xec.c.obj)
 .text.uart_xec_poll_out
                0x00000000000e2f66       0x24 zephyr/drivers/serial/libdrivers__serial.a(uart_mchp_xec.c.obj)
 .text.uart_xec_err_check
                0x00000000000e2f8a       0x24 zephyr/drivers/serial/libdrivers__serial.a(uart_mchp_xec.c.obj)
 .text.z_device_state_init
                0x00000000000e2fae        0x2 zephyr/kernel/libkernel.a(device.c.obj)
                0x00000000000e2fae                z_device_state_init
 .text.z_impl_device_is_ready
                0x00000000000e2fb0       0x16 zephyr/kernel/libkernel.a(device.c.obj)
                0x00000000000e2fb0                z_impl_device_is_ready
 .text.arch_system_halt
                0x00000000000e2fc6       0x10 zephyr/kernel/libkernel.a(fatal.c.obj)
                0x00000000000e2fc6                arch_system_halt
 .text.k_sys_fatal_error_handler
                0x00000000000e2fd6        0x6 zephyr/kernel/libkernel.a(fatal.c.obj)
                0x00000000000e2fd6                k_sys_fatal_error_handler
 .text.do_device_init
                0x00000000000e2fdc       0x30 zephyr/kernel/libkernel.a(init.c.obj)
 .text.z_early_memset
                0x00000000000e300c        0x4 zephyr/kernel/libkernel.a(init.c.obj)
                0x00000000000e300c                z_early_memset
 .text.z_early_memcpy
                0x00000000000e3010        0x4 zephyr/kernel/libkernel.a(init.c.obj)
                0x00000000000e3010                z_early_memcpy
 .text.z_init_static
                0x00000000000e3014        0x2 zephyr/kernel/libkernel.a(init_static.c.obj)
                0x00000000000e3014                z_init_static
 .text.z_impl_k_thread_start
                0x00000000000e3016        0x4 zephyr/kernel/libkernel.a(thread.c.obj)
                0x00000000000e3016                z_impl_k_thread_start
 .text.sys_dlist_remove
                0x00000000000e301a       0x10 zephyr/kernel/libkernel.a(sched.c.obj)
 .text.unpend_thread_no_timeout
                0x00000000000e302a       0x14 zephyr/kernel/libkernel.a(sched.c.obj)
 .text.z_ready_thread
                0x00000000000e303e       0x1e zephyr/kernel/libkernel.a(sched.c.obj)
                0x00000000000e303e                z_ready_thread
 .text.z_impl_k_thread_suspend
                0x00000000000e305c       0x34 zephyr/kernel/libkernel.a(sched.c.obj)
                0x00000000000e305c                z_impl_k_thread_suspend
 .text.z_sched_wake_thread
                0x00000000000e3090       0x42 zephyr/kernel/libkernel.a(sched.c.obj)
                0x00000000000e3090                z_sched_wake_thread
 .text.z_thread_timeout
                0x00000000000e30d2        0x8 zephyr/kernel/libkernel.a(sched.c.obj)
                0x00000000000e30d2                z_thread_timeout
 .text.z_thread_abort
                0x00000000000e30da       0x44 zephyr/kernel/libkernel.a(sched.c.obj)
                0x00000000000e30da                z_thread_abort
 .text.z_abort_timeout
                0x00000000000e311e       0x2a zephyr/kernel/libkernel.a(timeout.c.obj)
                0x00000000000e311e                z_abort_timeout
 .text.z_get_next_timeout_expiry
                0x00000000000e3148       0x1e zephyr/kernel/libkernel.a(timeout.c.obj)
                0x00000000000e3148                z_get_next_timeout_expiry
 .text.sys_clock_tick_get_32
                0x00000000000e3166        0x8 zephyr/kernel/libkernel.a(timeout.c.obj)
                0x00000000000e3166                sys_clock_tick_get_32
 .text.strnlen  0x00000000000e316e       0x18 /home/leena/zephyr-sdk-0.16.8/arm-zephyr-eabi/bin/../lib/gcc/../../picolibc/arm-zephyr-eabi/lib/thumb/v7e-m/nofp/libc.a(libc_string_strnlen.c.o)
                0x00000000000e316e                strnlen
 .text.__ultoa_invert
                0x00000000000e3186       0xae /home/leena/zephyr-sdk-0.16.8/arm-zephyr-eabi/bin/../lib/gcc/../../picolibc/arm-zephyr-eabi/lib/thumb/v7e-m/nofp/libc.a(libc_tinystdio_vflprintf.c.o)
 .text.memcpy   0x00000000000e3234       0x1c /home/leena/zephyr-sdk-0.16.8/arm-zephyr-eabi/bin/../lib/gcc/../../picolibc/arm-zephyr-eabi/lib/thumb/v7e-m/nofp/libc.a(memcpy.c.o)
                0x00000000000e3234                memcpy
                0x00000000000e3234                __aeabi_memcpy
                0x00000000000e3234                __aeabi_memcpy4
                0x00000000000e3234                __aeabi_memcpy8
 .text.memset   0x00000000000e3250       0x10 /home/leena/zephyr-sdk-0.16.8/arm-zephyr-eabi/bin/../lib/gcc/../../picolibc/arm-zephyr-eabi/lib/thumb/v7e-m/nofp/libc.a(memset.c.o)
                0x00000000000e3250                memset
 *(SORT_BY_ALIGNMENT(.TEXT.*))
 .TEXT.__aeabi_read_tp
                0x00000000000e3260        0xc zephyr/arch/arch/arm/core/cortex_m/libarch__arm__core__cortex_m.a(__aeabi_read_tp.S.obj)
                0x00000000000e3260                __aeabi_read_tp
 *(SORT_BY_ALIGNMENT(.gnu.linkonce.t.*))
 *(SORT_BY_ALIGNMENT(.glue_7t))
 .glue_7t       0x00000000000e326c        0x0 linker stubs
 *(SORT_BY_ALIGNMENT(.glue_7))
 .glue_7        0x00000000000e326c        0x0 linker stubs
 *(SORT_BY_ALIGNMENT(.vfp11_veneer))
 .vfp11_veneer  0x00000000000e326c        0x0 linker stubs
 *(SORT_BY_ALIGNMENT(.v4_bx))
 .v4_bx         0x00000000000e326c        0x0 linker stubs
                0x00000000000e326c                . = ALIGN (0x4)
                0x00000000000e326c                __text_region_end = .

.ARM.exidx      0x00000000000e326c        0x8
                0x00000000000e326c                __exidx_start = .
 *(SORT_BY_ALIGNMENT(.ARM.exidx*) SORT_BY_ALIGNMENT(gnu.linkonce.armexidx.*))
 .ARM.exidx     0x00000000000e326c        0x8 /home/leena/zephyr-sdk-0.16.8/arm-zephyr-eabi/bin/../lib/gcc/arm-zephyr-eabi/12.2.0/thumb/v7e-m/nofp/libgcc.a(_udivmoddi4.o)
                0x00000000000e3274                __exidx_end = .
                0x00000000000e3274                __rodata_region_start = .

initlevel       0x00000000000e3274       0x60
                0x00000000000e3274                __init_start = .
                0x00000000000e3274                __init_EARLY_start = .
 *(SORT_BY_NAME(SORT_BY_ALIGNMENT(.z_init_EARLY?_*)))
 *(SORT_BY_NAME(SORT_BY_ALIGNMENT(.z_init_EARLY??_*)))
                0x00000000000e3274                __init_PRE_KERNEL_1_start = .
 *(SORT_BY_NAME(SORT_BY_ALIGNMENT(.z_init_PRE_KERNEL_1?_*)))
 *(SORT_BY_NAME(SORT_BY_ALIGNMENT(.z_init_PRE_KERNEL_1??_*)))
 .z_init_PRE_KERNEL_130_00050_
                0x00000000000e3274        0x8 zephyr/drivers/clock_control/libdrivers__clock_control.a(clock_control_mchp_xec.c.obj)
 .z_init_PRE_KERNEL_140_0_
                0x00000000000e327c        0x8 zephyr/libzephyr.a(soc.c.obj)
 .z_init_PRE_KERNEL_141_00008_
                0x00000000000e3284        0x8 zephyr/drivers/gpio/libdrivers__gpio.a(gpio_mchp_xec.c.obj)
 .z_init_PRE_KERNEL_141_00041_
                0x00000000000e328c        0x8 zephyr/drivers/gpio/libdrivers__gpio.a(gpio_mchp_xec.c.obj)
 .z_init_PRE_KERNEL_141_00102_
                0x00000000000e3294        0x8 zephyr/drivers/gpio/libdrivers__gpio.a(gpio_mchp_xec.c.obj)
 .z_init_PRE_KERNEL_141_00157_
                0x00000000000e329c        0x8 zephyr/drivers/gpio/libdrivers__gpio.a(gpio_mchp_xec.c.obj)
 .z_init_PRE_KERNEL_141_00158_
                0x00000000000e32a4        0x8 zephyr/drivers/gpio/libdrivers__gpio.a(gpio_mchp_xec.c.obj)
 .z_init_PRE_KERNEL_141_00159_
                0x00000000000e32ac        0x8 zephyr/drivers/gpio/libdrivers__gpio.a(gpio_mchp_xec.c.obj)
 .z_init_PRE_KERNEL_150_00098_
                0x00000000000e32b4        0x8 zephyr/drivers/serial/libdrivers__serial.a(uart_mchp_xec.c.obj)
 .z_init_PRE_KERNEL_160_0_
                0x00000000000e32bc        0x8 zephyr/drivers/console/libdrivers__console.a(uart_console.c.obj)
                0x00000000000e32c4                __init_PRE_KERNEL_2_start = .
 *(SORT_BY_NAME(SORT_BY_ALIGNMENT(.z_init_PRE_KERNEL_2?_*)))
 .z_init_PRE_KERNEL_20_0_
                0x00000000000e32c4        0x8 zephyr/drivers/timer/libdrivers__timer.a(mchp_xec_rtos_timer.c.obj)
 *(SORT_BY_NAME(SORT_BY_ALIGNMENT(.z_init_PRE_KERNEL_2??_*)))
                0x00000000000e32cc                __init_POST_KERNEL_start = .
 *(SORT_BY_NAME(SORT_BY_ALIGNMENT(.z_init_POST_KERNEL?_*)))
 *(SORT_BY_NAME(SORT_BY_ALIGNMENT(.z_init_POST_KERNEL??_*)))
 .z_init_POST_KERNEL35_0_
                0x00000000000e32cc        0x8 zephyr/lib/libc/common/liblib__libc__common.a(malloc.c.obj)
                0x00000000000e32d4                __init_APPLICATION_start = .
 *(SORT_BY_NAME(SORT_BY_ALIGNMENT(.z_init_APPLICATION?_*)))
 *(SORT_BY_NAME(SORT_BY_ALIGNMENT(.z_init_APPLICATION??_*)))
                0x00000000000e32d4                __init_SMP_start = .
 *(SORT_BY_NAME(SORT_BY_ALIGNMENT(.z_init_SMP?_*)))
 *(SORT_BY_NAME(SORT_BY_ALIGNMENT(.z_init_SMP??_*)))
                0x00000000000e32d4                __init_end = .
                0x00000000000e32d4                __deferred_init_list_start = .
 *(SORT_BY_ALIGNMENT(.z_deferred_init*))
                0x00000000000e32d4                __deferred_init_list_end = .

device_area     0x00000000000e32d4       0xa0
                0x00000000000e32d4                _device_list_start = .
 *(SORT_BY_NAME(SORT_BY_ALIGNMENT(._device.static.*_?_*)))
 *(SORT_BY_NAME(SORT_BY_ALIGNMENT(._device.static.*_??_*)))
 ._device.static.1_30_
                0x00000000000e32d4       0x14 zephyr/drivers/clock_control/libdrivers__clock_control.a(clock_control_mchp_xec.c.obj)
                0x00000000000e32d4                __device_dts_ord_50
 ._device.static.1_41_
                0x00000000000e32e8       0x78 zephyr/drivers/gpio/libdrivers__gpio.a(gpio_mchp_xec.c.obj)
                0x00000000000e32e8                __device_dts_ord_159
                0x00000000000e32fc                __device_dts_ord_158
                0x00000000000e3310                __device_dts_ord_8
                0x00000000000e3324                __device_dts_ord_102
                0x00000000000e3338                __device_dts_ord_157
                0x00000000000e334c                __device_dts_ord_41
 ._device.static.1_50_
                0x00000000000e3360       0x14 zephyr/drivers/serial/libdrivers__serial.a(uart_mchp_xec.c.obj)
                0x00000000000e3360                __device_dts_ord_98
                0x00000000000e3374                _device_list_end = .

sw_isr_table    0x00000000000e3374      0x570
                0x00000000000e3374                . = ALIGN (0x4)
 *(SORT_BY_ALIGNMENT(.gnu.linkonce.sw_isr_table*))
 .gnu.linkonce.sw_isr_table
                0x00000000000e3374      0x570 zephyr/CMakeFiles/zephyr_final.dir/isr_tables.c.obj
                0x00000000000e3374                _sw_isr_table

initlevel_error
                0x00000000000e3274        0x0
 *(SORT_BY_NAME(SORT_BY_ALIGNMENT(.z_init_[_A-Z0-9]*)))
                0x0000000000000001                ASSERT ((SIZEOF (initlevel_error) == 0x0), Undefined initialization levels used.)

app_shmem_regions
                0x00000000000e38e4        0x0
                0x00000000000e38e4                __app_shmem_regions_start = .
 *(SORT_BY_NAME(SORT_BY_ALIGNMENT(.app_regions.*)))
                0x00000000000e38e4                __app_shmem_regions_end = .

k_p4wq_initparam_area
                0x00000000000e38e4        0x0
                0x00000000000e38e4                _k_p4wq_initparam_list_start = .
 *(SORT_BY_NAME(SORT_BY_ALIGNMENT(._k_p4wq_initparam.static.*)))
                0x00000000000e38e4                _k_p4wq_initparam_list_end = .

_static_thread_data_area
                0x00000000000e38e4        0x0
                0x00000000000e38e4                __static_thread_data_list_start = .
 *(SORT_BY_NAME(SORT_BY_ALIGNMENT(.__static_thread_data.static.*)))
                0x00000000000e38e4                __static_thread_data_list_end = .

device_deps     0x00000000000e38e4        0x0
                0x00000000000e38e4                __device_deps_start = .
 *(SORT_BY_NAME(SORT_BY_ALIGNMENT(.__device_deps_pass2*)))
                0x00000000000e38e4                __device_deps_end = .

ztest           0x00000000000e38e4        0x0
                0x00000000000e38e4                _ztest_expected_result_entry_list_start = .
 *(SORT_BY_NAME(SORT_BY_ALIGNMENT(._ztest_expected_result_entry.static.*)))
                0x00000000000e38e4                _ztest_expected_result_entry_list_end = .
                0x00000000000e38e4                _ztest_suite_node_list_start = .
 *(SORT_BY_NAME(SORT_BY_ALIGNMENT(._ztest_suite_node.static.*)))
                0x00000000000e38e4                _ztest_suite_node_list_end = .
                0x00000000000e38e4                _ztest_unit_test_list_start = .
 *(SORT_BY_NAME(SORT_BY_ALIGNMENT(._ztest_unit_test.static.*)))
                0x00000000000e38e4                _ztest_unit_test_list_end = .
                0x00000000000e38e4                _ztest_test_rule_list_start = .
 *(SORT_BY_NAME(SORT_BY_ALIGNMENT(._ztest_test_rule.static.*)))
                0x00000000000e38e4                _ztest_test_rule_list_end = .

init_array      0x00000000000e38e4        0x0
 *(SORT_BY_NAME(SORT_BY_ALIGNMENT(.ctors*)))
 *(SORT_BY_NAME(SORT_BY_ALIGNMENT(.init_array*)))
                0x0000000000000001                ASSERT ((SIZEOF (init_array) == 0x0), GNU-style constructors required but STATIC_INIT_GNU not enabled)

bt_l2cap_fixed_chan_area
                0x00000000000e38e4        0x0
                0x00000000000e38e4                _bt_l2cap_fixed_chan_list_start = .
 *(SORT_BY_NAME(SORT_BY_ALIGNMENT(._bt_l2cap_fixed_chan.static.*)))
                0x00000000000e38e4                _bt_l2cap_fixed_chan_list_end = .

bt_gatt_service_static_area
                0x00000000000e38e4        0x0
                0x00000000000e38e4                _bt_gatt_service_static_list_start = .
 *(SORT_BY_NAME(SORT_BY_ALIGNMENT(._bt_gatt_service_static.static.*)))
                0x00000000000e38e4                _bt_gatt_service_static_list_end = .

log_strings_area
                0x00000000000e38e4        0x0
                0x00000000000e38e4                _log_strings_list_start = .
 *(SORT_BY_NAME(SORT_BY_ALIGNMENT(._log_strings.static.*)))
                0x00000000000e38e4                _log_strings_list_end = .

log_const_area  0x00000000000e38e4        0x0
                0x00000000000e38e4                _log_const_list_start = .
 *(SORT_BY_NAME(SORT_BY_ALIGNMENT(._log_const.static.*)))
                0x00000000000e38e4                _log_const_list_end = .

log_backend_area
                0x00000000000e38e4        0x0
                0x00000000000e38e4                _log_backend_list_start = .
 *(SORT_BY_NAME(SORT_BY_ALIGNMENT(._log_backend.static.*)))
                0x00000000000e38e4                _log_backend_list_end = .

log_link_area   0x00000000000e38e4        0x0
                0x00000000000e38e4                _log_link_list_start = .
 *(SORT_BY_NAME(SORT_BY_ALIGNMENT(._log_link.static.*)))
                0x00000000000e38e4                _log_link_list_end = .

tracing_backend_area
                0x00000000000e38e4        0x0
                0x00000000000e38e4                _tracing_backend_list_start = .
 *(SORT_BY_NAME(SORT_BY_ALIGNMENT(._tracing_backend.static.*)))
                0x00000000000e38e4                _tracing_backend_list_end = .

zephyr_dbg_info
 *(SORT_BY_ALIGNMENT(.dbg_thread_info))

intc_table_area
                0x00000000000e38e4        0x0
                0x00000000000e38e4                _intc_table_list_start = .
 *(SORT_BY_NAME(SORT_BY_ALIGNMENT(._intc_table.static.*)))
                0x00000000000e38e4                _intc_table_list_end = .

symbol_to_keep  0x00000000000e38e4        0x0
                0x00000000000e38e4                __symbol_to_keep_start = .
 *(SORT_BY_NAME(SORT_BY_ALIGNMENT(.symbol_to_keep*)))
                0x00000000000e38e4                __symbol_to_keep_end = .

shell_area      0x00000000000e38e4        0x0
                0x00000000000e38e4                _shell_list_start = .
 *(SORT_BY_NAME(SORT_BY_ALIGNMENT(._shell.static.*)))
                0x00000000000e38e4                _shell_list_end = .

shell_root_cmds_area
                0x00000000000e38e4        0x0
                0x00000000000e38e4                _shell_root_cmds_list_start = .
 *(SORT_BY_NAME(SORT_BY_ALIGNMENT(._shell_root_cmds.static.*)))
                0x00000000000e38e4                _shell_root_cmds_list_end = .

shell_subcmds_area
                0x00000000000e38e4        0x0
                0x00000000000e38e4                _shell_subcmds_list_start = .
 *(SORT_BY_NAME(SORT_BY_ALIGNMENT(._shell_subcmds.static.*)))
                0x00000000000e38e4                _shell_subcmds_list_end = .

shell_dynamic_subcmds_area
                0x00000000000e38e4        0x0
                0x00000000000e38e4                _shell_dynamic_subcmds_list_start = .
 *(SORT_BY_NAME(SORT_BY_ALIGNMENT(._shell_dynamic_subcmds.static.*)))
                0x00000000000e38e4                _shell_dynamic_subcmds_list_end = .

cfb_font_area   0x00000000000e38e4        0x0
                0x00000000000e38e4                _cfb_font_list_start = .
 *(SORT_BY_NAME(SORT_BY_ALIGNMENT(._cfb_font.static.*)))
                0x00000000000e38e4                _cfb_font_list_end = .

tdata           0x00000000000e38e4        0x0
 *(SORT_BY_ALIGNMENT(.tdata) SORT_BY_ALIGNMENT(.tdata.*) SORT_BY_ALIGNMENT(.gnu.linkonce.td.*))

tbss            0x00000000000e38e4        0x4
 *(SORT_BY_ALIGNMENT(.tbss) SORT_BY_ALIGNMENT(.tbss.*) SORT_BY_ALIGNMENT(.gnu.linkonce.tb.*) SORT_BY_ALIGNMENT(.tcommon))
 .tbss.z_tls_current
                0x00000000000e38e4        0x4 zephyr/libzephyr.a(thread_entry.c.obj)
                0x00000000000e38e4                z_tls_current
                0x00000000000e38e4                PROVIDE (__tdata_start = LOADADDR (tdata))
                0x0000000000000001                PROVIDE (__tdata_align = ALIGNOF (tdata))
                0x0000000000000000                PROVIDE (__tdata_size = (((SIZEOF (tdata) + __tdata_align) - 0x1) & ~ ((__tdata_align - 0x1))))
                [!provide]                        PROVIDE (__tdata_end = (__tdata_start + __tdata_size))
                0x0000000000000004                PROVIDE (__tbss_align = ALIGNOF (tbss))
                [!provide]                        PROVIDE (__tbss_start = ADDR (tbss))
                0x0000000000000004                PROVIDE (__tbss_size = (((SIZEOF (tbss) + __tbss_align) - 0x1) & ~ ((__tbss_align - 0x1))))
                [!provide]                        PROVIDE (__tbss_end = (__tbss_start + __tbss_size))
                [!provide]                        PROVIDE (__tls_start = __tdata_start)
                [!provide]                        PROVIDE (__tls_end = __tbss_end)
                [!provide]                        PROVIDE (__tls_size = (__tbss_end - __tdata_start))

rodata          0x00000000000e38e4      0x3a4
 *(SORT_BY_ALIGNMENT(.rodata))
 *(SORT_BY_ALIGNMENT(.rodata.*))
 .rodata.button
                0x00000000000e38e4        0x8 app/libapp.a(main.c.obj)
 .rodata.ds_timer_tbl
                0x00000000000e38ec       0x28 zephyr/libzephyr.a(device_power.c.obj)
                0x00000000000e38ec                ds_timer_tbl
 .rodata.cpus_states
                0x00000000000e3914        0x8 zephyr/libzephyr.a(state.c.obj)
 .rodata.pmstates_DT_N_S_cpus_S_power_states
                0x00000000000e391c        0x0 zephyr/libzephyr.a(state.c.obj)
 .rodata.pmstates_DT_N_S_cpus_S_cpu_0
                0x00000000000e391c       0x18 zephyr/libzephyr.a(state.c.obj)
 .rodata.pcr_xec_config
                0x00000000000e3934       0x1c zephyr/drivers/clock_control/libdrivers__clock_control.a(clock_control_mchp_xec.c.obj)
                0x00000000000e3934                pcr_xec_config
 .rodata.__pinctrl_dev_config__device_dts_ord_50
                0x00000000000e3950        0x8 zephyr/drivers/clock_control/libdrivers__clock_control.a(clock_control_mchp_xec.c.obj)
 .rodata.__pinctrl_states__device_dts_ord_50
                0x00000000000e3958        0x0 zephyr/drivers/clock_control/libdrivers__clock_control.a(clock_control_mchp_xec.c.obj)
 .rodata.xec_clock_control_api
                0x00000000000e3958       0x1c zephyr/drivers/clock_control/libdrivers__clock_control.a(clock_control_mchp_xec.c.obj)
 .rodata.gpio_xec_port240_276_config
                0x00000000000e3974       0x14 zephyr/drivers/gpio/libdrivers__gpio.a(gpio_mchp_xec.c.obj)
 .rodata.gpio_xec_port200_236_config
                0x00000000000e3988       0x14 zephyr/drivers/gpio/libdrivers__gpio.a(gpio_mchp_xec.c.obj)
 .rodata.gpio_xec_port140_176_config
                0x00000000000e399c       0x14 zephyr/drivers/gpio/libdrivers__gpio.a(gpio_mchp_xec.c.obj)
 .rodata.gpio_xec_port100_136_config
                0x00000000000e39b0       0x14 zephyr/drivers/gpio/libdrivers__gpio.a(gpio_mchp_xec.c.obj)
 .rodata.gpio_xec_port040_076_config
                0x00000000000e39c4       0x14 zephyr/drivers/gpio/libdrivers__gpio.a(gpio_mchp_xec.c.obj)
 .rodata.gpio_xec_port000_036_config
                0x00000000000e39d8       0x14 zephyr/drivers/gpio/libdrivers__gpio.a(gpio_mchp_xec.c.obj)
 .rodata.gpio_xec_driver_api
                0x00000000000e39ec       0x24 zephyr/drivers/gpio/libdrivers__gpio.a(gpio_mchp_xec.c.obj)
 .rodata.valid_ctrl_masks
                0x00000000000e3a10       0x18 zephyr/drivers/gpio/libdrivers__gpio.a(gpio_mchp_xec.c.obj)
 .rodata.uart_xec_dev_cfg_0
                0x00000000000e3a28       0x10 zephyr/drivers/serial/libdrivers__serial.a(uart_mchp_xec.c.obj)
 .rodata.__pinctrl_dev_config__device_dts_ord_98
                0x00000000000e3a38        0x8 zephyr/drivers/serial/libdrivers__serial.a(uart_mchp_xec.c.obj)
 .rodata.__pinctrl_states__device_dts_ord_98
                0x00000000000e3a40        0x8 zephyr/drivers/serial/libdrivers__serial.a(uart_mchp_xec.c.obj)
 .rodata.__pinctrl_state_pins_0__device_dts_ord_98
                0x00000000000e3a48        0x8 zephyr/drivers/serial/libdrivers__serial.a(uart_mchp_xec.c.obj)
 .rodata.uart_xec_driver_api
                0x00000000000e3a50       0x14 zephyr/drivers/serial/libdrivers__serial.a(uart_mchp_xec.c.obj)
 .rodata.levels.0
                0x00000000000e3a64       0x18 zephyr/kernel/libkernel.a(init.c.obj)
 .rodata.button_pressed.str1.1
                0x00000000000e3a7c       0x16 app/libapp.a(main.c.obj)
 .rodata.main.str1.1
                0x00000000000e3a92      0x133 app/libapp.a(main.c.obj)
 .rodata.states_per_cpu
                0x00000000000e3bc5        0x2 zephyr/libzephyr.a(state.c.obj)
 .rodata.str1.1
                0x00000000000e3bc7        0xd zephyr/drivers/clock_control/libdrivers__clock_control.a(clock_control_mchp_xec.c.obj)
 .rodata.str1.1
                0x00000000000e3bd4       0x54 zephyr/drivers/gpio/libdrivers__gpio.a(gpio_mchp_xec.c.obj)
 .rodata.str1.1
                0x00000000000e3c28        0xe zephyr/drivers/serial/libdrivers__serial.a(uart_mchp_xec.c.obj)
 .rodata.z_cstart.str1.1
                0x00000000000e3c36        0x5 zephyr/kernel/libkernel.a(init.c.obj)
 .rodata.boot_banner.str1.1
                0x00000000000e3c3b       0x3b zephyr/kernel/libkernel.a(banner.c.obj)
 .rodata.__l_vfprintf.str1.1
                0x00000000000e3c76        0xf /home/leena/zephyr-sdk-0.16.8/arm-zephyr-eabi/bin/../lib/gcc/../../picolibc/arm-zephyr-eabi/lib/thumb/v7e-m/nofp/libc.a(libc_tinystdio_vflprintf.c.o)
 *(SORT_BY_ALIGNMENT(.gnu.linkonce.r.*))
                0x00000000000e3c88                . = ALIGN (0x4)
 *fill*         0x00000000000e3c85        0x3 
                0x00000000000e3c88                __rodata_region_end = .
                0x00000000000e3c88                . = ALIGN (_region_min_align)
                0x00000000000e3c88                __rom_region_end = ((__rom_region_start + .) - ADDR (rom_start))

/DISCARD/
 *(SORT_BY_ALIGNMENT(.got.plt))
 *(SORT_BY_ALIGNMENT(.igot.plt))
 *(SORT_BY_ALIGNMENT(.got))
 *(SORT_BY_ALIGNMENT(.igot))
                0x0000000000118000                . = 0x118000
                0x0000000000118000                . = ALIGN (_region_min_align)
                0x0000000000118000                _image_ram_start = .

.ramfunc        0x0000000000118000        0x0 load address 0x00000000000e3c88
                0x0000000000118000                . = ALIGN (_region_min_align)
                0x0000000000118000                __ramfunc_start = .
 *(SORT_BY_ALIGNMENT(.ramfunc))
 *(SORT_BY_ALIGNMENT(.ramfunc.*))
                0x0000000000118000                . = ALIGN (_region_min_align)
                0x0000000000118000                __ramfunc_end = .
                0x0000000000000000                __ramfunc_size = (__ramfunc_end - __ramfunc_start)
                0x00000000000e3c88                __ramfunc_load_start = LOADADDR (.ramfunc)

datas           0x0000000000118000       0x48 load address 0x00000000000e3c88
                0x0000000000118000                __data_region_start = .
                0x0000000000118000                __data_start = .
 *(SORT_BY_ALIGNMENT(.data))
 *(SORT_BY_ALIGNMENT(.data.*))
 .data.led      0x0000000000118000        0x8 app/libapp.a(main.c.obj)
 .data._char_out
                0x0000000000118008        0x4 zephyr/libzephyr.a(printk.c.obj)
 .data.max_latency_cyc
                0x000000000011800c        0x4 zephyr/libzephyr.a(policy.c.obj)
 .data.substate_lock_t
                0x0000000000118010       0x10 zephyr/libzephyr.a(policy.c.obj)
 .data.__stdout
                0x0000000000118020       0x10 zephyr/lib/libc/picolibc/liblib__libc__picolibc.a(libc-hooks.c.obj)
 .data.uart_xec_dev_data_0
                0x0000000000118030        0xc zephyr/drivers/serial/libdrivers__serial.a(uart_mchp_xec.c.obj)
 .data.cached_icr
                0x000000000011803c        0x4 zephyr/drivers/timer/libdrivers__timer.a(mchp_xec_rtos_timer.c.obj)
 .data.timeout_list
                0x0000000000118040        0x8 zephyr/kernel/libkernel.a(timeout.c.obj)
 *(SORT_BY_ALIGNMENT(.kernel.*))
                0x0000000000118048                __data_end = .
                0x0000000000000048                __data_size = (__data_end - __data_start)
                0x00000000000e3c88                __data_load_start = LOADADDR (datas)
                0x00000000000e3c88                __data_region_load_start = LOADADDR (datas)

device_states   0x0000000000118048       0x10 load address 0x00000000000e3cd0
                0x0000000000118048                __device_states_start = .
 *(SORT_BY_ALIGNMENT(.z_devstate))
 .z_devstate    0x0000000000118048        0x2 zephyr/drivers/clock_control/libdrivers__clock_control.a(clock_control_mchp_xec.c.obj)
 .z_devstate    0x000000000011804a        0xc zephyr/drivers/gpio/libdrivers__gpio.a(gpio_mchp_xec.c.obj)
 .z_devstate    0x0000000000118056        0x2 zephyr/drivers/serial/libdrivers__serial.a(uart_mchp_xec.c.obj)
 *(SORT_BY_ALIGNMENT(.z_devstate.*))
                0x0000000000118058                __device_states_end = .

log_mpsc_pbuf_area
                0x0000000000118058        0x0 load address 0x00000000000e3ce0
                0x0000000000118058                _log_mpsc_pbuf_list_start = .
 *(SORT_BY_NAME(SORT_BY_ALIGNMENT(._log_mpsc_pbuf.static.*)))
                0x0000000000118058                _log_mpsc_pbuf_list_end = .

log_msg_ptr_area
                0x0000000000118058        0x0 load address 0x00000000000e3ce0
                0x0000000000118058                _log_msg_ptr_list_start = .
 *(SORT_BY_NAME(SORT_BY_ALIGNMENT(._log_msg_ptr.static.*)))
                0x0000000000118058                _log_msg_ptr_list_end = .

log_dynamic_area
                0x0000000000118058        0x0 load address 0x00000000000e3ce0
                0x0000000000118058                _log_dynamic_list_start = .
 *(SORT_BY_NAME(SORT_BY_ALIGNMENT(._log_dynamic.static.*)))
                0x0000000000118058                _log_dynamic_list_end = .

k_timer_area    0x0000000000118058        0x0 load address 0x00000000000e3ce0
                0x0000000000118058                _k_timer_list_start = .
 *(SORT_BY_NAME(SORT_BY_ALIGNMENT(._k_timer.static.*)))
                0x0000000000118058                _k_timer_list_end = .

k_mem_slab_area
                0x0000000000118058        0x0 load address 0x00000000000e3ce0
                0x0000000000118058                _k_mem_slab_list_start = .
 *(SORT_BY_NAME(SORT_BY_ALIGNMENT(._k_mem_slab.static.*)))
                0x0000000000118058                _k_mem_slab_list_end = .

k_heap_area     0x0000000000118058        0x0 load address 0x00000000000e3ce0
                0x0000000000118058                _k_heap_list_start = .
 *(SORT_BY_NAME(SORT_BY_ALIGNMENT(._k_heap.static.*)))
                0x0000000000118058                _k_heap_list_end = .

k_mutex_area    0x0000000000118058        0x0 load address 0x00000000000e3ce0
                0x0000000000118058                _k_mutex_list_start = .
 *(SORT_BY_NAME(SORT_BY_ALIGNMENT(._k_mutex.static.*)))
                0x0000000000118058                _k_mutex_list_end = .

k_stack_area    0x0000000000118058        0x0 load address 0x00000000000e3ce0
                0x0000000000118058                _k_stack_list_start = .
 *(SORT_BY_NAME(SORT_BY_ALIGNMENT(._k_stack.static.*)))
                0x0000000000118058                _k_stack_list_end = .

k_msgq_area     0x0000000000118058        0x0 load address 0x00000000000e3ce0
                0x0000000000118058                _k_msgq_list_start = .
 *(SORT_BY_NAME(SORT_BY_ALIGNMENT(._k_msgq.static.*)))
                0x0000000000118058                _k_msgq_list_end = .

k_mbox_area     0x0000000000118058        0x0 load address 0x00000000000e3ce0
                0x0000000000118058                _k_mbox_list_start = .
 *(SORT_BY_NAME(SORT_BY_ALIGNMENT(._k_mbox.static.*)))
                0x0000000000118058                _k_mbox_list_end = .

k_pipe_area     0x0000000000118058        0x0 load address 0x00000000000e3ce0
                0x0000000000118058                _k_pipe_list_start = .
 *(SORT_BY_NAME(SORT_BY_ALIGNMENT(._k_pipe.static.*)))
                0x0000000000118058                _k_pipe_list_end = .

k_sem_area      0x0000000000118058        0x0 load address 0x00000000000e3ce0
                0x0000000000118058                _k_sem_list_start = .
 *(SORT_BY_NAME(SORT_BY_ALIGNMENT(._k_sem.static.*)))
                0x0000000000118058                _k_sem_list_end = .

k_event_area    0x0000000000118058        0x0 load address 0x00000000000e3ce0
                0x0000000000118058                _k_event_list_start = .
 *(SORT_BY_NAME(SORT_BY_ALIGNMENT(._k_event.static.*)))
                0x0000000000118058                _k_event_list_end = .

k_queue_area    0x0000000000118058        0x0 load address 0x00000000000e3ce0
                0x0000000000118058                _k_queue_list_start = .
 *(SORT_BY_NAME(SORT_BY_ALIGNMENT(._k_queue.static.*)))
                0x0000000000118058                _k_queue_list_end = .

k_fifo_area     0x0000000000118058        0x0 load address 0x00000000000e3ce0
                0x0000000000118058                _k_fifo_list_start = .
 *(SORT_BY_NAME(SORT_BY_ALIGNMENT(._k_fifo.static.*)))
                0x0000000000118058                _k_fifo_list_end = .

k_lifo_area     0x0000000000118058        0x0 load address 0x00000000000e3ce0
                0x0000000000118058                _k_lifo_list_start = .
 *(SORT_BY_NAME(SORT_BY_ALIGNMENT(._k_lifo.static.*)))
                0x0000000000118058                _k_lifo_list_end = .

k_condvar_area  0x0000000000118058        0x0 load address 0x00000000000e3ce0
                0x0000000000118058                _k_condvar_list_start = .
 *(SORT_BY_NAME(SORT_BY_ALIGNMENT(._k_condvar.static.*)))
                0x0000000000118058                _k_condvar_list_end = .

sys_mem_blocks_ptr_area
                0x0000000000118058        0x0 load address 0x00000000000e3ce0
                0x0000000000118058                _sys_mem_blocks_ptr_list_start = .
 *(SORT_BY_NAME(SORT_BY_ALIGNMENT(._sys_mem_blocks_ptr.static.*)))
                0x0000000000118058                _sys_mem_blocks_ptr_list_end = .

net_buf_pool_area
                0x0000000000118058        0x0 load address 0x00000000000e3ce0
                0x0000000000118058                _net_buf_pool_list_start = .
 *(SORT_BY_NAME(SORT_BY_ALIGNMENT(._net_buf_pool.static.*)))
                0x0000000000118058                _net_buf_pool_list_end = .
                0x0000000000118058                __data_region_end = .

bss             0x0000000000118058      0x25d
                0x0000000000118058                . = ALIGN (0x4)
                0x0000000000118058                __bss_start = .
                0x0000000000118058                __kernel_ram_start = .
 *(SORT_BY_ALIGNMENT(.bss))
 *(SORT_BY_ALIGNMENT(.bss.*))
 .bss.z_idle_threads
                0x0000000000118058       0x70 zephyr/kernel/libkernel.a(init.c.obj)
                0x0000000000118058                z_idle_threads
 .bss.z_main_thread
                0x00000000001180c8       0x70 zephyr/kernel/libkernel.a(init.c.obj)
                0x00000000001180c8                z_main_thread
 .bss._thread_dummy
                0x0000000000118138       0x70 zephyr/kernel/libkernel.a(sched.c.obj)
                0x0000000000118138                _thread_dummy
 .bss.slice_timeouts
                0x00000000001181a8       0x18 zephyr/kernel/libkernel.a(timeslicing.c.obj)
 .bss.curr_tick
                0x00000000001181c0        0x8 zephyr/kernel/libkernel.a(timeout.c.obj)
 .bss.button_cb_data
                0x00000000001181c8        0xc app/libapp.a(main.c.obj)
 .bss.timers    0x00000000001181d4       0x14 zephyr/libzephyr.a(device_power.c.obj)
 .bss.ecs       0x00000000001181e8        0x4 zephyr/libzephyr.a(device_power.c.obj)
 .bss.z_cpus_pm_forced_state
                0x00000000001181ec        0xc zephyr/libzephyr.a(pm.c.obj)
 .bss.z_cpus_pm_state
                0x00000000001181f8        0xc zephyr/libzephyr.a(pm.c.obj)
 .bss.pm_notifiers
                0x0000000000118204        0x8 zephyr/libzephyr.a(pm.c.obj)
 .bss.z_post_ops_required
                0x000000000011820c        0x4 zephyr/libzephyr.a(pm.c.obj)
 .bss.next_event
                0x0000000000118210        0x4 zephyr/libzephyr.a(policy.c.obj)
 .bss.z_arm_tls_ptr
                0x0000000000118214        0x4 zephyr/arch/arch/arm/core/libarch__arm__core.a(tls.c.obj)
                0x0000000000118214                z_arm_tls_ptr
 .bss._stdout_hook
                0x0000000000118218        0x4 zephyr/lib/libc/picolibc/liblib__libc__picolibc.a(libc-hooks.c.obj)
 .bss.z_malloc_heap
                0x000000000011821c        0xc zephyr/lib/libc/common/liblib__libc__common.a(malloc.c.obj)
 .bss.gpio_xec_port240_276_data
                0x0000000000118228        0xc zephyr/drivers/gpio/libdrivers__gpio.a(gpio_mchp_xec.c.obj)
 .bss.gpio_xec_port200_236_data
                0x0000000000118234        0xc zephyr/drivers/gpio/libdrivers__gpio.a(gpio_mchp_xec.c.obj)
 .bss.gpio_xec_port140_176_data
                0x0000000000118240        0xc zephyr/drivers/gpio/libdrivers__gpio.a(gpio_mchp_xec.c.obj)
 .bss.gpio_xec_port100_136_data
                0x000000000011824c        0xc zephyr/drivers/gpio/libdrivers__gpio.a(gpio_mchp_xec.c.obj)
 .bss.gpio_xec_port040_076_data
                0x0000000000118258        0xc zephyr/drivers/gpio/libdrivers__gpio.a(gpio_mchp_xec.c.obj)
 .bss.gpio_xec_port000_036_data
                0x0000000000118264        0xc zephyr/drivers/gpio/libdrivers__gpio.a(gpio_mchp_xec.c.obj)
 .bss.last_announcement
                0x0000000000118270        0x4 zephyr/drivers/timer/libdrivers__timer.a(mchp_xec_rtos_timer.c.obj)
 .bss.total_cycles
                0x0000000000118274        0x4 zephyr/drivers/timer/libdrivers__timer.a(mchp_xec_rtos_timer.c.obj)
 .bss._cpus_active
                0x0000000000118278        0x4 zephyr/kernel/libkernel.a(init.c.obj)
                0x0000000000118278                _cpus_active
 .bss._kernel   0x000000000011827c       0x24 zephyr/kernel/libkernel.a(init.c.obj)
                0x000000000011827c                _kernel
 .bss.pending_current
                0x00000000001182a0        0x4 zephyr/kernel/libkernel.a(timeslicing.c.obj)
                0x00000000001182a0                pending_current
 .bss.slice_max_prio
                0x00000000001182a4        0x4 zephyr/kernel/libkernel.a(timeslicing.c.obj)
 .bss.slice_ticks
                0x00000000001182a8        0x4 zephyr/kernel/libkernel.a(timeslicing.c.obj)
 .bss.announce_remaining
                0x00000000001182ac        0x4 zephyr/kernel/libkernel.a(timeout.c.obj)
 .bss.uart_activate
                0x00000000001182b0        0x3 zephyr/libzephyr.a(device_power.c.obj)
 .bss.z_sys_post_kernel
                0x00000000001182b3        0x1 zephyr/kernel/libkernel.a(init.c.obj)
                0x00000000001182b3                z_sys_post_kernel
 .bss._sched_spinlock
                0x00000000001182b4        0x0 zephyr/kernel/libkernel.a(sched.c.obj)
                0x00000000001182b4                _sched_spinlock
 .bss.slice_expired
                0x00000000001182b4        0x1 zephyr/kernel/libkernel.a(timeslicing.c.obj)
 *(SORT_BY_ALIGNMENT(COMMON))
 *(SORT_BY_ALIGNMENT(.kernel_bss.*))
                0x00000000001182b8                __bss_end = ALIGN (0x4)

noinit          0x00000000001182b8      0xd00
 *(SORT_BY_ALIGNMENT(.noinit))
 *(SORT_BY_ALIGNMENT(.noinit.*))
 .noinit."WEST_TOPDIR/zephyr/kernel/init.c".2
                0x00000000001182b8      0x800 zephyr/kernel/libkernel.a(init.c.obj)
                0x00000000001182b8                z_interrupt_stacks
 .noinit."WEST_TOPDIR/zephyr/kernel/init.c".1
                0x0000000000118ab8      0x100 zephyr/kernel/libkernel.a(init.c.obj)
 .noinit."WEST_TOPDIR/zephyr/kernel/init.c".0
                0x0000000000118bb8      0x400 zephyr/kernel/libkernel.a(init.c.obj)
                0x0000000000118bb8                z_main_stack
 *(SORT_BY_ALIGNMENT(.kernel_noinit.*))
                0x0000000000120000                __kernel_ram_end = 0x120000
                0x0000000000007fa8                __kernel_ram_size = (__kernel_ram_end - __kernel_ram_start)

/DISCARD/
 *(SORT_BY_ALIGNMENT(.irq_info*))
 *(SORT_BY_ALIGNMENT(.intList*))

.last_ram_section
                0x0000000000118fb8        0x0
                0x0000000000118fb8                _image_ram_end = .
                0x0000000000000fb8                _image_ram_size = (_image_ram_end - _image_ram_start)
                0x0000000000118fb8                _end = .
                0x0000000000118fb8                z_mapped_end = .

.stab
 *(SORT_BY_ALIGNMENT(.stab))

.stabstr
 *(SORT_BY_ALIGNMENT(.stabstr))

.stab.excl
 *(SORT_BY_ALIGNMENT(.stab.excl))

.stab.exclstr
 *(SORT_BY_ALIGNMENT(.stab.exclstr))

.stab.index
 *(SORT_BY_ALIGNMENT(.stab.index))

.stab.indexstr
 *(SORT_BY_ALIGNMENT(.stab.indexstr))

.gnu.build.attributes
 *(SORT_BY_ALIGNMENT(.gnu.build.attributes) SORT_BY_ALIGNMENT(.gnu.build.attributes.*))

.comment        0x0000000000000000       0x20
 *(SORT_BY_ALIGNMENT(.comment))
 .comment       0x0000000000000000       0x20 zephyr/CMakeFiles/zephyr_final.dir/isr_tables.c.obj
                                         0x21 (size before relaxing)
 .comment       0x0000000000000020       0x21 zephyr/CMakeFiles/offsets.dir/./arch/arm/core/offsets/offsets.c.obj
 .comment       0x0000000000000020       0x21 app/libapp.a(main.c.obj)
 .comment       0x0000000000000020       0x21 zephyr/libzephyr.a(heap.c.obj)
 .comment       0x0000000000000020       0x21 zephyr/libzephyr.a(printk.c.obj)
 .comment       0x0000000000000020       0x21 zephyr/libzephyr.a(thread_entry.c.obj)
 .comment       0x0000000000000020       0x21 zephyr/libzephyr.a(configs.c.obj)
 .comment       0x0000000000000020       0x21 zephyr/libzephyr.a(soc.c.obj)
 .comment       0x0000000000000020       0x21 zephyr/libzephyr.a(device_power.c.obj)
 .comment       0x0000000000000020       0x21 zephyr/libzephyr.a(power.c.obj)
 .comment       0x0000000000000020       0x21 zephyr/libzephyr.a(pm.c.obj)
 .comment       0x0000000000000020       0x21 zephyr/libzephyr.a(policy.c.obj)
 .comment       0x0000000000000020       0x21 zephyr/libzephyr.a(state.c.obj)
 .comment       0x0000000000000020       0x21 zephyr/arch/arch/arm/core/libarch__arm__core.a(fatal.c.obj)
 .comment       0x0000000000000020       0x21 zephyr/arch/arch/arm/core/libarch__arm__core.a(nmi.c.obj)
 .comment       0x0000000000000020       0x21 zephyr/arch/arch/arm/core/libarch__arm__core.a(tls.c.obj)
 .comment       0x0000000000000020       0x21 zephyr/arch/arch/arm/core/cortex_m/libarch__arm__core__cortex_m.a(exc_exit.c.obj)
 .comment       0x0000000000000020       0x21 zephyr/arch/arch/arm/core/cortex_m/libarch__arm__core__cortex_m.a(fault.c.obj)
 .comment       0x0000000000000020       0x21 zephyr/arch/arch/arm/core/cortex_m/libarch__arm__core__cortex_m.a(thread_abort.c.obj)
 .comment       0x0000000000000020       0x21 zephyr/arch/arch/arm/core/cortex_m/libarch__arm__core__cortex_m.a(swap.c.obj)
 .comment       0x0000000000000020       0x21 zephyr/arch/arch/arm/core/cortex_m/libarch__arm__core__cortex_m.a(irq_manage.c.obj)
 .comment       0x0000000000000020       0x21 zephyr/arch/arch/arm/core/cortex_m/libarch__arm__core__cortex_m.a(prep_c.c.obj)
 .comment       0x0000000000000020       0x21 zephyr/arch/arch/arm/core/cortex_m/libarch__arm__core__cortex_m.a(thread.c.obj)
 .comment       0x0000000000000020       0x21 zephyr/arch/arch/arm/core/cortex_m/libarch__arm__core__cortex_m.a(cpu_idle.c.obj)
 .comment       0x0000000000000020       0x21 zephyr/arch/arch/arm/core/cortex_m/libarch__arm__core__cortex_m.a(irq_init.c.obj)
 .comment       0x0000000000000020       0x21 zephyr/arch/arch/arm/core/cortex_m/libarch__arm__core__cortex_m.a(isr_wrapper.c.obj)
 .comment       0x0000000000000020       0x21 zephyr/lib/libc/picolibc/liblib__libc__picolibc.a(libc-hooks.c.obj)
 .comment       0x0000000000000020       0x21 zephyr/lib/libc/common/liblib__libc__common.a(malloc.c.obj)
 .comment       0x0000000000000020       0x21 zephyr/drivers/clock_control/libdrivers__clock_control.a(clock_control_mchp_xec.c.obj)
 .comment       0x0000000000000020       0x21 zephyr/drivers/console/libdrivers__console.a(uart_console.c.obj)
 .comment       0x0000000000000020       0x21 zephyr/drivers/gpio/libdrivers__gpio.a(gpio_mchp_xec.c.obj)
 .comment       0x0000000000000020       0x21 zephyr/drivers/pinctrl/libdrivers__pinctrl.a(common.c.obj)
 .comment       0x0000000000000020       0x21 zephyr/drivers/pinctrl/libdrivers__pinctrl.a(pinctrl_mchp_xec.c.obj)
 .comment       0x0000000000000020       0x21 zephyr/drivers/serial/libdrivers__serial.a(uart_mchp_xec.c.obj)
 .comment       0x0000000000000020       0x21 zephyr/drivers/timer/libdrivers__timer.a(mchp_xec_rtos_timer.c.obj)
 .comment       0x0000000000000020       0x21 zephyr/kernel/libkernel.a(device.c.obj)
 .comment       0x0000000000000020       0x21 zephyr/kernel/libkernel.a(fatal.c.obj)
 .comment       0x0000000000000020       0x21 zephyr/kernel/libkernel.a(init.c.obj)
 .comment       0x0000000000000020       0x21 zephyr/kernel/libkernel.a(init_static.c.obj)
 .comment       0x0000000000000020       0x21 zephyr/kernel/libkernel.a(idle.c.obj)
 .comment       0x0000000000000020       0x21 zephyr/kernel/libkernel.a(thread.c.obj)
 .comment       0x0000000000000020       0x21 zephyr/kernel/libkernel.a(sched.c.obj)
 .comment       0x0000000000000020       0x21 zephyr/kernel/libkernel.a(timeslicing.c.obj)
 .comment       0x0000000000000020       0x21 zephyr/kernel/libkernel.a(xip.c.obj)
 .comment       0x0000000000000020       0x21 zephyr/kernel/libkernel.a(timeout.c.obj)
 .comment       0x0000000000000020       0x21 zephyr/kernel/libkernel.a(banner.c.obj)

.debug
 *(SORT_BY_ALIGNMENT(.debug))

.line
 *(SORT_BY_ALIGNMENT(.line))

.debug_srcinfo
 *(SORT_BY_ALIGNMENT(.debug_srcinfo))

.debug_sfnames
 *(SORT_BY_ALIGNMENT(.debug_sfnames))

.debug_aranges  0x0000000000000000      0xd98
 *(SORT_BY_ALIGNMENT(.debug_aranges))
 .debug_aranges
                0x0000000000000000       0x20 zephyr/arch/arch/arm/core/libarch__arm__core.a(nmi_on_reset.S.obj)
 .debug_aranges
                0x0000000000000020       0x20 zephyr/arch/arch/arm/core/cortex_m/libarch__arm__core__cortex_m.a(fault_s.S.obj)
 .debug_aranges
                0x0000000000000040       0x20 zephyr/arch/arch/arm/core/cortex_m/libarch__arm__core__cortex_m.a(reset.S.obj)
 .debug_aranges
                0x0000000000000060       0x28 zephyr/arch/arch/arm/core/cortex_m/libarch__arm__core__cortex_m.a(swap_helper.S.obj)
 .debug_aranges
                0x0000000000000088       0x20 zephyr/arch/arch/arm/core/cortex_m/libarch__arm__core__cortex_m.a(__aeabi_read_tp.S.obj)
 .debug_aranges
                0x00000000000000a8       0x18 zephyr/CMakeFiles/zephyr_final.dir/isr_tables.c.obj
 .debug_aranges
                0x00000000000000c0       0x20 zephyr/CMakeFiles/offsets.dir/./arch/arm/core/offsets/offsets.c.obj
 .debug_aranges
                0x00000000000000e0       0x30 app/libapp.a(main.c.obj)
 .debug_aranges
                0x0000000000000110       0x88 zephyr/libzephyr.a(heap.c.obj)
 .debug_aranges
                0x0000000000000198       0x50 zephyr/libzephyr.a(printk.c.obj)
 .debug_aranges
                0x00000000000001e8       0x20 zephyr/libzephyr.a(thread_entry.c.obj)
 .debug_aranges
                0x0000000000000208       0x20 zephyr/libzephyr.a(configs.c.obj)
 .debug_aranges
                0x0000000000000228       0x20 zephyr/libzephyr.a(soc.c.obj)
 .debug_aranges
                0x0000000000000248       0x58 zephyr/libzephyr.a(device_power.c.obj)
 .debug_aranges
                0x00000000000002a0       0x28 zephyr/libzephyr.a(power.c.obj)
 .debug_aranges
                0x00000000000002c8       0x68 zephyr/libzephyr.a(pm.c.obj)
 .debug_aranges
                0x0000000000000330       0xa8 zephyr/libzephyr.a(policy.c.obj)
 .debug_aranges
                0x00000000000003d8       0x20 zephyr/libzephyr.a(state.c.obj)
 .debug_aranges
                0x00000000000003f8       0x30 zephyr/arch/arch/arm/core/libarch__arm__core.a(fatal.c.obj)
 .debug_aranges
                0x0000000000000428       0x20 zephyr/arch/arch/arm/core/libarch__arm__core.a(nmi.c.obj)
 .debug_aranges
                0x0000000000000448       0x20 zephyr/arch/arch/arm/core/libarch__arm__core.a(tls.c.obj)
 .debug_aranges
                0x0000000000000468       0x20 zephyr/arch/arch/arm/core/cortex_m/libarch__arm__core__cortex_m.a(exc_exit.c.obj)
 .debug_aranges
                0x0000000000000488       0x40 zephyr/arch/arch/arm/core/cortex_m/libarch__arm__core__cortex_m.a(fault.c.obj)
 .debug_aranges
                0x00000000000004c8       0x20 zephyr/arch/arch/arm/core/cortex_m/libarch__arm__core__cortex_m.a(thread_abort.c.obj)
 .debug_aranges
                0x00000000000004e8       0x28 zephyr/arch/arch/arm/core/cortex_m/libarch__arm__core__cortex_m.a(swap.c.obj)
 .debug_aranges
                0x0000000000000510       0x48 zephyr/arch/arch/arm/core/cortex_m/libarch__arm__core__cortex_m.a(irq_manage.c.obj)
 .debug_aranges
                0x0000000000000558       0x20 zephyr/arch/arch/arm/core/cortex_m/libarch__arm__core__cortex_m.a(prep_c.c.obj)
 .debug_aranges
                0x0000000000000578       0x38 zephyr/arch/arch/arm/core/cortex_m/libarch__arm__core__cortex_m.a(thread.c.obj)
 .debug_aranges
                0x00000000000005b0       0x30 zephyr/arch/arch/arm/core/cortex_m/libarch__arm__core__cortex_m.a(cpu_idle.c.obj)
 .debug_aranges
                0x00000000000005e0       0x20 zephyr/arch/arch/arm/core/cortex_m/libarch__arm__core__cortex_m.a(irq_init.c.obj)
 .debug_aranges
                0x0000000000000600       0x20 zephyr/arch/arch/arm/core/cortex_m/libarch__arm__core__cortex_m.a(isr_wrapper.c.obj)
 .debug_aranges
                0x0000000000000620       0xb0 zephyr/lib/libc/picolibc/liblib__libc__picolibc.a(libc-hooks.c.obj)
 .debug_aranges
                0x00000000000006d0       0x60 zephyr/lib/libc/common/liblib__libc__common.a(malloc.c.obj)
 .debug_aranges
                0x0000000000000730       0x70 zephyr/drivers/clock_control/libdrivers__clock_control.a(clock_control_mchp_xec.c.obj)
 .debug_aranges
                0x00000000000007a0       0x30 zephyr/drivers/console/libdrivers__console.a(uart_console.c.obj)
 .debug_aranges
                0x00000000000007d0       0x90 zephyr/drivers/gpio/libdrivers__gpio.a(gpio_mchp_xec.c.obj)
 .debug_aranges
                0x0000000000000860       0x20 zephyr/drivers/pinctrl/libdrivers__pinctrl.a(common.c.obj)
 .debug_aranges
                0x0000000000000880       0x20 zephyr/drivers/pinctrl/libdrivers__pinctrl.a(pinctrl_mchp_xec.c.obj)
 .debug_aranges
                0x00000000000008a0       0x48 zephyr/drivers/serial/libdrivers__serial.a(uart_mchp_xec.c.obj)
 .debug_aranges
                0x00000000000008e8       0x68 zephyr/drivers/timer/libdrivers__timer.a(mchp_xec_rtos_timer.c.obj)
 .debug_aranges
                0x0000000000000950       0x38 zephyr/kernel/libkernel.a(device.c.obj)
 .debug_aranges
                0x0000000000000988       0x38 zephyr/kernel/libkernel.a(fatal.c.obj)
 .debug_aranges
                0x00000000000009c0       0x68 zephyr/kernel/libkernel.a(init.c.obj)
 .debug_aranges
                0x0000000000000a28       0x20 zephyr/kernel/libkernel.a(init_static.c.obj)
 .debug_aranges
                0x0000000000000a48       0x28 zephyr/kernel/libkernel.a(idle.c.obj)
 .debug_aranges
                0x0000000000000a70       0x90 zephyr/kernel/libkernel.a(thread.c.obj)
 .debug_aranges
                0x0000000000000b00      0x188 zephyr/kernel/libkernel.a(sched.c.obj)
 .debug_aranges
                0x0000000000000c88       0x40 zephyr/kernel/libkernel.a(timeslicing.c.obj)
 .debug_aranges
                0x0000000000000cc8       0x20 zephyr/kernel/libkernel.a(xip.c.obj)
 .debug_aranges
                0x0000000000000ce8       0x90 zephyr/kernel/libkernel.a(timeout.c.obj)
 .debug_aranges
                0x0000000000000d78       0x20 zephyr/kernel/libkernel.a(banner.c.obj)

.debug_pubnames
 *(SORT_BY_ALIGNMENT(.debug_pubnames))

.debug_info     0x0000000000000000    0x291c3
 *(SORT_BY_ALIGNMENT(.debug_info) SORT_BY_ALIGNMENT(.gnu.linkonce.wi.*))
 .debug_info    0x0000000000000000      0x189 zephyr/CMakeFiles/zephyr_final.dir/isr_tables.c.obj
 .debug_info    0x0000000000000189       0xdc zephyr/CMakeFiles/offsets.dir/./arch/arm/core/offsets/offsets.c.obj
 .debug_info    0x0000000000000265     0x1386 app/libapp.a(main.c.obj)
 .debug_info    0x00000000000015eb     0x2fe1 zephyr/libzephyr.a(heap.c.obj)
 .debug_info    0x00000000000045cc      0x591 zephyr/libzephyr.a(printk.c.obj)
 .debug_info    0x0000000000004b5d      0x70d zephyr/libzephyr.a(thread_entry.c.obj)
 .debug_info    0x000000000000526a       0x38 zephyr/libzephyr.a(configs.c.obj)
 .debug_info    0x00000000000052a2      0xc94 zephyr/libzephyr.a(soc.c.obj)
 .debug_info    0x0000000000005f36      0xc1b zephyr/libzephyr.a(device_power.c.obj)
 .debug_info    0x0000000000006b51      0x675 zephyr/libzephyr.a(power.c.obj)
 .debug_info    0x00000000000071c6     0x1c22 zephyr/libzephyr.a(pm.c.obj)
 .debug_info    0x0000000000008de8     0x23c4 zephyr/libzephyr.a(policy.c.obj)
 .debug_info    0x000000000000b1ac      0x239 zephyr/libzephyr.a(state.c.obj)
 .debug_info    0x000000000000b3e5      0x6b5 zephyr/arch/arch/arm/core/libarch__arm__core.a(fatal.c.obj)
 .debug_info    0x000000000000ba9a       0xb6 zephyr/arch/arch/arm/core/libarch__arm__core.a(nmi.c.obj)
 .debug_info    0x000000000000bb50       0x23 zephyr/arch/arch/arm/core/libarch__arm__core.a(nmi_on_reset.S.obj)
 .debug_info    0x000000000000bb73      0x6e7 zephyr/arch/arch/arm/core/libarch__arm__core.a(tls.c.obj)
 .debug_info    0x000000000000c25a      0x78c zephyr/arch/arch/arm/core/cortex_m/libarch__arm__core__cortex_m.a(exc_exit.c.obj)
 .debug_info    0x000000000000c9e6     0x14b1 zephyr/arch/arch/arm/core/cortex_m/libarch__arm__core__cortex_m.a(fault.c.obj)
 .debug_info    0x000000000000de97       0x23 zephyr/arch/arch/arm/core/cortex_m/libarch__arm__core__cortex_m.a(fault_s.S.obj)
 .debug_info    0x000000000000deba       0x23 zephyr/arch/arch/arm/core/cortex_m/libarch__arm__core__cortex_m.a(reset.S.obj)
 .debug_info    0x000000000000dedd      0x833 zephyr/arch/arch/arm/core/cortex_m/libarch__arm__core__cortex_m.a(thread_abort.c.obj)
 .debug_info    0x000000000000e710      0x9d8 zephyr/arch/arch/arm/core/cortex_m/libarch__arm__core__cortex_m.a(swap.c.obj)
 .debug_info    0x000000000000f0e8       0x22 zephyr/arch/arch/arm/core/cortex_m/libarch__arm__core__cortex_m.a(swap_helper.S.obj)
 .debug_info    0x000000000000f10a     0x100e zephyr/arch/arch/arm/core/cortex_m/libarch__arm__core__cortex_m.a(irq_manage.c.obj)
 .debug_info    0x0000000000010118      0x3d8 zephyr/arch/arch/arm/core/cortex_m/libarch__arm__core__cortex_m.a(prep_c.c.obj)
 .debug_info    0x00000000000104f0      0xa6e zephyr/arch/arch/arm/core/cortex_m/libarch__arm__core__cortex_m.a(thread.c.obj)
 .debug_info    0x0000000000010f5e      0x48b zephyr/arch/arch/arm/core/cortex_m/libarch__arm__core__cortex_m.a(cpu_idle.c.obj)
 .debug_info    0x00000000000113e9      0x7aa zephyr/arch/arch/arm/core/cortex_m/libarch__arm__core__cortex_m.a(irq_init.c.obj)
 .debug_info    0x0000000000011b93      0x6f9 zephyr/arch/arch/arm/core/cortex_m/libarch__arm__core__cortex_m.a(isr_wrapper.c.obj)
 .debug_info    0x000000000001228c       0x23 zephyr/arch/arch/arm/core/cortex_m/libarch__arm__core__cortex_m.a(__aeabi_read_tp.S.obj)
 .debug_info    0x00000000000122af      0xf3a zephyr/lib/libc/picolibc/liblib__libc__picolibc.a(libc-hooks.c.obj)
 .debug_info    0x00000000000131e9      0xdbf zephyr/lib/libc/common/liblib__libc__common.a(malloc.c.obj)
 .debug_info    0x0000000000013fa8     0x19bd zephyr/drivers/clock_control/libdrivers__clock_control.a(clock_control_mchp_xec.c.obj)
 .debug_info    0x0000000000015965      0x812 zephyr/drivers/console/libdrivers__console.a(uart_console.c.obj)
 .debug_info    0x0000000000016177     0x1934 zephyr/drivers/gpio/libdrivers__gpio.a(gpio_mchp_xec.c.obj)
 .debug_info    0x0000000000017aab      0x18a zephyr/drivers/pinctrl/libdrivers__pinctrl.a(common.c.obj)
 .debug_info    0x0000000000017c35      0x4be zephyr/drivers/pinctrl/libdrivers__pinctrl.a(pinctrl_mchp_xec.c.obj)
 .debug_info    0x00000000000180f3     0x16c4 zephyr/drivers/serial/libdrivers__serial.a(uart_mchp_xec.c.obj)
 .debug_info    0x00000000000197b7     0x1992 zephyr/drivers/timer/libdrivers__timer.a(mchp_xec_rtos_timer.c.obj)
 .debug_info    0x000000000001b149      0x343 zephyr/kernel/libkernel.a(device.c.obj)
 .debug_info    0x000000000001b48c      0xcb7 zephyr/kernel/libkernel.a(fatal.c.obj)
 .debug_info    0x000000000001c143     0x2093 zephyr/kernel/libkernel.a(init.c.obj)
 .debug_info    0x000000000001e1d6       0x38 zephyr/kernel/libkernel.a(init_static.c.obj)
 .debug_info    0x000000000001e20e      0x868 zephyr/kernel/libkernel.a(idle.c.obj)
 .debug_info    0x000000000001ea76     0x156e zephyr/kernel/libkernel.a(thread.c.obj)
 .debug_info    0x000000000001ffe4     0x64aa zephyr/kernel/libkernel.a(sched.c.obj)
 .debug_info    0x000000000002648e      0xf4a zephyr/kernel/libkernel.a(timeslicing.c.obj)
 .debug_info    0x00000000000273d8      0x142 zephyr/kernel/libkernel.a(xip.c.obj)
 .debug_info    0x000000000002751a     0x1be4 zephyr/kernel/libkernel.a(timeout.c.obj)
 .debug_info    0x00000000000290fe       0xc5 zephyr/kernel/libkernel.a(banner.c.obj)

.debug_abbrev   0x0000000000000000     0x8a58
 *(SORT_BY_ALIGNMENT(.debug_abbrev))
 .debug_abbrev  0x0000000000000000      0x118 zephyr/CMakeFiles/zephyr_final.dir/isr_tables.c.obj
 .debug_abbrev  0x0000000000000118       0x62 zephyr/CMakeFiles/offsets.dir/./arch/arm/core/offsets/offsets.c.obj
 .debug_abbrev  0x000000000000017a      0x44d app/libapp.a(main.c.obj)
 .debug_abbrev  0x00000000000005c7      0x434 zephyr/libzephyr.a(heap.c.obj)
 .debug_abbrev  0x00000000000009fb      0x2e2 zephyr/libzephyr.a(printk.c.obj)
 .debug_abbrev  0x0000000000000cdd      0x2bc zephyr/libzephyr.a(thread_entry.c.obj)
 .debug_abbrev  0x0000000000000f99       0x2e zephyr/libzephyr.a(configs.c.obj)
 .debug_abbrev  0x0000000000000fc7      0x33b zephyr/libzephyr.a(soc.c.obj)
 .debug_abbrev  0x0000000000001302      0x295 zephyr/libzephyr.a(device_power.c.obj)
 .debug_abbrev  0x0000000000001597      0x1d3 zephyr/libzephyr.a(power.c.obj)
 .debug_abbrev  0x000000000000176a      0x570 zephyr/libzephyr.a(pm.c.obj)
 .debug_abbrev  0x0000000000001cda      0x582 zephyr/libzephyr.a(policy.c.obj)
 .debug_abbrev  0x000000000000225c       0xf8 zephyr/libzephyr.a(state.c.obj)
 .debug_abbrev  0x0000000000002354      0x2a4 zephyr/arch/arch/arm/core/libarch__arm__core.a(fatal.c.obj)
 .debug_abbrev  0x00000000000025f8       0x70 zephyr/arch/arch/arm/core/libarch__arm__core.a(nmi.c.obj)
 .debug_abbrev  0x0000000000002668       0x14 zephyr/arch/arch/arm/core/libarch__arm__core.a(nmi_on_reset.S.obj)
 .debug_abbrev  0x000000000000267c      0x2a1 zephyr/arch/arch/arm/core/libarch__arm__core.a(tls.c.obj)
 .debug_abbrev  0x000000000000291d      0x17f zephyr/arch/arch/arm/core/cortex_m/libarch__arm__core__cortex_m.a(exc_exit.c.obj)
 .debug_abbrev  0x0000000000002a9c      0x411 zephyr/arch/arch/arm/core/cortex_m/libarch__arm__core__cortex_m.a(fault.c.obj)
 .debug_abbrev  0x0000000000002ead       0x14 zephyr/arch/arch/arm/core/cortex_m/libarch__arm__core__cortex_m.a(fault_s.S.obj)
 .debug_abbrev  0x0000000000002ec1       0x14 zephyr/arch/arch/arm/core/cortex_m/libarch__arm__core__cortex_m.a(reset.S.obj)
 .debug_abbrev  0x0000000000002ed5      0x227 zephyr/arch/arch/arm/core/cortex_m/libarch__arm__core__cortex_m.a(thread_abort.c.obj)
 .debug_abbrev  0x00000000000030fc      0x2b0 zephyr/arch/arch/arm/core/cortex_m/libarch__arm__core__cortex_m.a(swap.c.obj)
 .debug_abbrev  0x00000000000033ac       0x12 zephyr/arch/arch/arm/core/cortex_m/libarch__arm__core__cortex_m.a(swap_helper.S.obj)
 .debug_abbrev  0x00000000000033be      0x319 zephyr/arch/arch/arm/core/cortex_m/libarch__arm__core__cortex_m.a(irq_manage.c.obj)
 .debug_abbrev  0x00000000000036d7      0x17d zephyr/arch/arch/arm/core/cortex_m/libarch__arm__core__cortex_m.a(prep_c.c.obj)
 .debug_abbrev  0x0000000000003854      0x365 zephyr/arch/arch/arm/core/cortex_m/libarch__arm__core__cortex_m.a(thread.c.obj)
 .debug_abbrev  0x0000000000003bb9      0x16f zephyr/arch/arch/arm/core/cortex_m/libarch__arm__core__cortex_m.a(cpu_idle.c.obj)
 .debug_abbrev  0x0000000000003d28      0x16a zephyr/arch/arch/arm/core/cortex_m/libarch__arm__core__cortex_m.a(irq_init.c.obj)
 .debug_abbrev  0x0000000000003e92      0x240 zephyr/arch/arch/arm/core/cortex_m/libarch__arm__core__cortex_m.a(isr_wrapper.c.obj)
 .debug_abbrev  0x00000000000040d2       0x14 zephyr/arch/arch/arm/core/cortex_m/libarch__arm__core__cortex_m.a(__aeabi_read_tp.S.obj)
 .debug_abbrev  0x00000000000040e6      0x504 zephyr/lib/libc/picolibc/liblib__libc__picolibc.a(libc-hooks.c.obj)
 .debug_abbrev  0x00000000000045ea      0x463 zephyr/lib/libc/common/liblib__libc__common.a(malloc.c.obj)
 .debug_abbrev  0x0000000000004a4d      0x530 zephyr/drivers/clock_control/libdrivers__clock_control.a(clock_control_mchp_xec.c.obj)
 .debug_abbrev  0x0000000000004f7d      0x399 zephyr/drivers/console/libdrivers__console.a(uart_console.c.obj)
 .debug_abbrev  0x0000000000005316      0x48f zephyr/drivers/gpio/libdrivers__gpio.a(gpio_mchp_xec.c.obj)
 .debug_abbrev  0x00000000000057a5       0xd0 zephyr/drivers/pinctrl/libdrivers__pinctrl.a(common.c.obj)
 .debug_abbrev  0x0000000000005875      0x1b7 zephyr/drivers/pinctrl/libdrivers__pinctrl.a(pinctrl_mchp_xec.c.obj)
 .debug_abbrev  0x0000000000005a2c      0x48e zephyr/drivers/serial/libdrivers__serial.a(uart_mchp_xec.c.obj)
 .debug_abbrev  0x0000000000005eba      0x60a zephyr/drivers/timer/libdrivers__timer.a(mchp_xec_rtos_timer.c.obj)
 .debug_abbrev  0x00000000000064c4      0x1bc zephyr/kernel/libkernel.a(device.c.obj)
 .debug_abbrev  0x0000000000006680      0x3c3 zephyr/kernel/libkernel.a(fatal.c.obj)
 .debug_abbrev  0x0000000000006a43      0x6f1 zephyr/kernel/libkernel.a(init.c.obj)
 .debug_abbrev  0x0000000000007134       0x2e zephyr/kernel/libkernel.a(init_static.c.obj)
 .debug_abbrev  0x0000000000007162      0x2fd zephyr/kernel/libkernel.a(idle.c.obj)
 .debug_abbrev  0x000000000000745f      0x4de zephyr/kernel/libkernel.a(thread.c.obj)
 .debug_abbrev  0x000000000000793d      0x67b zephyr/kernel/libkernel.a(sched.c.obj)
 .debug_abbrev  0x0000000000007fb8      0x42f zephyr/kernel/libkernel.a(timeslicing.c.obj)
 .debug_abbrev  0x00000000000083e7       0xbe zephyr/kernel/libkernel.a(xip.c.obj)
 .debug_abbrev  0x00000000000084a5      0x524 zephyr/kernel/libkernel.a(timeout.c.obj)
 .debug_abbrev  0x00000000000089c9       0x8f zephyr/kernel/libkernel.a(banner.c.obj)

.debug_line     0x0000000000000000    0x141a8
 *(SORT_BY_ALIGNMENT(.debug_line) SORT_BY_ALIGNMENT(.debug_line.*) SORT_BY_ALIGNMENT(.debug_line_end))
 .debug_line    0x0000000000000000      0x170 zephyr/CMakeFiles/zephyr_final.dir/isr_tables.c.obj
 .debug_line    0x0000000000000170      0x133 zephyr/CMakeFiles/offsets.dir/./arch/arm/core/offsets/offsets.c.obj
 .debug_line    0x00000000000002a3      0x77f app/libapp.a(main.c.obj)
 .debug_line    0x0000000000000a22     0x114c zephyr/libzephyr.a(heap.c.obj)
 .debug_line    0x0000000000001b6e      0x3e6 zephyr/libzephyr.a(printk.c.obj)
 .debug_line    0x0000000000001f54      0x3df zephyr/libzephyr.a(thread_entry.c.obj)
 .debug_line    0x0000000000002333      0x1c3 zephyr/libzephyr.a(configs.c.obj)
 .debug_line    0x00000000000024f6      0x356 zephyr/libzephyr.a(soc.c.obj)
 .debug_line    0x000000000000284c      0x45c zephyr/libzephyr.a(device_power.c.obj)
 .debug_line    0x0000000000002ca8      0x439 zephyr/libzephyr.a(power.c.obj)
 .debug_line    0x00000000000030e1      0xce5 zephyr/libzephyr.a(pm.c.obj)
 .debug_line    0x0000000000003dc6     0x12d5 zephyr/libzephyr.a(policy.c.obj)
 .debug_line    0x000000000000509b      0x1ce zephyr/libzephyr.a(state.c.obj)
 .debug_line    0x0000000000005269      0x349 zephyr/arch/arch/arm/core/libarch__arm__core.a(fatal.c.obj)
 .debug_line    0x00000000000055b2       0xbb zephyr/arch/arch/arm/core/libarch__arm__core.a(nmi.c.obj)
 .debug_line    0x000000000000566d       0x6f zephyr/arch/arch/arm/core/libarch__arm__core.a(nmi_on_reset.S.obj)
 .debug_line    0x00000000000056dc      0x408 zephyr/arch/arch/arm/core/libarch__arm__core.a(tls.c.obj)
 .debug_line    0x0000000000005ae4      0x335 zephyr/arch/arch/arm/core/cortex_m/libarch__arm__core__cortex_m.a(exc_exit.c.obj)
 .debug_line    0x0000000000005e19      0x8cd zephyr/arch/arch/arm/core/cortex_m/libarch__arm__core__cortex_m.a(fault.c.obj)
 .debug_line    0x00000000000066e6       0x7c zephyr/arch/arch/arm/core/cortex_m/libarch__arm__core__cortex_m.a(fault_s.S.obj)
 .debug_line    0x0000000000006762       0x81 zephyr/arch/arch/arm/core/cortex_m/libarch__arm__core__cortex_m.a(reset.S.obj)
 .debug_line    0x00000000000067e3      0x3fe zephyr/arch/arch/arm/core/cortex_m/libarch__arm__core__cortex_m.a(thread_abort.c.obj)
 .debug_line    0x0000000000006be1      0x46c zephyr/arch/arch/arm/core/cortex_m/libarch__arm__core__cortex_m.a(swap.c.obj)
 .debug_line    0x000000000000704d       0xb4 zephyr/arch/arch/arm/core/cortex_m/libarch__arm__core__cortex_m.a(swap_helper.S.obj)
 .debug_line    0x0000000000007101      0x592 zephyr/arch/arch/arm/core/cortex_m/libarch__arm__core__cortex_m.a(irq_manage.c.obj)
 .debug_line    0x0000000000007693      0x305 zephyr/arch/arch/arm/core/cortex_m/libarch__arm__core__cortex_m.a(prep_c.c.obj)
 .debug_line    0x0000000000007998      0x574 zephyr/arch/arch/arm/core/cortex_m/libarch__arm__core__cortex_m.a(thread.c.obj)
 .debug_line    0x0000000000007f0c      0x31c zephyr/arch/arch/arm/core/cortex_m/libarch__arm__core__cortex_m.a(cpu_idle.c.obj)
 .debug_line    0x0000000000008228      0x244 zephyr/arch/arch/arm/core/cortex_m/libarch__arm__core__cortex_m.a(irq_init.c.obj)
 .debug_line    0x000000000000846c      0x441 zephyr/arch/arch/arm/core/cortex_m/libarch__arm__core__cortex_m.a(isr_wrapper.c.obj)
 .debug_line    0x00000000000088ad       0x7d zephyr/arch/arch/arm/core/cortex_m/libarch__arm__core__cortex_m.a(__aeabi_read_tp.S.obj)
 .debug_line    0x000000000000892a      0x76b zephyr/lib/libc/picolibc/liblib__libc__picolibc.a(libc-hooks.c.obj)
 .debug_line    0x0000000000009095      0x6c6 zephyr/lib/libc/common/liblib__libc__common.a(malloc.c.obj)
 .debug_line    0x000000000000975b      0xafe zephyr/drivers/clock_control/libdrivers__clock_control.a(clock_control_mchp_xec.c.obj)
 .debug_line    0x000000000000a259      0x3fb zephyr/drivers/console/libdrivers__console.a(uart_console.c.obj)
 .debug_line    0x000000000000a654      0x999 zephyr/drivers/gpio/libdrivers__gpio.a(gpio_mchp_xec.c.obj)
 .debug_line    0x000000000000afed      0x1e2 zephyr/drivers/pinctrl/libdrivers__pinctrl.a(common.c.obj)
 .debug_line    0x000000000000b1cf      0x40b zephyr/drivers/pinctrl/libdrivers__pinctrl.a(pinctrl_mchp_xec.c.obj)
 .debug_line    0x000000000000b5da      0x9e2 zephyr/drivers/serial/libdrivers__serial.a(uart_mchp_xec.c.obj)
 .debug_line    0x000000000000bfbc      0xa4a zephyr/drivers/timer/libdrivers__timer.a(mchp_xec_rtos_timer.c.obj)
 .debug_line    0x000000000000ca06      0x368 zephyr/kernel/libkernel.a(device.c.obj)
 .debug_line    0x000000000000cd6e      0x67a zephyr/kernel/libkernel.a(fatal.c.obj)
 .debug_line    0x000000000000d3e8      0xd08 zephyr/kernel/libkernel.a(init.c.obj)
 .debug_line    0x000000000000e0f0       0x68 zephyr/kernel/libkernel.a(init_static.c.obj)
 .debug_line    0x000000000000e158      0x50c zephyr/kernel/libkernel.a(idle.c.obj)
 .debug_line    0x000000000000e664      0xace zephyr/kernel/libkernel.a(thread.c.obj)